Archive member included to satisfy reference by file (symbol)

c:/st/stm32cubeide_1.6.0/stm32cubeide/plugins/com.st.stm32cube.ide.mcu.externaltools.gnu-tools-for-stm32.10.3-2021.10.win32_1.0.200.202301161003/tools/bin/../lib/gcc/arm-none-eabi/10.3.1/../../../../arm-none-eabi/lib/thumb/v7-m/nofp\libc_nano.a(lib_a-errno.o)
                              ./Core/Src/syscalls.o (__errno)
c:/st/stm32cubeide_1.6.0/stm32cubeide/plugins/com.st.stm32cube.ide.mcu.externaltools.gnu-tools-for-stm32.10.3-2021.10.win32_1.0.200.202301161003/tools/bin/../lib/gcc/arm-none-eabi/10.3.1/../../../../arm-none-eabi/lib/thumb/v7-m/nofp\libc_nano.a(lib_a-exit.o)
                              c:/st/stm32cubeide_1.6.0/stm32cubeide/plugins/com.st.stm32cube.ide.mcu.externaltools.gnu-tools-for-stm32.10.3-2021.10.win32_1.0.200.202301161003/tools/bin/../lib/gcc/arm-none-eabi/10.3.1/../../../../arm-none-eabi/lib/thumb/v7-m/nofp/crt0.o (exit)
c:/st/stm32cubeide_1.6.0/stm32cubeide/plugins/com.st.stm32cube.ide.mcu.externaltools.gnu-tools-for-stm32.10.3-2021.10.win32_1.0.200.202301161003/tools/bin/../lib/gcc/arm-none-eabi/10.3.1/../../../../arm-none-eabi/lib/thumb/v7-m/nofp\libc_nano.a(lib_a-impure.o)
                              c:/st/stm32cubeide_1.6.0/stm32cubeide/plugins/com.st.stm32cube.ide.mcu.externaltools.gnu-tools-for-stm32.10.3-2021.10.win32_1.0.200.202301161003/tools/bin/../lib/gcc/arm-none-eabi/10.3.1/../../../../arm-none-eabi/lib/thumb/v7-m/nofp\libc_nano.a(lib_a-exit.o) (_global_impure_ptr)
c:/st/stm32cubeide_1.6.0/stm32cubeide/plugins/com.st.stm32cube.ide.mcu.externaltools.gnu-tools-for-stm32.10.3-2021.10.win32_1.0.200.202301161003/tools/bin/../lib/gcc/arm-none-eabi/10.3.1/../../../../arm-none-eabi/lib/thumb/v7-m/nofp\libc_nano.a(lib_a-init.o)
                              c:/st/stm32cubeide_1.6.0/stm32cubeide/plugins/com.st.stm32cube.ide.mcu.externaltools.gnu-tools-for-stm32.10.3-2021.10.win32_1.0.200.202301161003/tools/bin/../lib/gcc/arm-none-eabi/10.3.1/../../../../arm-none-eabi/lib/thumb/v7-m/nofp/crt0.o (__libc_init_array)
c:/st/stm32cubeide_1.6.0/stm32cubeide/plugins/com.st.stm32cube.ide.mcu.externaltools.gnu-tools-for-stm32.10.3-2021.10.win32_1.0.200.202301161003/tools/bin/../lib/gcc/arm-none-eabi/10.3.1/../../../../arm-none-eabi/lib/thumb/v7-m/nofp\libc_nano.a(lib_a-memset.o)
                              c:/st/stm32cubeide_1.6.0/stm32cubeide/plugins/com.st.stm32cube.ide.mcu.externaltools.gnu-tools-for-stm32.10.3-2021.10.win32_1.0.200.202301161003/tools/bin/../lib/gcc/arm-none-eabi/10.3.1/../../../../arm-none-eabi/lib/thumb/v7-m/nofp/crt0.o (memset)
c:/st/stm32cubeide_1.6.0/stm32cubeide/plugins/com.st.stm32cube.ide.mcu.externaltools.gnu-tools-for-stm32.10.3-2021.10.win32_1.0.200.202301161003/tools/bin/../lib/gcc/arm-none-eabi/10.3.1/thumb/v7-m/nofp\libgcc.a(_arm_muldf3.o)
                              ./Core/Src/ina219.o (__aeabi_dmul)
c:/st/stm32cubeide_1.6.0/stm32cubeide/plugins/com.st.stm32cube.ide.mcu.externaltools.gnu-tools-for-stm32.10.3-2021.10.win32_1.0.200.202301161003/tools/bin/../lib/gcc/arm-none-eabi/10.3.1/thumb/v7-m/nofp\libgcc.a(_arm_mulsf3.o)
                              ./Core/Src/ina219.o (__aeabi_fmul)
c:/st/stm32cubeide_1.6.0/stm32cubeide/plugins/com.st.stm32cube.ide.mcu.externaltools.gnu-tools-for-stm32.10.3-2021.10.win32_1.0.200.202301161003/tools/bin/../lib/gcc/arm-none-eabi/10.3.1/thumb/v7-m/nofp\libgcc.a(_arm_addsubdf3.o)
                              ./Core/Src/ina219.o (__aeabi_f2d)
c:/st/stm32cubeide_1.6.0/stm32cubeide/plugins/com.st.stm32cube.ide.mcu.externaltools.gnu-tools-for-stm32.10.3-2021.10.win32_1.0.200.202301161003/tools/bin/../lib/gcc/arm-none-eabi/10.3.1/thumb/v7-m/nofp\libgcc.a(_arm_cmpdf2.o)
                              ./Core/Src/main.o (__aeabi_dcmple)
c:/st/stm32cubeide_1.6.0/stm32cubeide/plugins/com.st.stm32cube.ide.mcu.externaltools.gnu-tools-for-stm32.10.3-2021.10.win32_1.0.200.202301161003/tools/bin/../lib/gcc/arm-none-eabi/10.3.1/thumb/v7-m/nofp\libgcc.a(_arm_truncdfsf2.o)
                              ./Core/Src/ina219.o (__aeabi_d2f)
c:/st/stm32cubeide_1.6.0/stm32cubeide/plugins/com.st.stm32cube.ide.mcu.externaltools.gnu-tools-for-stm32.10.3-2021.10.win32_1.0.200.202301161003/tools/bin/../lib/gcc/arm-none-eabi/10.3.1/thumb/v7-m/nofp\libgcc.a(_arm_addsubsf3.o)
                              ./Core/Src/main.o (__aeabi_fsub)
c:/st/stm32cubeide_1.6.0/stm32cubeide/plugins/com.st.stm32cube.ide.mcu.externaltools.gnu-tools-for-stm32.10.3-2021.10.win32_1.0.200.202301161003/tools/bin/../lib/gcc/arm-none-eabi/10.3.1/thumb/v7-m/nofp\libgcc.a(_arm_muldivsf3.o)
                              ./Core/Src/ina219.o (__aeabi_fdiv)
c:/st/stm32cubeide_1.6.0/stm32cubeide/plugins/com.st.stm32cube.ide.mcu.externaltools.gnu-tools-for-stm32.10.3-2021.10.win32_1.0.200.202301161003/tools/bin/../lib/gcc/arm-none-eabi/10.3.1/thumb/v7-m/nofp\libgcc.a(_arm_cmpsf2.o)
                              ./Core/Src/main.o (__aeabi_fcmpeq)

Discarded input sections

[...]
Memory Configuration

Name             Origin             Length             Attributes
RAM              0x0000000020000000 0x0000000000005000 xrw
FLASH            0x0000000008000000 0x0000000000010000 xr
*default*        0x0000000000000000 0xffffffffffffffff

Linker script and memory map

LOAD c:/st/stm32cubeide_1.6.0/stm32cubeide/plugins/com.st.stm32cube.ide.mcu.externaltools.gnu-tools-for-stm32.10.3-2021.10.win32_1.0.200.202301161003/tools/bin/../lib/gcc/arm-none-eabi/10.3.1/thumb/v7-m/nofp/crti.o
LOAD c:/st/stm32cubeide_1.6.0/stm32cubeide/plugins/com.st.stm32cube.ide.mcu.externaltools.gnu-tools-for-stm32.10.3-2021.10.win32_1.0.200.202301161003/tools/bin/../lib/gcc/arm-none-eabi/10.3.1/thumb/v7-m/nofp/crtbegin.o
LOAD c:/st/stm32cubeide_1.6.0/stm32cubeide/plugins/com.st.stm32cube.ide.mcu.externaltools.gnu-tools-for-stm32.10.3-2021.10.win32_1.0.200.202301161003/tools/bin/../lib/gcc/arm-none-eabi/10.3.1/../../../../arm-none-eabi/lib/thumb/v7-m/nofp/crt0.o
LOAD ./Core/Src/ina219.o
LOAD ./Core/Src/main.o
LOAD ./Core/Src/stm32f1xx_hal_msp.o
LOAD ./Core/Src/stm32f1xx_it.o
LOAD ./Core/Src/syscalls.o
LOAD ./Core/Src/sysmem.o
LOAD ./Core/Src/system_stm32f1xx.o
LOAD ./Core/Startup/startup_stm32f103c8tx.o
LOAD ./Drivers/STM32F1xx_HAL_Driver/Src/stm32f1xx_hal.o
LOAD ./Drivers/STM32F1xx_HAL_Driver/Src/stm32f1xx_hal_cortex.o
LOAD ./Drivers/STM32F1xx_HAL_Driver/Src/stm32f1xx_hal_dma.o
LOAD ./Drivers/STM32F1xx_HAL_Driver/Src/stm32f1xx_hal_exti.o
LOAD ./Drivers/STM32F1xx_HAL_Driver/Src/stm32f1xx_hal_flash.o
LOAD ./Drivers/STM32F1xx_HAL_Driver/Src/stm32f1xx_hal_flash_ex.o
LOAD ./Drivers/STM32F1xx_HAL_Driver/Src/stm32f1xx_hal_gpio.o
LOAD ./Drivers/STM32F1xx_HAL_Driver/Src/stm32f1xx_hal_gpio_ex.o
LOAD ./Drivers/STM32F1xx_HAL_Driver/Src/stm32f1xx_hal_i2c.o
LOAD ./Drivers/STM32F1xx_HAL_Driver/Src/stm32f1xx_hal_pwr.o
LOAD ./Drivers/STM32F1xx_HAL_Driver/Src/stm32f1xx_hal_rcc.o
LOAD ./Drivers/STM32F1xx_HAL_Driver/Src/stm32f1xx_hal_rcc_ex.o
LOAD ./Drivers/STM32F1xx_HAL_Driver/Src/stm32f1xx_hal_tim.o
LOAD ./Drivers/STM32F1xx_HAL_Driver/Src/stm32f1xx_hal_tim_ex.o
LOAD ./Drivers/STM32F1xx_HAL_Driver/Src/stm32f1xx_hal_uart.o
START GROUP
LOAD c:/st/stm32cubeide_1.6.0/stm32cubeide/plugins/com.st.stm32cube.ide.mcu.externaltools.gnu-tools-for-stm32.10.3-2021.10.win32_1.0.200.202301161003/tools/bin/../lib/gcc/arm-none-eabi/10.3.1/../../../../arm-none-eabi/lib/thumb/v7-m/nofp\libstdc++_nano.a
LOAD c:/st/stm32cubeide_1.6.0/stm32cubeide/plugins/com.st.stm32cube.ide.mcu.externaltools.gnu-tools-for-stm32.10.3-2021.10.win32_1.0.200.202301161003/tools/bin/../lib/gcc/arm-none-eabi/10.3.1/../../../../arm-none-eabi/lib/thumb/v7-m/nofp\libsupc++_nano.a
END GROUP
LOAD c:/st/stm32cubeide_1.6.0/stm32cubeide/plugins/com.st.stm32cube.ide.mcu.externaltools.gnu-tools-for-stm32.10.3-2021.10.win32_1.0.200.202301161003/tools/bin/../lib/gcc/arm-none-eabi/10.3.1/../../../../arm-none-eabi/lib/thumb/v7-m/nofp\libstdc++_nano.a
LOAD c:/st/stm32cubeide_1.6.0/stm32cubeide/plugins/com.st.stm32cube.ide.mcu.externaltools.gnu-tools-for-stm32.10.3-2021.10.win32_1.0.200.202301161003/tools/bin/../lib/gcc/arm-none-eabi/10.3.1/../../../../arm-none-eabi/lib/thumb/v7-m/nofp\libm.a
LOAD c:/st/stm32cubeide_1.6.0/stm32cubeide/plugins/com.st.stm32cube.ide.mcu.externaltools.gnu-tools-for-stm32.10.3-2021.10.win32_1.0.200.202301161003/tools/bin/../lib/gcc/arm-none-eabi/10.3.1/../../../../arm-none-eabi/lib/thumb/v7-m/nofp\libc_nano.a
START GROUP
LOAD c:/st/stm32cubeide_1.6.0/stm32cubeide/plugins/com.st.stm32cube.ide.mcu.externaltools.gnu-tools-for-stm32.10.3-2021.10.win32_1.0.200.202301161003/tools/bin/../lib/gcc/arm-none-eabi/10.3.1/thumb/v7-m/nofp\libgcc.a
LOAD c:/st/stm32cubeide_1.6.0/stm32cubeide/plugins/com.st.stm32cube.ide.mcu.externaltools.gnu-tools-for-stm32.10.3-2021.10.win32_1.0.200.202301161003/tools/bin/../lib/gcc/arm-none-eabi/10.3.1/../../../../arm-none-eabi/lib/thumb/v7-m/nofp\libc_nano.a
END GROUP
START GROUP
LOAD c:/st/stm32cubeide_1.6.0/stm32cubeide/plugins/com.st.stm32cube.ide.mcu.externaltools.gnu-tools-for-stm32.10.3-2021.10.win32_1.0.200.202301161003/tools/bin/../lib/gcc/arm-none-eabi/10.3.1/thumb/v7-m/nofp\libgcc.a
LOAD c:/st/stm32cubeide_1.6.0/stm32cubeide/plugins/com.st.stm32cube.ide.mcu.externaltools.gnu-tools-for-stm32.10.3-2021.10.win32_1.0.200.202301161003/tools/bin/../lib/gcc/arm-none-eabi/10.3.1/../../../../arm-none-eabi/lib/thumb/v7-m/nofp\libc_nano.a
LOAD c:/st/stm32cubeide_1.6.0/stm32cubeide/plugins/com.st.stm32cube.ide.mcu.externaltools.gnu-tools-for-stm32.10.3-2021.10.win32_1.0.200.202301161003/tools/bin/../lib/gcc/arm-none-eabi/10.3.1/../../../../arm-none-eabi/lib/thumb/v7-m/nofp\libnosys.a
END GROUP
START GROUP
LOAD c:/st/stm32cubeide_1.6.0/stm32cubeide/plugins/com.st.stm32cube.ide.mcu.externaltools.gnu-tools-for-stm32.10.3-2021.10.win32_1.0.200.202301161003/tools/bin/../lib/gcc/arm-none-eabi/10.3.1/thumb/v7-m/nofp\libgcc.a
LOAD c:/st/stm32cubeide_1.6.0/stm32cubeide/plugins/com.st.stm32cube.ide.mcu.externaltools.gnu-tools-for-stm32.10.3-2021.10.win32_1.0.200.202301161003/tools/bin/../lib/gcc/arm-none-eabi/10.3.1/../../../../arm-none-eabi/lib/thumb/v7-m/nofp\libc_nano.a
LOAD c:/st/stm32cubeide_1.6.0/stm32cubeide/plugins/com.st.stm32cube.ide.mcu.externaltools.gnu-tools-for-stm32.10.3-2021.10.win32_1.0.200.202301161003/tools/bin/../lib/gcc/arm-none-eabi/10.3.1/../../../../arm-none-eabi/lib/thumb/v7-m/nofp\libnosys.a
END GROUP
LOAD c:/st/stm32cubeide_1.6.0/stm32cubeide/plugins/com.st.stm32cube.ide.mcu.externaltools.gnu-tools-for-stm32.10.3-2021.10.win32_1.0.200.202301161003/tools/bin/../lib/gcc/arm-none-eabi/10.3.1/thumb/v7-m/nofp/crtend.o
LOAD c:/st/stm32cubeide_1.6.0/stm32cubeide/plugins/com.st.stm32cube.ide.mcu.externaltools.gnu-tools-for-stm32.10.3-2021.10.win32_1.0.200.202301161003/tools/bin/../lib/gcc/arm-none-eabi/10.3.1/thumb/v7-m/nofp/crtn.o
                0x0000000020005000                _estack = (ORIGIN (RAM) + LENGTH (RAM))
                0x0000000000000200                _Min_Heap_Size = 0x200
                0x0000000000000400                _Min_Stack_Size = 0x400

.isr_vector     0x0000000008000000      0x10c
                0x0000000008000000                . = ALIGN (0x4)
 *(.isr_vector)
 .isr_vector    0x0000000008000000      0x10c ./Core/Startup/startup_stm32f103c8tx.o
                0x0000000008000000                g_pfnVectors
                0x000000000800010c                . = ALIGN (0x4)

.text           0x0000000008000110     0x5958
                0x0000000008000110                . = ALIGN (0x4)
 *(.text)
 .text          0x0000000008000110       0x40 c:/st/stm32cubeide_1.6.0/stm32cubeide/plugins/com.st.stm32cube.ide.mcu.externaltools.gnu-tools-for-stm32.10.3-2021.10.win32_1.0.200.202301161003/tools/bin/../lib/gcc/arm-none-eabi/10.3.1/thumb/v7-m/nofp/crtbegin.o
 .text          0x0000000008000150      0x254 c:/st/stm32cubeide_1.6.0/stm32cubeide/plugins/com.st.stm32cube.ide.mcu.externaltools.gnu-tools-for-stm32.10.3-2021.10.win32_1.0.200.202301161003/tools/bin/../lib/gcc/arm-none-eabi/10.3.1/thumb/v7-m/nofp\libgcc.a(_arm_muldf3.o)
                0x0000000008000150                __muldf3
                0x0000000008000150                __aeabi_dmul
 .text          0x00000000080003a4      0x378 c:/st/stm32cubeide_1.6.0/stm32cubeide/plugins/com.st.stm32cube.ide.mcu.externaltools.gnu-tools-for-stm32.10.3-2021.10.win32_1.0.200.202301161003/tools/bin/../lib/gcc/arm-none-eabi/10.3.1/thumb/v7-m/nofp\libgcc.a(_arm_addsubdf3.o)
                0x00000000080003a4                __aeabi_drsub
                0x00000000080003ac                __aeabi_dsub
                0x00000000080003ac                __subdf3
                0x00000000080003b0                __aeabi_dadd
                0x00000000080003b0                __adddf3
                0x0000000008000628                __floatunsidf
                0x0000000008000628                __aeabi_ui2d
                0x0000000008000648                __floatsidf
                0x0000000008000648                __aeabi_i2d
                0x000000000800066c                __aeabi_f2d
                0x000000000800066c                __extendsfdf2
                0x00000000080006b0                __floatundidf
                0x00000000080006b0                __aeabi_ul2d
                0x00000000080006c0                __floatdidf
                0x00000000080006c0                __aeabi_l2d
 .text          0x000000000800071c      0x110 c:/st/stm32cubeide_1.6.0/stm32cubeide/plugins/com.st.stm32cube.ide.mcu.externaltools.gnu-tools-for-stm32.10.3-2021.10.win32_1.0.200.202301161003/tools/bin/../lib/gcc/arm-none-eabi/10.3.1/thumb/v7-m/nofp\libgcc.a(_arm_cmpdf2.o)
                0x000000000800071c                __gtdf2
                0x000000000800071c                __gedf2
                0x0000000008000724                __ltdf2
                0x0000000008000724                __ledf2
                0x000000000800072c                __nedf2
                0x000000000800072c                __eqdf2
                0x000000000800072c                __cmpdf2
                0x00000000080007a8                __aeabi_cdrcmple
                0x00000000080007b8                __aeabi_cdcmpeq
                0x00000000080007b8                __aeabi_cdcmple
                0x00000000080007c8                __aeabi_dcmpeq
                0x00000000080007dc                __aeabi_dcmplt
                0x00000000080007f0                __aeabi_dcmple
                0x0000000008000804                __aeabi_dcmpge
                0x0000000008000818                __aeabi_dcmpgt
 .text          0x000000000800082c       0xa0 c:/st/stm32cubeide_1.6.0/stm32cubeide/plugins/com.st.stm32cube.ide.mcu.externaltools.gnu-tools-for-stm32.10.3-2021.10.win32_1.0.200.202301161003/tools/bin/../lib/gcc/arm-none-eabi/10.3.1/thumb/v7-m/nofp\libgcc.a(_arm_truncdfsf2.o)
                0x000000000800082c                __truncdfsf2
                0x000000000800082c                __aeabi_d2f
 .text          0x00000000080008cc      0x21c c:/st/stm32cubeide_1.6.0/stm32cubeide/plugins/com.st.stm32cube.ide.mcu.externaltools.gnu-tools-for-stm32.10.3-2021.10.win32_1.0.200.202301161003/tools/bin/../lib/gcc/arm-none-eabi/10.3.1/thumb/v7-m/nofp\libgcc.a(_arm_addsubsf3.o)
                0x00000000080008cc                __aeabi_frsub
                0x00000000080008d4                __subsf3
                0x00000000080008d4                __aeabi_fsub
                0x00000000080008d8                __aeabi_fadd
                0x00000000080008d8                __addsf3
                0x0000000008000a38                __aeabi_ui2f
                0x0000000008000a38                __floatunsisf
                0x0000000008000a40                __aeabi_i2f
                0x0000000008000a40                __floatsisf
                0x0000000008000a5c                __aeabi_ul2f
                0x0000000008000a5c                __floatundisf
                0x0000000008000a6c                __aeabi_l2f
                0x0000000008000a6c                __floatdisf
 .text          0x0000000008000ae8      0x2a0 c:/st/stm32cubeide_1.6.0/stm32cubeide/plugins/com.st.stm32cube.ide.mcu.externaltools.gnu-tools-for-stm32.10.3-2021.10.win32_1.0.200.202301161003/tools/bin/../lib/gcc/arm-none-eabi/10.3.1/thumb/v7-m/nofp\libgcc.a(_arm_muldivsf3.o)
                0x0000000008000ae8                __mulsf3
                0x0000000008000ae8                __aeabi_fmul
                0x0000000008000c50                __aeabi_fdiv
                0x0000000008000c50                __divsf3
 .text          0x0000000008000d88       0xec c:/st/stm32cubeide_1.6.0/stm32cubeide/plugins/com.st.stm32cube.ide.mcu.externaltools.gnu-tools-for-stm32.10.3-2021.10.win32_1.0.200.202301161003/tools/bin/../lib/gcc/arm-none-eabi/10.3.1/thumb/v7-m/nofp\libgcc.a(_arm_cmpsf2.o)
                0x0000000008000d88                __gesf2
                0x0000000008000d88                __gtsf2
                0x0000000008000d90                __lesf2
                0x0000000008000d90                __ltsf2
                0x0000000008000d98                __nesf2
                0x0000000008000d98                __eqsf2
                0x0000000008000d98                __cmpsf2
                0x0000000008000df8                __aeabi_cfrcmple
                0x0000000008000e00                __aeabi_cfcmpeq
                0x0000000008000e00                __aeabi_cfcmple
                0x0000000008000e10                __aeabi_fcmpeq
                0x0000000008000e24                __aeabi_fcmplt
                0x0000000008000e38                __aeabi_fcmple
                0x0000000008000e4c                __aeabi_fcmpge
                0x0000000008000e60                __aeabi_fcmpgt
 *(.text*)
 .text.wireWriteRegister
                0x0000000008000e74       0x5c ./Core/Src/ina219.o
                0x0000000008000e74                wireWriteRegister
 .text.wireReadRegister
                0x0000000008000ed0       0x5c ./Core/Src/ina219.o
                0x0000000008000ed0                wireReadRegister
 .text.setCalibration_32V_1A
                0x0000000008000f2c       0x4c ./Core/Src/ina219.o
                0x0000000008000f2c                setCalibration_32V_1A
 .text.getBusVoltage_raw
                0x0000000008000f78       0x24 ./Core/Src/ina219.o
                0x0000000008000f78                getBusVoltage_raw
 .text.getCurrent_raw
                0x0000000008000f9c       0x30 ./Core/Src/ina219.o
                0x0000000008000f9c                getCurrent_raw
 .text.getPower_raw
                0x0000000008000fcc       0x30 ./Core/Src/ina219.o
                0x0000000008000fcc                getPower_raw
 *fill*         0x0000000008000ffc        0x4 
 .text.getBusVoltage_V
                0x0000000008001000       0x48 ./Core/Src/ina219.o
                0x0000000008001000                getBusVoltage_V
 .text.getCurrent_mA
                0x0000000008001048       0x3c ./Core/Src/ina219.o
                0x0000000008001048                getCurrent_mA
 .text.getPower_mW
                0x0000000008001084       0x3c ./Core/Src/ina219.o
                0x0000000008001084                getPower_mW
 .text.getData  0x00000000080010c0       0x34 ./Core/Src/main.o
                0x00000000080010c0                getData
 .text.filterData
                0x00000000080010f4      0x1b8 ./Core/Src/main.o
                0x00000000080010f4                filterData
 .text.formOutputPacket
                0x00000000080012ac       0x78 ./Core/Src/main.o
                0x00000000080012ac                formOutputPacket
 .text.updateDutyCycle
                0x0000000008001324       0x20 ./Core/Src/main.o
                0x0000000008001324                updateDutyCycle
 .text.dutyCycleLimits
                0x0000000008001344       0x30 ./Core/Src/main.o
                0x0000000008001344                dutyCycleLimits
 *fill*         0x0000000008001374        0x4 
 .text.incrementalConductanceAlgorithm
                0x0000000008001378      0x18c ./Core/Src/main.o
                0x0000000008001378                incrementalConductanceAlgorithm
 .text.main     0x0000000008001504       0x50 ./Core/Src/main.o
                0x0000000008001504                main
 .text.SystemClock_Config
                0x0000000008001554       0x88 ./Core/Src/main.o
                0x0000000008001554                SystemClock_Config
 .text.MX_I2C2_Init
                0x00000000080015dc       0x5c ./Core/Src/main.o
 .text.MX_TIM1_Init
                0x0000000008001638      0x140 ./Core/Src/main.o
 .text.MX_TIM4_Init
                0x0000000008001778       0x98 ./Core/Src/main.o
 .text.MX_USART2_UART_Init
                0x0000000008001810       0x54 ./Core/Src/main.o
 .text.MX_DMA_Init
                0x0000000008001864       0x3c ./Core/Src/main.o
 .text.MX_GPIO_Init
                0x00000000080018a0       0x5c ./Core/Src/main.o
 .text.HAL_TIM_PeriodElapsedCallback
                0x00000000080018fc       0x24 ./Core/Src/main.o
                0x00000000080018fc                HAL_TIM_PeriodElapsedCallback
 .text.Error_Handler
                0x0000000008001920        0xa ./Core/Src/main.o
                0x0000000008001920                Error_Handler
 *fill*         0x000000000800192a        0x2 
 .text.HAL_MspInit
                0x000000000800192c       0x64 ./Core/Src/stm32f1xx_hal_msp.o
                0x000000000800192c                HAL_MspInit
 .text.HAL_I2C_MspInit
                0x0000000008001990       0x80 ./Core/Src/stm32f1xx_hal_msp.o
                0x0000000008001990                HAL_I2C_MspInit
 .text.HAL_TIM_Base_MspInit
                0x0000000008001a10       0x84 ./Core/Src/stm32f1xx_hal_msp.o
                0x0000000008001a10                HAL_TIM_Base_MspInit
 .text.HAL_TIM_MspPostInit
                0x0000000008001a94       0x68 ./Core/Src/stm32f1xx_hal_msp.o
                0x0000000008001a94                HAL_TIM_MspPostInit
 .text.HAL_UART_MspInit
                0x0000000008001afc       0xf8 ./Core/Src/stm32f1xx_hal_msp.o
                0x0000000008001afc                HAL_UART_MspInit
 .text.NMI_Handler
                0x0000000008001bf4        0x6 ./Core/Src/stm32f1xx_it.o
                0x0000000008001bf4                NMI_Handler
 .text.HardFault_Handler
                0x0000000008001bfa        0x6 ./Core/Src/stm32f1xx_it.o
                0x0000000008001bfa                HardFault_Handler
 .text.MemManage_Handler
                0x0000000008001c00        0x6 ./Core/Src/stm32f1xx_it.o
                0x0000000008001c00                MemManage_Handler
 .text.BusFault_Handler
                0x0000000008001c06        0x6 ./Core/Src/stm32f1xx_it.o
                0x0000000008001c06                BusFault_Handler
 .text.UsageFault_Handler
                0x0000000008001c0c        0x6 ./Core/Src/stm32f1xx_it.o
                0x0000000008001c0c                UsageFault_Handler
 .text.SVC_Handler
                0x0000000008001c12        0xc ./Core/Src/stm32f1xx_it.o
                0x0000000008001c12                SVC_Handler
 .text.DebugMon_Handler
                0x0000000008001c1e        0xc ./Core/Src/stm32f1xx_it.o
                0x0000000008001c1e                DebugMon_Handler
 .text.PendSV_Handler
                0x0000000008001c2a        0xc ./Core/Src/stm32f1xx_it.o
                0x0000000008001c2a                PendSV_Handler
 .text.SysTick_Handler
                0x0000000008001c36        0xc ./Core/Src/stm32f1xx_it.o
                0x0000000008001c36                SysTick_Handler
 *fill*         0x0000000008001c42        0x2 
 .text.DMA1_Channel7_IRQHandler
                0x0000000008001c44       0x14 ./Core/Src/stm32f1xx_it.o
                0x0000000008001c44                DMA1_Channel7_IRQHandler
 .text.TIM1_BRK_IRQHandler
                0x0000000008001c58       0x14 ./Core/Src/stm32f1xx_it.o
                0x0000000008001c58                TIM1_BRK_IRQHandler
 .text.TIM4_IRQHandler
                0x0000000008001c6c       0x14 ./Core/Src/stm32f1xx_it.o
                0x0000000008001c6c                TIM4_IRQHandler
 .text.USART2_IRQHandler
                0x0000000008001c80       0x14 ./Core/Src/stm32f1xx_it.o
                0x0000000008001c80                USART2_IRQHandler
 .text.SystemInit
                0x0000000008001c94        0xc ./Core/Src/system_stm32f1xx.o
                0x0000000008001c94                SystemInit
 .text.Reset_Handler
                0x0000000008001ca0       0x48 ./Core/Startup/startup_stm32f103c8tx.o
                0x0000000008001ca0                Reset_Handler
 .text.Default_Handler
                0x0000000008001ce8        0x2 ./Core/Startup/startup_stm32f103c8tx.o
                0x0000000008001ce8                RTC_Alarm_IRQHandler
                0x0000000008001ce8                EXTI2_IRQHandler
                0x0000000008001ce8                TIM1_CC_IRQHandler
                0x0000000008001ce8                PVD_IRQHandler
                0x0000000008001ce8                EXTI3_IRQHandler
                0x0000000008001ce8                EXTI0_IRQHandler
                0x0000000008001ce8                I2C2_EV_IRQHandler
                0x0000000008001ce8                ADC1_2_IRQHandler
                0x0000000008001ce8                SPI1_IRQHandler
                0x0000000008001ce8                TAMPER_IRQHandler
                0x0000000008001ce8                DMA1_Channel4_IRQHandler
                0x0000000008001ce8                USART3_IRQHandler
                0x0000000008001ce8                RTC_IRQHandler
                0x0000000008001ce8                CAN1_RX1_IRQHandler
                0x0000000008001ce8                I2C1_EV_IRQHandler
                0x0000000008001ce8                DMA1_Channel6_IRQHandler
                0x0000000008001ce8                TIM3_IRQHandler
                0x0000000008001ce8                RCC_IRQHandler
                0x0000000008001ce8                TIM1_TRG_COM_IRQHandler
                0x0000000008001ce8                DMA1_Channel1_IRQHandler
                0x0000000008001ce8                Default_Handler
                0x0000000008001ce8                EXTI15_10_IRQHandler
                0x0000000008001ce8                EXTI9_5_IRQHandler
                0x0000000008001ce8                SPI2_IRQHandler
                0x0000000008001ce8                DMA1_Channel5_IRQHandler
                0x0000000008001ce8                EXTI4_IRQHandler
                0x0000000008001ce8                USB_LP_CAN1_RX0_IRQHandler
                0x0000000008001ce8                USB_HP_CAN1_TX_IRQHandler
                0x0000000008001ce8                DMA1_Channel3_IRQHandler
                0x0000000008001ce8                TIM1_UP_IRQHandler
                0x0000000008001ce8                WWDG_IRQHandler
                0x0000000008001ce8                TIM2_IRQHandler
                0x0000000008001ce8                EXTI1_IRQHandler
                0x0000000008001ce8                I2C2_ER_IRQHandler
                0x0000000008001ce8                DMA1_Channel2_IRQHandler
                0x0000000008001ce8                CAN1_SCE_IRQHandler
                0x0000000008001ce8                FLASH_IRQHandler
                0x0000000008001ce8                USART1_IRQHandler
                0x0000000008001ce8                I2C1_ER_IRQHandler
                0x0000000008001ce8                USBWakeUp_IRQHandler
 *fill*         0x0000000008001cea        0x2 
 .text.HAL_Init
                0x0000000008001cec       0x2c ./Drivers/STM32F1xx_HAL_Driver/Src/stm32f1xx_hal.o
                0x0000000008001cec                HAL_Init
 .text.HAL_InitTick
                0x0000000008001d18       0x60 ./Drivers/STM32F1xx_HAL_Driver/Src/stm32f1xx_hal.o
                0x0000000008001d18                HAL_InitTick
 .text.HAL_IncTick
                0x0000000008001d78       0x24 ./Drivers/STM32F1xx_HAL_Driver/Src/stm32f1xx_hal.o
                0x0000000008001d78                HAL_IncTick
 .text.HAL_GetTick
                0x0000000008001d9c       0x14 ./Drivers/STM32F1xx_HAL_Driver/Src/stm32f1xx_hal.o
                0x0000000008001d9c                HAL_GetTick
 .text.HAL_Delay
                0x0000000008001db0       0x48 ./Drivers/STM32F1xx_HAL_Driver/Src/stm32f1xx_hal.o
                0x0000000008001db0                HAL_Delay
 .text.__NVIC_SetPriorityGrouping
                0x0000000008001df8       0x48 ./Drivers/STM32F1xx_HAL_Driver/Src/stm32f1xx_hal_cortex.o
 .text.__NVIC_GetPriorityGrouping
                0x0000000008001e40       0x1c ./Drivers/STM32F1xx_HAL_Driver/Src/stm32f1xx_hal_cortex.o
 .text.__NVIC_EnableIRQ
                0x0000000008001e5c       0x38 ./Drivers/STM32F1xx_HAL_Driver/Src/stm32f1xx_hal_cortex.o
 .text.__NVIC_SetPriority
                0x0000000008001e94       0x54 ./Drivers/STM32F1xx_HAL_Driver/Src/stm32f1xx_hal_cortex.o
 .text.NVIC_EncodePriority
                0x0000000008001ee8       0x64 ./Drivers/STM32F1xx_HAL_Driver/Src/stm32f1xx_hal_cortex.o
 .text.SysTick_Config
                0x0000000008001f4c       0x44 ./Drivers/STM32F1xx_HAL_Driver/Src/stm32f1xx_hal_cortex.o
 .text.HAL_NVIC_SetPriorityGrouping
                0x0000000008001f90       0x16 ./Drivers/STM32F1xx_HAL_Driver/Src/stm32f1xx_hal_cortex.o
                0x0000000008001f90                HAL_NVIC_SetPriorityGrouping
 .text.HAL_NVIC_SetPriority
                0x0000000008001fa6       0x38 ./Drivers/STM32F1xx_HAL_Driver/Src/stm32f1xx_hal_cortex.o
                0x0000000008001fa6                HAL_NVIC_SetPriority
 .text.HAL_NVIC_EnableIRQ
                0x0000000008001fde       0x1c ./Drivers/STM32F1xx_HAL_Driver/Src/stm32f1xx_hal_cortex.o
                0x0000000008001fde                HAL_NVIC_EnableIRQ
 .text.HAL_SYSTICK_Config
                0x0000000008001ffa       0x18 ./Drivers/STM32F1xx_HAL_Driver/Src/stm32f1xx_hal_cortex.o
                0x0000000008001ffa                HAL_SYSTICK_Config
 *fill*         0x0000000008002012        0x2 
 .text.HAL_DMA_Init
                0x0000000008002014       0xb4 ./Drivers/STM32F1xx_HAL_Driver/Src/stm32f1xx_hal_dma.o
                0x0000000008002014                HAL_DMA_Init
 .text.HAL_DMA_Start_IT
                0x00000000080020c8       0xbe ./Drivers/STM32F1xx_HAL_Driver/Src/stm32f1xx_hal_dma.o
                0x00000000080020c8                HAL_DMA_Start_IT
 .text.HAL_DMA_Abort
                0x0000000008002186       0x74 ./Drivers/STM32F1xx_HAL_Driver/Src/stm32f1xx_hal_dma.o
                0x0000000008002186                HAL_DMA_Abort
 *fill*         0x00000000080021fa        0x2 
 .text.HAL_DMA_Abort_IT
                0x00000000080021fc       0xec ./Drivers/STM32F1xx_HAL_Driver/Src/stm32f1xx_hal_dma.o
                0x00000000080021fc                HAL_DMA_Abort_IT
 .text.HAL_DMA_IRQHandler
                0x00000000080022e8      0x20c ./Drivers/STM32F1xx_HAL_Driver/Src/stm32f1xx_hal_dma.o
                0x00000000080022e8                HAL_DMA_IRQHandler
 .text.DMA_SetConfig
                0x00000000080024f4       0x5a ./Drivers/STM32F1xx_HAL_Driver/Src/stm32f1xx_hal_dma.o
 *fill*         0x000000000800254e        0x2 
 .text.HAL_GPIO_Init
                0x0000000008002550      0x308 ./Drivers/STM32F1xx_HAL_Driver/Src/stm32f1xx_hal_gpio.o
                0x0000000008002550                HAL_GPIO_Init
 .text.HAL_I2C_Init
                0x0000000008002858      0x288 ./Drivers/STM32F1xx_HAL_Driver/Src/stm32f1xx_hal_i2c.o
                0x0000000008002858                HAL_I2C_Init
 .text.HAL_I2C_Mem_Write
                0x0000000008002ae0      0x1f4 ./Drivers/STM32F1xx_HAL_Driver/Src/stm32f1xx_hal_i2c.o
                0x0000000008002ae0                HAL_I2C_Mem_Write
 .text.HAL_I2C_Mem_Read
                0x0000000008002cd4      0x4d0 ./Drivers/STM32F1xx_HAL_Driver/Src/stm32f1xx_hal_i2c.o
                0x0000000008002cd4                HAL_I2C_Mem_Read
 .text.I2C_RequestMemoryWrite
                0x00000000080031a4      0x12c ./Drivers/STM32F1xx_HAL_Driver/Src/stm32f1xx_hal_i2c.o
 .text.I2C_RequestMemoryRead
                0x00000000080032d0      0x1d0 ./Drivers/STM32F1xx_HAL_Driver/Src/stm32f1xx_hal_i2c.o
 .text.I2C_WaitOnFlagUntilTimeout
                0x00000000080034a0       0xae ./Drivers/STM32F1xx_HAL_Driver/Src/stm32f1xx_hal_i2c.o
 .text.I2C_WaitOnMasterAddressFlagUntilTimeout
                0x000000000800354e       0xfe ./Drivers/STM32F1xx_HAL_Driver/Src/stm32f1xx_hal_i2c.o
 .text.I2C_WaitOnTXEFlagUntilTimeout
                0x000000000800364c       0x82 ./Drivers/STM32F1xx_HAL_Driver/Src/stm32f1xx_hal_i2c.o
 .text.I2C_WaitOnBTFFlagUntilTimeout
                0x00000000080036ce       0x82 ./Drivers/STM32F1xx_HAL_Driver/Src/stm32f1xx_hal_i2c.o
 .text.I2C_WaitOnRXNEFlagUntilTimeout
                0x0000000008003750       0xac ./Drivers/STM32F1xx_HAL_Driver/Src/stm32f1xx_hal_i2c.o
 .text.I2C_IsAcknowledgeFailed
                0x00000000080037fc       0x5c ./Drivers/STM32F1xx_HAL_Driver/Src/stm32f1xx_hal_i2c.o
 .text.HAL_RCC_OscConfig
                0x0000000008003858      0x504 ./Drivers/STM32F1xx_HAL_Driver/Src/stm32f1xx_hal_rcc.o
                0x0000000008003858                HAL_RCC_OscConfig
 .text.HAL_RCC_ClockConfig
                0x0000000008003d5c      0x1d4 ./Drivers/STM32F1xx_HAL_Driver/Src/stm32f1xx_hal_rcc.o
                0x0000000008003d5c                HAL_RCC_ClockConfig
 .text.HAL_RCC_GetSysClockFreq
                0x0000000008003f30       0xbc ./Drivers/STM32F1xx_HAL_Driver/Src/stm32f1xx_hal_rcc.o
                0x0000000008003f30                HAL_RCC_GetSysClockFreq
 .text.HAL_RCC_GetHCLKFreq
                0x0000000008003fec       0x14 ./Drivers/STM32F1xx_HAL_Driver/Src/stm32f1xx_hal_rcc.o
                0x0000000008003fec                HAL_RCC_GetHCLKFreq
 .text.HAL_RCC_GetPCLK1Freq
                0x0000000008004000       0x28 ./Drivers/STM32F1xx_HAL_Driver/Src/stm32f1xx_hal_rcc.o
                0x0000000008004000                HAL_RCC_GetPCLK1Freq
 .text.HAL_RCC_GetPCLK2Freq
                0x0000000008004028       0x28 ./Drivers/STM32F1xx_HAL_Driver/Src/stm32f1xx_hal_rcc.o
                0x0000000008004028                HAL_RCC_GetPCLK2Freq
 .text.RCC_Delay
                0x0000000008004050       0x3c ./Drivers/STM32F1xx_HAL_Driver/Src/stm32f1xx_hal_rcc.o
 .text.HAL_TIM_Base_Init
                0x000000000800408c       0x9e ./Drivers/STM32F1xx_HAL_Driver/Src/stm32f1xx_hal_tim.o
                0x000000000800408c                HAL_TIM_Base_Init
 *fill*         0x000000000800412a        0x2 
 .text.HAL_TIM_Base_Start_IT
                0x000000000800412c       0xa4 ./Drivers/STM32F1xx_HAL_Driver/Src/stm32f1xx_hal_tim.o
                0x000000000800412c                HAL_TIM_Base_Start_IT
 .text.HAL_TIM_PWM_Init
                0x00000000080041d0       0x9e ./Drivers/STM32F1xx_HAL_Driver/Src/stm32f1xx_hal_tim.o
                0x00000000080041d0                HAL_TIM_PWM_Init
 .text.HAL_TIM_PWM_MspInit
                0x000000000800426e       0x12 ./Drivers/STM32F1xx_HAL_Driver/Src/stm32f1xx_hal_tim.o
                0x000000000800426e                HAL_TIM_PWM_MspInit
 .text.HAL_TIM_PWM_Start
                0x0000000008004280      0x144 ./Drivers/STM32F1xx_HAL_Driver/Src/stm32f1xx_hal_tim.o
                0x0000000008004280                HAL_TIM_PWM_Start
 .text.HAL_TIM_IRQHandler
                0x00000000080043c4      0x210 ./Drivers/STM32F1xx_HAL_Driver/Src/stm32f1xx_hal_tim.o
                0x00000000080043c4                HAL_TIM_IRQHandler
 .text.HAL_TIM_PWM_ConfigChannel
                0x00000000080045d4      0x17c ./Drivers/STM32F1xx_HAL_Driver/Src/stm32f1xx_hal_tim.o
                0x00000000080045d4                HAL_TIM_PWM_ConfigChannel
 .text.HAL_TIM_ConfigClockSource
                0x0000000008004750      0x188 ./Drivers/STM32F1xx_HAL_Driver/Src/stm32f1xx_hal_tim.o
                0x0000000008004750                HAL_TIM_ConfigClockSource
 .text.HAL_TIM_OC_DelayElapsedCallback
                0x00000000080048d8       0x12 ./Drivers/STM32F1xx_HAL_Driver/Src/stm32f1xx_hal_tim.o
                0x00000000080048d8                HAL_TIM_OC_DelayElapsedCallback
 .text.HAL_TIM_IC_CaptureCallback
                0x00000000080048ea       0x12 ./Drivers/STM32F1xx_HAL_Driver/Src/stm32f1xx_hal_tim.o
                0x00000000080048ea                HAL_TIM_IC_CaptureCallback
 .text.HAL_TIM_PWM_PulseFinishedCallback
                0x00000000080048fc       0x12 ./Drivers/STM32F1xx_HAL_Driver/Src/stm32f1xx_hal_tim.o
                0x00000000080048fc                HAL_TIM_PWM_PulseFinishedCallback
 .text.HAL_TIM_TriggerCallback
                0x000000000800490e       0x12 ./Drivers/STM32F1xx_HAL_Driver/Src/stm32f1xx_hal_tim.o
                0x000000000800490e                HAL_TIM_TriggerCallback
 .text.TIM_Base_SetConfig
                0x0000000008004920       0xc4 ./Drivers/STM32F1xx_HAL_Driver/Src/stm32f1xx_hal_tim.o
                0x0000000008004920                TIM_Base_SetConfig
 .text.TIM_OC1_SetConfig
                0x00000000080049e4       0xcc ./Drivers/STM32F1xx_HAL_Driver/Src/stm32f1xx_hal_tim.o
 .text.TIM_OC2_SetConfig
                0x0000000008004ab0       0xd4 ./Drivers/STM32F1xx_HAL_Driver/Src/stm32f1xx_hal_tim.o
                0x0000000008004ab0                TIM_OC2_SetConfig
 .text.TIM_OC3_SetConfig
                0x0000000008004b84       0xd4 ./Drivers/STM32F1xx_HAL_Driver/Src/stm32f1xx_hal_tim.o
 .text.TIM_OC4_SetConfig
                0x0000000008004c58       0x9c ./Drivers/STM32F1xx_HAL_Driver/Src/stm32f1xx_hal_tim.o
 .text.TIM_TI1_ConfigInputStage
                0x0000000008004cf4       0x5c ./Drivers/STM32F1xx_HAL_Driver/Src/stm32f1xx_hal_tim.o
 .text.TIM_TI2_ConfigInputStage
                0x0000000008004d50       0x5e ./Drivers/STM32F1xx_HAL_Driver/Src/stm32f1xx_hal_tim.o
 .text.TIM_ITRx_SetConfig
                0x0000000008004dae       0x34 ./Drivers/STM32F1xx_HAL_Driver/Src/stm32f1xx_hal_tim.o
 .text.TIM_ETR_SetConfig
                0x0000000008004de2       0x3e ./Drivers/STM32F1xx_HAL_Driver/Src/stm32f1xx_hal_tim.o
                0x0000000008004de2                TIM_ETR_SetConfig
 .text.TIM_CCxChannelCmd
                0x0000000008004e20       0x48 ./Drivers/STM32F1xx_HAL_Driver/Src/stm32f1xx_hal_tim.o
                0x0000000008004e20                TIM_CCxChannelCmd
 .text.HAL_TIMEx_MasterConfigSynchronization
                0x0000000008004e68       0xbc ./Drivers/STM32F1xx_HAL_Driver/Src/stm32f1xx_hal_tim_ex.o
                0x0000000008004e68                HAL_TIMEx_MasterConfigSynchronization
 .text.HAL_TIMEx_ConfigBreakDeadTime
                0x0000000008004f24       0xa2 ./Drivers/STM32F1xx_HAL_Driver/Src/stm32f1xx_hal_tim_ex.o
                0x0000000008004f24                HAL_TIMEx_ConfigBreakDeadTime
 .text.HAL_TIMEx_CommutCallback
                0x0000000008004fc6       0x12 ./Drivers/STM32F1xx_HAL_Driver/Src/stm32f1xx_hal_tim_ex.o
                0x0000000008004fc6                HAL_TIMEx_CommutCallback
 .text.HAL_TIMEx_BreakCallback
                0x0000000008004fd8       0x12 ./Drivers/STM32F1xx_HAL_Driver/Src/stm32f1xx_hal_tim_ex.o
                0x0000000008004fd8                HAL_TIMEx_BreakCallback
 .text.HAL_UART_Init
                0x0000000008004fea       0x9a ./Drivers/STM32F1xx_HAL_Driver/Src/stm32f1xx_hal_uart.o
                0x0000000008004fea                HAL_UART_Init
 .text.HAL_UART_Transmit_DMA
                0x0000000008005084       0xd8 ./Drivers/STM32F1xx_HAL_Driver/Src/stm32f1xx_hal_uart.o
                0x0000000008005084                HAL_UART_Transmit_DMA
 .text.HAL_UART_IRQHandler
                0x000000000800515c      0x354 ./Drivers/STM32F1xx_HAL_Driver/Src/stm32f1xx_hal_uart.o
                0x000000000800515c                HAL_UART_IRQHandler
 .text.HAL_UART_TxCpltCallback
                0x00000000080054b0       0x12 ./Drivers/STM32F1xx_HAL_Driver/Src/stm32f1xx_hal_uart.o
                0x00000000080054b0                HAL_UART_TxCpltCallback
 .text.HAL_UART_TxHalfCpltCallback
                0x00000000080054c2       0x12 ./Drivers/STM32F1xx_HAL_Driver/Src/stm32f1xx_hal_uart.o
                0x00000000080054c2                HAL_UART_TxHalfCpltCallback
 .text.HAL_UART_RxCpltCallback
                0x00000000080054d4       0x12 ./Drivers/STM32F1xx_HAL_Driver/Src/stm32f1xx_hal_uart.o
                0x00000000080054d4                HAL_UART_RxCpltCallback
 .text.HAL_UART_ErrorCallback
                0x00000000080054e6       0x12 ./Drivers/STM32F1xx_HAL_Driver/Src/stm32f1xx_hal_uart.o
                0x00000000080054e6                HAL_UART_ErrorCallback
 .text.HAL_UARTEx_RxEventCallback
                0x00000000080054f8       0x16 ./Drivers/STM32F1xx_HAL_Driver/Src/stm32f1xx_hal_uart.o
                0x00000000080054f8                HAL_UARTEx_RxEventCallback
 .text.UART_DMATransmitCplt
                0x000000000800550e       0x52 ./Drivers/STM32F1xx_HAL_Driver/Src/stm32f1xx_hal_uart.o
 .text.UART_DMATxHalfCplt
                0x0000000008005560       0x1c ./Drivers/STM32F1xx_HAL_Driver/Src/stm32f1xx_hal_uart.o
 .text.UART_DMAError
                0x000000000800557c       0x94 ./Drivers/STM32F1xx_HAL_Driver/Src/stm32f1xx_hal_uart.o
 .text.UART_EndTxTransfer
                0x0000000008005610       0x2a ./Drivers/STM32F1xx_HAL_Driver/Src/stm32f1xx_hal_uart.o
 .text.UART_EndRxTransfer
                0x000000000800563a       0x58 ./Drivers/STM32F1xx_HAL_Driver/Src/stm32f1xx_hal_uart.o
 .text.UART_DMAAbortOnError
                0x0000000008005692       0x28 ./Drivers/STM32F1xx_HAL_Driver/Src/stm32f1xx_hal_uart.o
 .text.UART_Transmit_IT
                0x00000000080056ba       0x9e ./Drivers/STM32F1xx_HAL_Driver/Src/stm32f1xx_hal_uart.o
 .text.UART_EndTransmit_IT
                0x0000000008005758       0x30 ./Drivers/STM32F1xx_HAL_Driver/Src/stm32f1xx_hal_uart.o
 .text.UART_Receive_IT
                0x0000000008005788      0x152 ./Drivers/STM32F1xx_HAL_Driver/Src/stm32f1xx_hal_uart.o
 *fill*         0x00000000080058da        0x2 
 .text.UART_SetConfig
                0x00000000080058dc      0x11c ./Drivers/STM32F1xx_HAL_Driver/Src/stm32f1xx_hal_uart.o
 .text.__libc_init_array
                0x00000000080059f8       0x48 c:/st/stm32cubeide_1.6.0/stm32cubeide/plugins/com.st.stm32cube.ide.mcu.externaltools.gnu-tools-for-stm32.10.3-2021.10.win32_1.0.200.202301161003/tools/bin/../lib/gcc/arm-none-eabi/10.3.1/../../../../arm-none-eabi/lib/thumb/v7-m/nofp\libc_nano.a(lib_a-init.o)
                0x00000000080059f8                __libc_init_array
 .text.memset   0x0000000008005a40       0x10 c:/st/stm32cubeide_1.6.0/stm32cubeide/plugins/com.st.stm32cube.ide.mcu.externaltools.gnu-tools-for-stm32.10.3-2021.10.win32_1.0.200.202301161003/tools/bin/../lib/gcc/arm-none-eabi/10.3.1/../../../../arm-none-eabi/lib/thumb/v7-m/nofp\libc_nano.a(lib_a-memset.o)
                0x0000000008005a40                memset
 *(.glue_7)
 .glue_7        0x0000000008005a50        0x0 linker stubs
 *(.glue_7t)
 .glue_7t       0x0000000008005a50        0x0 linker stubs
 *(.eh_frame)
 .eh_frame      0x0000000008005a50        0x0 c:/st/stm32cubeide_1.6.0/stm32cubeide/plugins/com.st.stm32cube.ide.mcu.externaltools.gnu-tools-for-stm32.10.3-2021.10.win32_1.0.200.202301161003/tools/bin/../lib/gcc/arm-none-eabi/10.3.1/thumb/v7-m/nofp/crtbegin.o
 *(.init)
 .init          0x0000000008005a50        0x4 c:/st/stm32cubeide_1.6.0/stm32cubeide/plugins/com.st.stm32cube.ide.mcu.externaltools.gnu-tools-for-stm32.10.3-2021.10.win32_1.0.200.202301161003/tools/bin/../lib/gcc/arm-none-eabi/10.3.1/thumb/v7-m/nofp/crti.o
                0x0000000008005a50                _init
 .init          0x0000000008005a54        0x8 c:/st/stm32cubeide_1.6.0/stm32cubeide/plugins/com.st.stm32cube.ide.mcu.externaltools.gnu-tools-for-stm32.10.3-2021.10.win32_1.0.200.202301161003/tools/bin/../lib/gcc/arm-none-eabi/10.3.1/thumb/v7-m/nofp/crtn.o
 *(.fini)
 .fini          0x0000000008005a5c        0x4 c:/st/stm32cubeide_1.6.0/stm32cubeide/plugins/com.st.stm32cube.ide.mcu.externaltools.gnu-tools-for-stm32.10.3-2021.10.win32_1.0.200.202301161003/tools/bin/../lib/gcc/arm-none-eabi/10.3.1/thumb/v7-m/nofp/crti.o
                0x0000000008005a5c                _fini
 .fini          0x0000000008005a60        0x8 c:/st/stm32cubeide_1.6.0/stm32cubeide/plugins/com.st.stm32cube.ide.mcu.externaltools.gnu-tools-for-stm32.10.3-2021.10.win32_1.0.200.202301161003/tools/bin/../lib/gcc/arm-none-eabi/10.3.1/thumb/v7-m/nofp/crtn.o
                0x0000000008005a68                . = ALIGN (0x4)
                0x0000000008005a68                _etext = .

.vfp11_veneer   0x0000000008005a68        0x0
 .vfp11_veneer  0x0000000008005a68        0x0 linker stubs

.v4_bx          0x0000000008005a68        0x0
 .v4_bx         0x0000000008005a68        0x0 linker stubs

.iplt           0x0000000008005a68        0x0
 .iplt          0x0000000008005a68        0x0 c:/st/stm32cubeide_1.6.0/stm32cubeide/plugins/com.st.stm32cube.ide.mcu.externaltools.gnu-tools-for-stm32.10.3-2021.10.win32_1.0.200.202301161003/tools/bin/../lib/gcc/arm-none-eabi/10.3.1/thumb/v7-m/nofp/crtbegin.o

.rodata         0x0000000008005a68       0x28
                0x0000000008005a68                . = ALIGN (0x4)
 *(.rodata)
 .rodata        0x0000000008005a68       0x10 ./Drivers/STM32F1xx_HAL_Driver/Src/stm32f1xx_hal_rcc.o
 *(.rodata*)
 .rodata.AHBPrescTable
                0x0000000008005a78       0x10 ./Core/Src/system_stm32f1xx.o
                0x0000000008005a78                AHBPrescTable
 .rodata.APBPrescTable
                0x0000000008005a88        0x8 ./Core/Src/system_stm32f1xx.o
                0x0000000008005a88                APBPrescTable
                0x0000000008005a90                . = ALIGN (0x4)

.rel.dyn        0x0000000008005a90        0x0
 .rel.iplt      0x0000000008005a90        0x0 c:/st/stm32cubeide_1.6.0/stm32cubeide/plugins/com.st.stm32cube.ide.mcu.externaltools.gnu-tools-for-stm32.10.3-2021.10.win32_1.0.200.202301161003/tools/bin/../lib/gcc/arm-none-eabi/10.3.1/thumb/v7-m/nofp/crtbegin.o

.ARM.extab      0x0000000008005a90        0x0
                0x0000000008005a90                . = ALIGN (0x4)
 *(.ARM.extab* .gnu.linkonce.armextab.*)
                0x0000000008005a90                . = ALIGN (0x4)

.ARM            0x0000000008005a90        0x0
                0x0000000008005a90                . = ALIGN (0x4)
                0x0000000008005a90                __exidx_start = .
 *(.ARM.exidx*)
                0x0000000008005a90                __exidx_end = .
                0x0000000008005a90                . = ALIGN (0x4)

.preinit_array  0x0000000008005a90        0x0
                0x0000000008005a90                . = ALIGN (0x4)
                0x0000000008005a90                PROVIDE (__preinit_array_start = .)
 *(.preinit_array*)
                0x0000000008005a90                PROVIDE (__preinit_array_end = .)
                0x0000000008005a90                . = ALIGN (0x4)

.init_array     0x0000000008005a90        0x4
                0x0000000008005a90                . = ALIGN (0x4)
                0x0000000008005a90                PROVIDE (__init_array_start = .)
 *(SORT_BY_NAME(.init_array.*))
 *(.init_array*)
 .init_array    0x0000000008005a90        0x4 c:/st/stm32cubeide_1.6.0/stm32cubeide/plugins/com.st.stm32cube.ide.mcu.externaltools.gnu-tools-for-stm32.10.3-2021.10.win32_1.0.200.202301161003/tools/bin/../lib/gcc/arm-none-eabi/10.3.1/thumb/v7-m/nofp/crtbegin.o
                0x0000000008005a94                PROVIDE (__init_array_end = .)
                0x0000000008005a94                . = ALIGN (0x4)

.fini_array     0x0000000008005a94        0x4
                0x0000000008005a94                . = ALIGN (0x4)
                [!provide]                        PROVIDE (__fini_array_start = .)
 *(SORT_BY_NAME(.fini_array.*))
 *(.fini_array*)
 .fini_array    0x0000000008005a94        0x4 c:/st/stm32cubeide_1.6.0/stm32cubeide/plugins/com.st.stm32cube.ide.mcu.externaltools.gnu-tools-for-stm32.10.3-2021.10.win32_1.0.200.202301161003/tools/bin/../lib/gcc/arm-none-eabi/10.3.1/thumb/v7-m/nofp/crtbegin.o
                [!provide]                        PROVIDE (__fini_array_end = .)
                0x0000000008005a98                . = ALIGN (0x4)
                0x0000000008005a98                _sidata = LOADADDR (.data)

.data           0x0000000020000000       0x14 load address 0x0000000008005a98
                0x0000000020000000                . = ALIGN (0x4)
                0x0000000020000000                _sdata = .
 *(.data)
 *(.data*)
 .data.adrs_219
                0x0000000020000000        0x1 ./Core/Src/ina219.o
                0x0000000020000000                adrs_219
 *fill*         0x0000000020000001        0x3 
 .data.duty_cycle
                0x0000000020000004        0x4 ./Core/Src/main.o
                0x0000000020000004                duty_cycle
 .data.SystemCoreClock
                0x0000000020000008        0x4 ./Core/Src/system_stm32f1xx.o
                0x0000000020000008                SystemCoreClock
 .data.uwTickPrio
                0x000000002000000c        0x4 ./Drivers/STM32F1xx_HAL_Driver/Src/stm32f1xx_hal.o
                0x000000002000000c                uwTickPrio
 .data.uwTickFreq
                0x0000000020000010        0x1 ./Drivers/STM32F1xx_HAL_Driver/Src/stm32f1xx_hal.o
                0x0000000020000010                uwTickFreq
 *(.RamFunc)
 *(.RamFunc*)
                0x0000000020000014                . = ALIGN (0x4)
 *fill*         0x0000000020000011        0x3 
                0x0000000020000014                _edata = .

.igot.plt       0x0000000020000014        0x0 load address 0x0000000008005aac
 .igot.plt      0x0000000020000014        0x0 c:/st/stm32cubeide_1.6.0/stm32cubeide/plugins/com.st.stm32cube.ide.mcu.externaltools.gnu-tools-for-stm32.10.3-2021.10.win32_1.0.200.202301161003/tools/bin/../lib/gcc/arm-none-eabi/10.3.1/thumb/v7-m/nofp/crtbegin.o
                0x0000000020000014                . = ALIGN (0x4)

.bss            0x0000000020000014      0x2b4 load address 0x0000000008005aac
                0x0000000020000014                _sbss = .
                0x0000000020000014                __bss_start__ = _sbss
 *(.bss)
 .bss           0x0000000020000014       0x1c c:/st/stm32cubeide_1.6.0/stm32cubeide/plugins/com.st.stm32cube.ide.mcu.externaltools.gnu-tools-for-stm32.10.3-2021.10.win32_1.0.200.202301161003/tools/bin/../lib/gcc/arm-none-eabi/10.3.1/thumb/v7-m/nofp/crtbegin.o
 *(.bss*)
 .bss.ina219_currentDivider_mA
                0x0000000020000030        0x4 ./Core/Src/ina219.o
                0x0000000020000030                ina219_currentDivider_mA
 .bss.ina219_powerMultiplier_mW
                0x0000000020000034        0x4 ./Core/Src/ina219.o
                0x0000000020000034                ina219_powerMultiplier_mW
 .bss.ina219_calValue
                0x0000000020000038        0x4 ./Core/Src/ina219.o
                0x0000000020000038                ina219_calValue
 .bss.hi2c2     0x000000002000003c       0x54 ./Core/Src/main.o
                0x000000002000003c                hi2c2
 .bss.htim1     0x0000000020000090       0x48 ./Core/Src/main.o
                0x0000000020000090                htim1
 .bss.htim4     0x00000000200000d8       0x48 ./Core/Src/main.o
                0x00000000200000d8                htim4
 .bss.huart2    0x0000000020000120       0x44 ./Core/Src/main.o
                0x0000000020000120                huart2
 .bss.hdma_usart2_tx
                0x0000000020000164       0x44 ./Core/Src/main.o
                0x0000000020000164                hdma_usart2_tx
 .bss.CURRENT_FILTER_COUNTER
                0x00000000200001a8        0x4 ./Core/Src/main.o
                0x00000000200001a8                CURRENT_FILTER_COUNTER
 .bss.POWER_FILTER_COUNTER
                0x00000000200001ac        0x4 ./Core/Src/main.o
                0x00000000200001ac                POWER_FILTER_COUNTER
 .bss.VOLTAGE_FILTER_COUNTER
                0x00000000200001b0        0x4 ./Core/Src/main.o
                0x00000000200001b0                VOLTAGE_FILTER_COUNTER
 .bss.current_filter_data
                0x00000000200001b4       0x50 ./Core/Src/main.o
                0x00000000200001b4                current_filter_data
 .bss.current_filter_sum_value
                0x0000000020000204        0x4 ./Core/Src/main.o
                0x0000000020000204                current_filter_sum_value
 .bss.current_value
                0x0000000020000208        0x4 ./Core/Src/main.o
                0x0000000020000208                current_value
 .bss.average_current_value
                0x000000002000020c        0x4 ./Core/Src/main.o
                0x000000002000020c                average_current_value
 .bss.delta_I   0x0000000020000210        0x4 ./Core/Src/main.o
                0x0000000020000210                delta_I
 .bss.prev_I    0x0000000020000214        0x4 ./Core/Src/main.o
                0x0000000020000214                prev_I
 .bss.power_filter_data
                0x0000000020000218       0x50 ./Core/Src/main.o
                0x0000000020000218                power_filter_data
 .bss.power_filter_sum_value
                0x0000000020000268        0x4 ./Core/Src/main.o
                0x0000000020000268                power_filter_sum_value
 .bss.power_value
                0x000000002000026c        0x4 ./Core/Src/main.o
                0x000000002000026c                power_value
 .bss.average_power_value
                0x0000000020000270        0x4 ./Core/Src/main.o
                0x0000000020000270                average_power_value
 .bss.delta_P   0x0000000020000274        0x4 ./Core/Src/main.o
                0x0000000020000274                delta_P
 .bss.voltage_filter_data
                0x0000000020000278       0x14 ./Core/Src/main.o
                0x0000000020000278                voltage_filter_data
 .bss.voltage_filter_sum_value
                0x000000002000028c        0x4 ./Core/Src/main.o
                0x000000002000028c                voltage_filter_sum_value
 .bss.voltage_value
                0x0000000020000290        0x4 ./Core/Src/main.o
                0x0000000020000290                voltage_value
 .bss.average_voltage_value
                0x0000000020000294        0x4 ./Core/Src/main.o
                0x0000000020000294                average_voltage_value
 .bss.delta_V   0x0000000020000298        0x4 ./Core/Src/main.o
                0x0000000020000298                delta_V
 .bss.prev_V    0x000000002000029c        0x4 ./Core/Src/main.o
                0x000000002000029c                prev_V
 .bss.data      0x00000000200002a0       0x24 ./Core/Src/main.o
                0x00000000200002a0                data
 .bss.uwTick    0x00000000200002c4        0x4 ./Drivers/STM32F1xx_HAL_Driver/Src/stm32f1xx_hal.o
                0x00000000200002c4                uwTick
 *(COMMON)
                0x00000000200002c8                . = ALIGN (0x4)
                0x00000000200002c8                _ebss = .
                0x00000000200002c8                __bss_end__ = _ebss

._user_heap_stack
                0x00000000200002c8      0x600 load address 0x0000000008005aac
                0x00000000200002c8                . = ALIGN (0x8)
                [!provide]                        PROVIDE (end = .)
                0x00000000200002c8                PROVIDE (_end = .)
                0x00000000200004c8                . = (. + _Min_Heap_Size)
 *fill*         0x00000000200002c8      0x200 
                0x00000000200008c8                . = (. + _Min_Stack_Size)
 *fill*         0x00000000200004c8      0x400 
                0x00000000200008c8                . = ALIGN (0x8)

/DISCARD/
 libc.a(*)
 libm.a(*)
 libgcc.a(*)

.ARM.attributes
                0x0000000000000000       0x29
 *(.ARM.attributes)
 .ARM.attributes
                0x0000000000000000       0x1d c:/st/stm32cubeide_1.6.0/stm32cubeide/plugins/com.st.stm32cube.ide.mcu.externaltools.gnu-tools-for-stm32.10.3-2021.10.win32_1.0.200.202301161003/tools/bin/../lib/gcc/arm-none-eabi/10.3.1/thumb/v7-m/nofp/crti.o
 .ARM.attributes
                0x000000000000001d       0x2d c:/st/stm32cubeide_1.6.0/stm32cubeide/plugins/com.st.stm32cube.ide.mcu.externaltools.gnu-tools-for-stm32.10.3-2021.10.win32_1.0.200.202301161003/tools/bin/../lib/gcc/arm-none-eabi/10.3.1/thumb/v7-m/nofp/crtbegin.o
 .ARM.attributes
                0x000000000000004a       0x2d ./Core/Src/ina219.o
 .ARM.attributes
                0x0000000000000077       0x2d ./Core/Src/main.o
 .ARM.attributes
                0x00000000000000a4       0x2d ./Core/Src/stm32f1xx_hal_msp.o
 .ARM.attributes
                0x00000000000000d1       0x2d ./Core/Src/stm32f1xx_it.o
 .ARM.attributes
                0x00000000000000fe       0x2d ./Core/Src/system_stm32f1xx.o
 .ARM.attributes
                0x000000000000012b       0x21 ./Core/Startup/startup_stm32f103c8tx.o
 .ARM.attributes
                0x000000000000014c       0x2d ./Drivers/STM32F1xx_HAL_Driver/Src/stm32f1xx_hal.o
 .ARM.attributes
                0x0000000000000179       0x2d ./Drivers/STM32F1xx_HAL_Driver/Src/stm32f1xx_hal_cortex.o
 .ARM.attributes
                0x00000000000001a6       0x2d ./Drivers/STM32F1xx_HAL_Driver/Src/stm32f1xx_hal_dma.o
 .ARM.attributes
                0x00000000000001d3       0x2d ./Drivers/STM32F1xx_HAL_Driver/Src/stm32f1xx_hal_gpio.o
 .ARM.attributes
                0x0000000000000200       0x2d ./Drivers/STM32F1xx_HAL_Driver/Src/stm32f1xx_hal_i2c.o
 .ARM.attributes
                0x000000000000022d       0x2d ./Drivers/STM32F1xx_HAL_Driver/Src/stm32f1xx_hal_rcc.o
 .ARM.attributes
                0x000000000000025a       0x2d ./Drivers/STM32F1xx_HAL_Driver/Src/stm32f1xx_hal_tim.o
 .ARM.attributes
                0x0000000000000287       0x2d ./Drivers/STM32F1xx_HAL_Driver/Src/stm32f1xx_hal_tim_ex.o
 .ARM.attributes
                0x00000000000002b4       0x2d ./Drivers/STM32F1xx_HAL_Driver/Src/stm32f1xx_hal_uart.o
 .ARM.attributes
                0x00000000000002e1       0x2d c:/st/stm32cubeide_1.6.0/stm32cubeide/plugins/com.st.stm32cube.ide.mcu.externaltools.gnu-tools-for-stm32.10.3-2021.10.win32_1.0.200.202301161003/tools/bin/../lib/gcc/arm-none-eabi/10.3.1/../../../../arm-none-eabi/lib/thumb/v7-m/nofp\libc_nano.a(lib_a-init.o)
 .ARM.attributes
                0x000000000000030e       0x2d c:/st/stm32cubeide_1.6.0/stm32cubeide/plugins/com.st.stm32cube.ide.mcu.externaltools.gnu-tools-for-stm32.10.3-2021.10.win32_1.0.200.202301161003/tools/bin/../lib/gcc/arm-none-eabi/10.3.1/../../../../arm-none-eabi/lib/thumb/v7-m/nofp\libc_nano.a(lib_a-memset.o)
 .ARM.attributes
                0x000000000000033b       0x1d c:/st/stm32cubeide_1.6.0/stm32cubeide/plugins/com.st.stm32cube.ide.mcu.externaltools.gnu-tools-for-stm32.10.3-2021.10.win32_1.0.200.202301161003/tools/bin/../lib/gcc/arm-none-eabi/10.3.1/thumb/v7-m/nofp\libgcc.a(_arm_muldf3.o)
 .ARM.attributes
                0x0000000000000358       0x1d c:/st/stm32cubeide_1.6.0/stm32cubeide/plugins/com.st.stm32cube.ide.mcu.externaltools.gnu-tools-for-stm32.10.3-2021.10.win32_1.0.200.202301161003/tools/bin/../lib/gcc/arm-none-eabi/10.3.1/thumb/v7-m/nofp\libgcc.a(_arm_addsubdf3.o)
 .ARM.attributes
                0x0000000000000375       0x1d c:/st/stm32cubeide_1.6.0/stm32cubeide/plugins/com.st.stm32cube.ide.mcu.externaltools.gnu-tools-for-stm32.10.3-2021.10.win32_1.0.200.202301161003/tools/bin/../lib/gcc/arm-none-eabi/10.3.1/thumb/v7-m/nofp\libgcc.a(_arm_cmpdf2.o)
 .ARM.attributes
                0x0000000000000392       0x1d c:/st/stm32cubeide_1.6.0/stm32cubeide/plugins/com.st.stm32cube.ide.mcu.externaltools.gnu-tools-for-stm32.10.3-2021.10.win32_1.0.200.202301161003/tools/bin/../lib/gcc/arm-none-eabi/10.3.1/thumb/v7-m/nofp\libgcc.a(_arm_truncdfsf2.o)
 .ARM.attributes
                0x00000000000003af       0x1d c:/st/stm32cubeide_1.6.0/stm32cubeide/plugins/com.st.stm32cube.ide.mcu.externaltools.gnu-tools-for-stm32.10.3-2021.10.win32_1.0.200.202301161003/tools/bin/../lib/gcc/arm-none-eabi/10.3.1/thumb/v7-m/nofp\libgcc.a(_arm_addsubsf3.o)
 .ARM.attributes
                0x00000000000003cc       0x1d c:/st/stm32cubeide_1.6.0/stm32cubeide/plugins/com.st.stm32cube.ide.mcu.externaltools.gnu-tools-for-stm32.10.3-2021.10.win32_1.0.200.202301161003/tools/bin/../lib/gcc/arm-none-eabi/10.3.1/thumb/v7-m/nofp\libgcc.a(_arm_muldivsf3.o)
 .ARM.attributes
                0x00000000000003e9       0x1d c:/st/stm32cubeide_1.6.0/stm32cubeide/plugins/com.st.stm32cube.ide.mcu.externaltools.gnu-tools-for-stm32.10.3-2021.10.win32_1.0.200.202301161003/tools/bin/../lib/gcc/arm-none-eabi/10.3.1/thumb/v7-m/nofp\libgcc.a(_arm_cmpsf2.o)
 .ARM.attributes
                0x0000000000000406       0x1d c:/st/stm32cubeide_1.6.0/stm32cubeide/plugins/com.st.stm32cube.ide.mcu.externaltools.gnu-tools-for-stm32.10.3-2021.10.win32_1.0.200.202301161003/tools/bin/../lib/gcc/arm-none-eabi/10.3.1/thumb/v7-m/nofp/crtn.o
OUTPUT(solar_panel_monitor.elf elf32-littlearm)
LOAD linker stubs
LOAD c:/st/stm32cubeide_1.6.0/stm32cubeide/plugins/com.st.stm32cube.ide.mcu.externaltools.gnu-tools-for-stm32.10.3-2021.10.win32_1.0.200.202301161003/tools/bin/../lib/gcc/arm-none-eabi/10.3.1/../../../../arm-none-eabi/lib/thumb/v7-m/nofp\libc.a
LOAD c:/st/stm32cubeide_1.6.0/stm32cubeide/plugins/com.st.stm32cube.ide.mcu.externaltools.gnu-tools-for-stm32.10.3-2021.10.win32_1.0.200.202301161003/tools/bin/../lib/gcc/arm-none-eabi/10.3.1/../../../../arm-none-eabi/lib/thumb/v7-m/nofp\libm.a
LOAD c:/st/stm32cubeide_1.6.0/stm32cubeide/plugins/com.st.stm32cube.ide.mcu.externaltools.gnu-tools-for-stm32.10.3-2021.10.win32_1.0.200.202301161003/tools/bin/../lib/gcc/arm-none-eabi/10.3.1/thumb/v7-m/nofp\libgcc.a

.debug_info     0x0000000000000000     0xe512
 .debug_info    0x0000000000000000      0xbd5 ./Core/Src/ina219.o
 .debug_info    0x0000000000000bd5     0x175b ./Core/Src/main.o
 .debug_info    0x0000000000002330     0x11a6 ./Core/Src/stm32f1xx_hal_msp.o
 .debug_info    0x00000000000034d6      0x9d8 ./Core/Src/stm32f1xx_it.o
 .debug_info    0x0000000000003eae      0x23d ./Core/Src/system_stm32f1xx.o
 .debug_info    0x00000000000040eb       0x22 ./Core/Startup/startup_stm32f103c8tx.o
 .debug_info    0x000000000000410d      0x734 ./Drivers/STM32F1xx_HAL_Driver/Src/stm32f1xx_hal.o
 .debug_info    0x0000000000004841      0xb20 ./Drivers/STM32F1xx_HAL_Driver/Src/stm32f1xx_hal_cortex.o
 .debug_info    0x0000000000005361      0x73f ./Drivers/STM32F1xx_HAL_Driver/Src/stm32f1xx_hal_dma.o
 .debug_info    0x0000000000005aa0      0x615 ./Drivers/STM32F1xx_HAL_Driver/Src/stm32f1xx_hal_gpio.o
 .debug_info    0x00000000000060b5     0x2734 ./Drivers/STM32F1xx_HAL_Driver/Src/stm32f1xx_hal_i2c.o
 .debug_info    0x00000000000087e9      0x860 ./Drivers/STM32F1xx_HAL_Driver/Src/stm32f1xx_hal_rcc.o
 .debug_info    0x0000000000009049     0x29de ./Drivers/STM32F1xx_HAL_Driver/Src/stm32f1xx_hal_tim.o
 .debug_info    0x000000000000ba27     0x1513 ./Drivers/STM32F1xx_HAL_Driver/Src/stm32f1xx_hal_tim_ex.o
 .debug_info    0x000000000000cf3a     0x15d8 ./Drivers/STM32F1xx_HAL_Driver/Src/stm32f1xx_hal_uart.o

.debug_abbrev   0x0000000000000000     0x1fb7
 .debug_abbrev  0x0000000000000000      0x264 ./Core/Src/ina219.o
 .debug_abbrev  0x0000000000000264      0x337 ./Core/Src/main.o
 .debug_abbrev  0x000000000000059b      0x240 ./Core/Src/stm32f1xx_hal_msp.o
 .debug_abbrev  0x00000000000007db      0x184 ./Core/Src/stm32f1xx_it.o
 .debug_abbrev  0x000000000000095f      0x13b ./Core/Src/system_stm32f1xx.o
 .debug_abbrev  0x0000000000000a9a       0x12 ./Core/Startup/startup_stm32f103c8tx.o
 .debug_abbrev  0x0000000000000aac      0x1fb ./Drivers/STM32F1xx_HAL_Driver/Src/stm32f1xx_hal.o
 .debug_abbrev  0x0000000000000ca7      0x2ed ./Drivers/STM32F1xx_HAL_Driver/Src/stm32f1xx_hal_cortex.o
 .debug_abbrev  0x0000000000000f94      0x1fe ./Drivers/STM32F1xx_HAL_Driver/Src/stm32f1xx_hal_dma.o
 .debug_abbrev  0x0000000000001192      0x1bb ./Drivers/STM32F1xx_HAL_Driver/Src/stm32f1xx_hal_gpio.o
 .debug_abbrev  0x000000000000134d      0x288 ./Drivers/STM32F1xx_HAL_Driver/Src/stm32f1xx_hal_i2c.o
 .debug_abbrev  0x00000000000015d5      0x2a8 ./Drivers/STM32F1xx_HAL_Driver/Src/stm32f1xx_hal_rcc.o
 .debug_abbrev  0x000000000000187d      0x25d ./Drivers/STM32F1xx_HAL_Driver/Src/stm32f1xx_hal_tim.o
 .debug_abbrev  0x0000000000001ada      0x265 ./Drivers/STM32F1xx_HAL_Driver/Src/stm32f1xx_hal_tim_ex.o
 .debug_abbrev  0x0000000000001d3f      0x278 ./Drivers/STM32F1xx_HAL_Driver/Src/stm32f1xx_hal_uart.o

.debug_aranges  0x0000000000000000      0xf90
 .debug_aranges
                0x0000000000000000       0xa0 ./Core/Src/ina219.o
 .debug_aranges
                0x00000000000000a0       0xa8 ./Core/Src/main.o
 .debug_aranges
                0x0000000000000148       0x58 ./Core/Src/stm32f1xx_hal_msp.o
 .debug_aranges
                0x00000000000001a0       0x80 ./Core/Src/stm32f1xx_it.o
 .debug_aranges
                0x0000000000000220       0x28 ./Core/Src/system_stm32f1xx.o
 .debug_aranges
                0x0000000000000248       0x28 ./Core/Startup/startup_stm32f103c8tx.o
 .debug_aranges
                0x0000000000000270       0xe0 ./Drivers/STM32F1xx_HAL_Driver/Src/stm32f1xx_hal.o
 .debug_aranges
                0x0000000000000350      0x100 ./Drivers/STM32F1xx_HAL_Driver/Src/stm32f1xx_hal_cortex.o
 .debug_aranges
                0x0000000000000450       0x80 ./Drivers/STM32F1xx_HAL_Driver/Src/stm32f1xx_hal_dma.o
 .debug_aranges
                0x00000000000004d0       0x58 ./Drivers/STM32F1xx_HAL_Driver/Src/stm32f1xx_hal_gpio.o
 .debug_aranges
                0x0000000000000528      0x2a0 ./Drivers/STM32F1xx_HAL_Driver/Src/stm32f1xx_hal_i2c.o
 .debug_aranges
                0x00000000000007c8       0x90 ./Drivers/STM32F1xx_HAL_Driver/Src/stm32f1xx_hal_rcc.o
 .debug_aranges
                0x0000000000000858      0x3d0 ./Drivers/STM32F1xx_HAL_Driver/Src/stm32f1xx_hal_tim.o
 .debug_aranges
                0x0000000000000c28      0x168 ./Drivers/STM32F1xx_HAL_Driver/Src/stm32f1xx_hal_tim_ex.o
 .debug_aranges
                0x0000000000000d90      0x200 ./Drivers/STM32F1xx_HAL_Driver/Src/stm32f1xx_hal_uart.o

.debug_ranges   0x0000000000000000      0xf00
 .debug_ranges  0x0000000000000000       0x90 ./Core/Src/ina219.o
 .debug_ranges  0x0000000000000090       0x98 ./Core/Src/main.o
 .debug_ranges  0x0000000000000128       0x48 ./Core/Src/stm32f1xx_hal_msp.o
 .debug_ranges  0x0000000000000170       0x70 ./Core/Src/stm32f1xx_it.o
 .debug_ranges  0x00000000000001e0       0x18 ./Core/Src/system_stm32f1xx.o
 .debug_ranges  0x00000000000001f8       0x20 ./Core/Startup/startup_stm32f103c8tx.o
 .debug_ranges  0x0000000000000218       0xd0 ./Drivers/STM32F1xx_HAL_Driver/Src/stm32f1xx_hal.o
 .debug_ranges  0x00000000000002e8       0xf0 ./Drivers/STM32F1xx_HAL_Driver/Src/stm32f1xx_hal_cortex.o
 .debug_ranges  0x00000000000003d8       0x70 ./Drivers/STM32F1xx_HAL_Driver/Src/stm32f1xx_hal_dma.o
 .debug_ranges  0x0000000000000448       0x48 ./Drivers/STM32F1xx_HAL_Driver/Src/stm32f1xx_hal_gpio.o
 .debug_ranges  0x0000000000000490      0x2b8 ./Drivers/STM32F1xx_HAL_Driver/Src/stm32f1xx_hal_i2c.o
 .debug_ranges  0x0000000000000748       0x80 ./Drivers/STM32F1xx_HAL_Driver/Src/stm32f1xx_hal_rcc.o
 .debug_ranges  0x00000000000007c8      0x3c0 ./Drivers/STM32F1xx_HAL_Driver/Src/stm32f1xx_hal_tim.o
 .debug_ranges  0x0000000000000b88      0x158 ./Drivers/STM32F1xx_HAL_Driver/Src/stm32f1xx_hal_tim_ex.o
 .debug_ranges  0x0000000000000ce0      0x220 ./Drivers/STM32F1xx_HAL_Driver/Src/stm32f1xx_hal_uart.o

.debug_macro    0x0000000000000000    0x1824d
 .debug_macro   0x0000000000000000      0x28a ./Core/Src/ina219.o
 .debug_macro   0x000000000000028a      0xa6c ./Core/Src/ina219.o
 .debug_macro   0x0000000000000cf6       0x22 ./Core/Src/ina219.o
 .debug_macro   0x0000000000000d18       0x8e ./Core/Src/ina219.o
 .debug_macro   0x0000000000000da6       0x51 ./Core/Src/ina219.o
 .debug_macro   0x0000000000000df7      0x103 ./Core/Src/ina219.o
 .debug_macro   0x0000000000000efa       0x6a ./Core/Src/ina219.o
 .debug_macro   0x0000000000000f64      0x1df ./Core/Src/ina219.o
 .debug_macro   0x0000000000001143       0x52 ./Core/Src/ina219.o
 .debug_macro   0x0000000000001195       0x18 ./Core/Src/ina219.o
 .debug_macro   0x00000000000011ad       0x3c ./Core/Src/ina219.o
 .debug_macro   0x00000000000011e9       0x34 ./Core/Src/ina219.o
 .debug_macro   0x000000000000121d      0x174 ./Core/Src/ina219.o
 .debug_macro   0x0000000000001391       0x16 ./Core/Src/ina219.o
 .debug_macro   0x00000000000013a7       0x43 ./Core/Src/ina219.o
 .debug_macro   0x00000000000013ea       0x34 ./Core/Src/ina219.o
 .debug_macro   0x000000000000141e       0x10 ./Core/Src/ina219.o
 .debug_macro   0x000000000000142e       0x58 ./Core/Src/ina219.o
 .debug_macro   0x0000000000001486       0x71 ./Core/Src/ina219.o
 .debug_macro   0x00000000000014f7       0x1c ./Core/Src/ina219.o
 .debug_macro   0x0000000000001513      0x12a ./Core/Src/ina219.o
 .debug_macro   0x000000000000163d      0x341 ./Core/Src/ina219.o
 .debug_macro   0x000000000000197e       0x10 ./Core/Src/ina219.o
 .debug_macro   0x000000000000198e       0x35 ./Core/Src/ina219.o
 .debug_macro   0x00000000000019c3       0x20 ./Core/Src/ina219.o
 .debug_macro   0x00000000000019e3       0x63 ./Core/Src/ina219.o
 .debug_macro   0x0000000000001a46      0x227 ./Core/Src/ina219.o
 .debug_macro   0x0000000000001c6d       0x2e ./Core/Src/ina219.o
 .debug_macro   0x0000000000001c9b       0x22 ./Core/Src/ina219.o
 .debug_macro   0x0000000000001cbd       0x1c ./Core/Src/ina219.o
 .debug_macro   0x0000000000001cd9       0x22 ./Core/Src/ina219.o
 .debug_macro   0x0000000000001cfb       0xbd ./Core/Src/ina219.o
 .debug_macro   0x0000000000001db8      0xd23 ./Core/Src/ina219.o
 .debug_macro   0x0000000000002adb     0xe09e ./Core/Src/ina219.o
 .debug_macro   0x0000000000010b79       0x6d ./Core/Src/ina219.o
 .debug_macro   0x0000000000010be6     0x3468 ./Core/Src/ina219.o
 .debug_macro   0x000000000001404e       0x56 ./Core/Src/ina219.o
 .debug_macro   0x00000000000140a4      0x5be ./Core/Src/ina219.o
 .debug_macro   0x0000000000014662      0x289 ./Core/Src/ina219.o
 .debug_macro   0x00000000000148eb      0x1cb ./Core/Src/ina219.o
 .debug_macro   0x0000000000014ab6      0x114 ./Core/Src/ina219.o
 .debug_macro   0x0000000000014bca      0x1b2 ./Core/Src/ina219.o
 .debug_macro   0x0000000000014d7c       0x27 ./Core/Src/ina219.o
 .debug_macro   0x0000000000014da3      0x136 ./Core/Src/ina219.o
 .debug_macro   0x0000000000014ed9      0x1bc ./Core/Src/ina219.o
 .debug_macro   0x0000000000015095       0x34 ./Core/Src/ina219.o
 .debug_macro   0x00000000000150c9       0x3c ./Core/Src/ina219.o
 .debug_macro   0x0000000000015105       0x57 ./Core/Src/ina219.o
 .debug_macro   0x000000000001515c       0x88 ./Core/Src/ina219.o
 .debug_macro   0x00000000000151e4      0x241 ./Core/Src/ina219.o
 .debug_macro   0x0000000000015425      0x287 ./Core/Src/ina219.o
 .debug_macro   0x00000000000156ac      0x141 ./Core/Src/ina219.o
 .debug_macro   0x00000000000157ed      0x8d1 ./Core/Src/ina219.o
 .debug_macro   0x00000000000160be      0x279 ./Core/Src/ina219.o
 .debug_macro   0x0000000000016337       0x83 ./Core/Src/ina219.o
 .debug_macro   0x00000000000163ba      0x344 ./Core/Src/main.o
 .debug_macro   0x00000000000166fe       0x5c ./Core/Src/main.o
 .debug_macro   0x000000000001675a       0x83 ./Core/Src/main.o
 .debug_macro   0x00000000000167dd       0x16 ./Core/Src/main.o
 .debug_macro   0x00000000000167f3       0x10 ./Core/Src/main.o
 .debug_macro   0x0000000000016803       0x10 ./Core/Src/main.o
 .debug_macro   0x0000000000016813       0x1c ./Core/Src/main.o
 .debug_macro   0x000000000001682f       0x52 ./Core/Src/main.o
 .debug_macro   0x0000000000016881       0x22 ./Core/Src/main.o
 .debug_macro   0x00000000000168a3       0x10 ./Core/Src/main.o
 .debug_macro   0x00000000000168b3       0x52 ./Core/Src/main.o
 .debug_macro   0x0000000000016905       0xd5 ./Core/Src/main.o
 .debug_macro   0x00000000000169da       0x1c ./Core/Src/main.o
 .debug_macro   0x00000000000169f6       0x3d ./Core/Src/main.o
 .debug_macro   0x0000000000016a33       0x16 ./Core/Src/main.o
 .debug_macro   0x0000000000016a49      0x145 ./Core/Src/main.o
 .debug_macro   0x0000000000016b8e      0x19b ./Core/Src/main.o
 .debug_macro   0x0000000000016d29      0x1b7 ./Core/Src/stm32f1xx_hal_msp.o
 .debug_macro   0x0000000000016ee0      0x1c1 ./Core/Src/stm32f1xx_it.o
 .debug_macro   0x00000000000170a1      0x1ad ./Core/Src/system_stm32f1xx.o
 .debug_macro   0x000000000001724e      0x1d1 ./Drivers/STM32F1xx_HAL_Driver/Src/stm32f1xx_hal.o
 .debug_macro   0x000000000001741f      0x1ad ./Drivers/STM32F1xx_HAL_Driver/Src/stm32f1xx_hal_cortex.o
 .debug_macro   0x00000000000175cc      0x1ad ./Drivers/STM32F1xx_HAL_Driver/Src/stm32f1xx_hal_dma.o
 .debug_macro   0x0000000000017779      0x218 ./Drivers/STM32F1xx_HAL_Driver/Src/stm32f1xx_hal_gpio.o
 .debug_macro   0x0000000000017991      0x1f4 ./Drivers/STM32F1xx_HAL_Driver/Src/stm32f1xx_hal_i2c.o
 .debug_macro   0x0000000000017b85      0x1bf ./Drivers/STM32F1xx_HAL_Driver/Src/stm32f1xx_hal_rcc.o
 .debug_macro   0x0000000000017d44      0x1ae ./Drivers/STM32F1xx_HAL_Driver/Src/stm32f1xx_hal_tim.o
 .debug_macro   0x0000000000017ef2      0x1ad ./Drivers/STM32F1xx_HAL_Driver/Src/stm32f1xx_hal_tim_ex.o
 .debug_macro   0x000000000001809f      0x1ae ./Drivers/STM32F1xx_HAL_Driver/Src/stm32f1xx_hal_uart.o

.debug_line     0x0000000000000000    0x106cd
 .debug_line    0x0000000000000000      0xa4d ./Core/Src/ina219.o
 .debug_line    0x0000000000000a4d      0xce5 ./Core/Src/main.o
 .debug_line    0x0000000000001732      0x7da ./Core/Src/stm32f1xx_hal_msp.o
 .debug_line    0x0000000000001f0c      0x7af ./Core/Src/stm32f1xx_it.o
 .debug_line    0x00000000000026bb      0x70b ./Core/Src/system_stm32f1xx.o
 .debug_line    0x0000000000002dc6       0x87 ./Core/Startup/startup_stm32f103c8tx.o
 .debug_line    0x0000000000002e4d      0x938 ./Drivers/STM32F1xx_HAL_Driver/Src/stm32f1xx_hal.o
 .debug_line    0x0000000000003785      0xb20 ./Drivers/STM32F1xx_HAL_Driver/Src/stm32f1xx_hal_cortex.o
 .debug_line    0x00000000000042a5      0xd90 ./Drivers/STM32F1xx_HAL_Driver/Src/stm32f1xx_hal_dma.o
 .debug_line    0x0000000000005035      0x9cf ./Drivers/STM32F1xx_HAL_Driver/Src/stm32f1xx_hal_gpio.o
 .debug_line    0x0000000000005a04     0x3a22 ./Drivers/STM32F1xx_HAL_Driver/Src/stm32f1xx_hal_i2c.o
 .debug_line    0x0000000000009426      0xd46 ./Drivers/STM32F1xx_HAL_Driver/Src/stm32f1xx_hal_rcc.o
 .debug_line    0x000000000000a16c     0x32ee ./Drivers/STM32F1xx_HAL_Driver/Src/stm32f1xx_hal_tim.o
 .debug_line    0x000000000000d45a     0x1860 ./Drivers/STM32F1xx_HAL_Driver/Src/stm32f1xx_hal_tim_ex.o
 .debug_line    0x000000000000ecba     0x1a13 ./Drivers/STM32F1xx_HAL_Driver/Src/stm32f1xx_hal_uart.o

.debug_str      0x0000000000000000    0x8da06
 .debug_str     0x0000000000000000    0x881b9 ./Core/Src/ina219.o
                                      0x885b2 (size before relaxing)
 .debug_str     0x00000000000881b9     0x2621 ./Core/Src/main.o
                                      0x8a6b2 (size before relaxing)
 .debug_str     0x000000000008a7da      0x16c ./Core/Src/stm32f1xx_hal_msp.o
                                      0x8594a (size before relaxing)
 .debug_str     0x000000000008a946      0x13e ./Core/Src/stm32f1xx_it.o
                                      0x85320 (size before relaxing)
 .debug_str     0x000000000008aa84       0x7e ./Core/Src/system_stm32f1xx.o
                                      0x84bc8 (size before relaxing)
 .debug_str     0x000000000008ab02       0x36 ./Core/Startup/startup_stm32f103c8tx.o
                                         0x74 (size before relaxing)
 .debug_str     0x000000000008ab38      0x384 ./Drivers/STM32F1xx_HAL_Driver/Src/stm32f1xx_hal.o
                                      0x852fb (size before relaxing)
 .debug_str     0x000000000008aebc      0x294 ./Drivers/STM32F1xx_HAL_Driver/Src/stm32f1xx_hal_cortex.o
                                      0x85247 (size before relaxing)
 .debug_str     0x000000000008b150      0x201 ./Drivers/STM32F1xx_HAL_Driver/Src/stm32f1xx_hal_dma.o
                                      0x84f71 (size before relaxing)
 .debug_str     0x000000000008b351      0x31d ./Drivers/STM32F1xx_HAL_Driver/Src/stm32f1xx_hal_gpio.o
                                      0x84f4e (size before relaxing)
 .debug_str     0x000000000008b66e      0xb03 ./Drivers/STM32F1xx_HAL_Driver/Src/stm32f1xx_hal_i2c.o
                                      0x85c3c (size before relaxing)
 .debug_str     0x000000000008c171      0x209 ./Drivers/STM32F1xx_HAL_Driver/Src/stm32f1xx_hal_rcc.o
                                      0x84ff7 (size before relaxing)
 .debug_str     0x000000000008c37a      0xd05 ./Drivers/STM32F1xx_HAL_Driver/Src/stm32f1xx_hal_tim.o
                                      0x85fe2 (size before relaxing)
 .debug_str     0x000000000008d07f      0x3e1 ./Drivers/STM32F1xx_HAL_Driver/Src/stm32f1xx_hal_tim_ex.o
                                      0x857fe (size before relaxing)
 .debug_str     0x000000000008d460      0x5a6 ./Drivers/STM32F1xx_HAL_Driver/Src/stm32f1xx_hal_uart.o
                                      0x85602 (size before relaxing)

.comment        0x0000000000000000       0x50
 .comment       0x0000000000000000       0x50 ./Core/Src/ina219.o
                                         0x51 (size before relaxing)
 .comment       0x0000000000000050       0x51 ./Core/Src/main.o
 .comment       0x0000000000000050       0x51 ./Core/Src/stm32f1xx_hal_msp.o
 .comment       0x0000000000000050       0x51 ./Core/Src/stm32f1xx_it.o
 .comment       0x0000000000000050       0x51 ./Core/Src/system_stm32f1xx.o
 .comment       0x0000000000000050       0x51 ./Drivers/STM32F1xx_HAL_Driver/Src/stm32f1xx_hal.o
 .comment       0x0000000000000050       0x51 ./Drivers/STM32F1xx_HAL_Driver/Src/stm32f1xx_hal_cortex.o
 .comment       0x0000000000000050       0x51 ./Drivers/STM32F1xx_HAL_Driver/Src/stm32f1xx_hal_dma.o
 .comment       0x0000000000000050       0x51 ./Drivers/STM32F1xx_HAL_Driver/Src/stm32f1xx_hal_gpio.o
 .comment       0x0000000000000050       0x51 ./Drivers/STM32F1xx_HAL_Driver/Src/stm32f1xx_hal_i2c.o
 .comment       0x0000000000000050       0x51 ./Drivers/STM32F1xx_HAL_Driver/Src/stm32f1xx_hal_rcc.o
 .comment       0x0000000000000050       0x51 ./Drivers/STM32F1xx_HAL_Driver/Src/stm32f1xx_hal_tim.o
 .comment       0x0000000000000050       0x51 ./Drivers/STM32F1xx_HAL_Driver/Src/stm32f1xx_hal_tim_ex.o
 .comment       0x0000000000000050       0x51 ./Drivers/STM32F1xx_HAL_Driver/Src/stm32f1xx_hal_uart.o

.debug_frame    0x0000000000000000     0x454c
 .debug_frame   0x0000000000000000      0x270 ./Core/Src/ina219.o
 .debug_frame   0x0000000000000270      0x254 ./Core/Src/main.o
 .debug_frame   0x00000000000004c4      0x134 ./Core/Src/stm32f1xx_hal_msp.o
 .debug_frame   0x00000000000005f8      0x174 ./Core/Src/stm32f1xx_it.o
 .debug_frame   0x000000000000076c       0x58 ./Core/Src/system_stm32f1xx.o
 .debug_frame   0x00000000000007c4      0x334 ./Drivers/STM32F1xx_HAL_Driver/Src/stm32f1xx_hal.o
 .debug_frame   0x0000000000000af8      0x428 ./Drivers/STM32F1xx_HAL_Driver/Src/stm32f1xx_hal_cortex.o
 .debug_frame   0x0000000000000f20      0x208 ./Drivers/STM32F1xx_HAL_Driver/Src/stm32f1xx_hal_dma.o
 .debug_frame   0x0000000000001128      0x14c ./Drivers/STM32F1xx_HAL_Driver/Src/stm32f1xx_hal_gpio.o
 .debug_frame   0x0000000000001274      0xc5c ./Drivers/STM32F1xx_HAL_Driver/Src/stm32f1xx_hal_i2c.o
 .debug_frame   0x0000000000001ed0      0x21c ./Drivers/STM32F1xx_HAL_Driver/Src/stm32f1xx_hal_rcc.o
 .debug_frame   0x00000000000020ec     0x11b8 ./Drivers/STM32F1xx_HAL_Driver/Src/stm32f1xx_hal_tim.o
 .debug_frame   0x00000000000032a4      0x638 ./Drivers/STM32F1xx_HAL_Driver/Src/stm32f1xx_hal_tim_ex.o
 .debug_frame   0x00000000000038dc      0x914 ./Drivers/STM32F1xx_HAL_Driver/Src/stm32f1xx_hal_uart.o
 .debug_frame   0x00000000000041f0       0x2c c:/st/stm32cubeide_1.6.0/stm32cubeide/plugins/com.st.stm32cube.ide.mcu.externaltools.gnu-tools-for-stm32.10.3-2021.10.win32_1.0.200.202301161003/tools/bin/../lib/gcc/arm-none-eabi/10.3.1/../../../../arm-none-eabi/lib/thumb/v7-m/nofp\libc_nano.a(lib_a-init.o)
 .debug_frame   0x000000000000421c       0x20 c:/st/stm32cubeide_1.6.0/stm32cubeide/plugins/com.st.stm32cube.ide.mcu.externaltools.gnu-tools-for-stm32.10.3-2021.10.win32_1.0.200.202301161003/tools/bin/../lib/gcc/arm-none-eabi/10.3.1/../../../../arm-none-eabi/lib/thumb/v7-m/nofp\libc_nano.a(lib_a-memset.o)
 .debug_frame   0x000000000000423c       0x30 c:/st/stm32cubeide_1.6.0/stm32cubeide/plugins/com.st.stm32cube.ide.mcu.externaltools.gnu-tools-for-stm32.10.3-2021.10.win32_1.0.200.202301161003/tools/bin/../lib/gcc/arm-none-eabi/10.3.1/thumb/v7-m/nofp\libgcc.a(_arm_muldf3.o)
 .debug_frame   0x000000000000426c       0xac c:/st/stm32cubeide_1.6.0/stm32cubeide/plugins/com.st.stm32cube.ide.mcu.externaltools.gnu-tools-for-stm32.10.3-2021.10.win32_1.0.200.202301161003/tools/bin/../lib/gcc/arm-none-eabi/10.3.1/thumb/v7-m/nofp\libgcc.a(_arm_addsubdf3.o)
 .debug_frame   0x0000000000004318       0xc4 c:/st/stm32cubeide_1.6.0/stm32cubeide/plugins/com.st.stm32cube.ide.mcu.externaltools.gnu-tools-for-stm32.10.3-2021.10.win32_1.0.200.202301161003/tools/bin/../lib/gcc/arm-none-eabi/10.3.1/thumb/v7-m/nofp\libgcc.a(_arm_cmpdf2.o)
 .debug_frame   0x00000000000043dc       0x24 c:/st/stm32cubeide_1.6.0/stm32cubeide/plugins/com.st.stm32cube.ide.mcu.externaltools.gnu-tools-for-stm32.10.3-2021.10.win32_1.0.200.202301161003/tools/bin/../lib/gcc/arm-none-eabi/10.3.1/thumb/v7-m/nofp\libgcc.a(_arm_truncdfsf2.o)
 .debug_frame   0x0000000000004400       0x4c c:/st/stm32cubeide_1.6.0/stm32cubeide/plugins/com.st.stm32cube.ide.mcu.externaltools.gnu-tools-for-stm32.10.3-2021.10.win32_1.0.200.202301161003/tools/bin/../lib/gcc/arm-none-eabi/10.3.1/thumb/v7-m/nofp\libgcc.a(_arm_addsubsf3.o)
 .debug_frame   0x000000000000444c       0x38 c:/st/stm32cubeide_1.6.0/stm32cubeide/plugins/com.st.stm32cube.ide.mcu.externaltools.gnu-tools-for-stm32.10.3-2021.10.win32_1.0.200.202301161003/tools/bin/../lib/gcc/arm-none-eabi/10.3.1/thumb/v7-m/nofp\libgcc.a(_arm_muldivsf3.o)
 .debug_frame   0x0000000000004484       0xc8 c:/st/stm32cubeide_1.6.0/stm32cubeide/plugins/com.st.stm32cube.ide.mcu.externaltools.gnu-tools-for-stm32.10.3-2021.10.win32_1.0.200.202301161003/tools/bin/../lib/gcc/arm-none-eabi/10.3.1/thumb/v7-m/nofp\libgcc.a(_arm_cmpsf2.o)
