Archive member included to satisfy reference by file (symbol)

c:/st/stm32cubeide_1.6.0/stm32cubeide/plugins/com.st.stm32cube.ide.mcu.externaltools.gnu-tools-for-stm32.10.3-2021.10.win32_1.0.200.202301161003/tools/bin/../lib/gcc/arm-none-eabi/10.3.1/../../../../arm-none-eabi/lib/thumb/v7-m/nofp\libc_nano.a(lib_a-errno.o)
                              ./Core/Src/syscalls.o (__errno)
c:/st/stm32cubeide_1.6.0/stm32cubeide/plugins/com.st.stm32cube.ide.mcu.externaltools.gnu-tools-for-stm32.10.3-2021.10.win32_1.0.200.202301161003/tools/bin/../lib/gcc/arm-none-eabi/10.3.1/../../../../arm-none-eabi/lib/thumb/v7-m/nofp\libc_nano.a(lib_a-exit.o)
                              c:/st/stm32cubeide_1.6.0/stm32cubeide/plugins/com.st.stm32cube.ide.mcu.externaltools.gnu-tools-for-stm32.10.3-2021.10.win32_1.0.200.202301161003/tools/bin/../lib/gcc/arm-none-eabi/10.3.1/../../../../arm-none-eabi/lib/thumb/v7-m/nofp/crt0.o (exit)
c:/st/stm32cubeide_1.6.0/stm32cubeide/plugins/com.st.stm32cube.ide.mcu.externaltools.gnu-tools-for-stm32.10.3-2021.10.win32_1.0.200.202301161003/tools/bin/../lib/gcc/arm-none-eabi/10.3.1/../../../../arm-none-eabi/lib/thumb/v7-m/nofp\libc_nano.a(lib_a-impure.o)
                              c:/st/stm32cubeide_1.6.0/stm32cubeide/plugins/com.st.stm32cube.ide.mcu.externaltools.gnu-tools-for-stm32.10.3-2021.10.win32_1.0.200.202301161003/tools/bin/../lib/gcc/arm-none-eabi/10.3.1/../../../../arm-none-eabi/lib/thumb/v7-m/nofp\libc_nano.a(lib_a-exit.o) (_global_impure_ptr)
c:/st/stm32cubeide_1.6.0/stm32cubeide/plugins/com.st.stm32cube.ide.mcu.externaltools.gnu-tools-for-stm32.10.3-2021.10.win32_1.0.200.202301161003/tools/bin/../lib/gcc/arm-none-eabi/10.3.1/../../../../arm-none-eabi/lib/thumb/v7-m/nofp\libc_nano.a(lib_a-init.o)
                              c:/st/stm32cubeide_1.6.0/stm32cubeide/plugins/com.st.stm32cube.ide.mcu.externaltools.gnu-tools-for-stm32.10.3-2021.10.win32_1.0.200.202301161003/tools/bin/../lib/gcc/arm-none-eabi/10.3.1/../../../../arm-none-eabi/lib/thumb/v7-m/nofp/crt0.o (__libc_init_array)
c:/st/stm32cubeide_1.6.0/stm32cubeide/plugins/com.st.stm32cube.ide.mcu.externaltools.gnu-tools-for-stm32.10.3-2021.10.win32_1.0.200.202301161003/tools/bin/../lib/gcc/arm-none-eabi/10.3.1/../../../../arm-none-eabi/lib/thumb/v7-m/nofp\libc_nano.a(lib_a-memset.o)
                              c:/st/stm32cubeide_1.6.0/stm32cubeide/plugins/com.st.stm32cube.ide.mcu.externaltools.gnu-tools-for-stm32.10.3-2021.10.win32_1.0.200.202301161003/tools/bin/../lib/gcc/arm-none-eabi/10.3.1/../../../../arm-none-eabi/lib/thumb/v7-m/nofp/crt0.o (memset)
c:/st/stm32cubeide_1.6.0/stm32cubeide/plugins/com.st.stm32cube.ide.mcu.externaltools.gnu-tools-for-stm32.10.3-2021.10.win32_1.0.200.202301161003/tools/bin/../lib/gcc/arm-none-eabi/10.3.1/thumb/v7-m/nofp\libgcc.a(_arm_muldf3.o)
                              ./Core/Src/ina219.o (__aeabi_dmul)
c:/st/stm32cubeide_1.6.0/stm32cubeide/plugins/com.st.stm32cube.ide.mcu.externaltools.gnu-tools-for-stm32.10.3-2021.10.win32_1.0.200.202301161003/tools/bin/../lib/gcc/arm-none-eabi/10.3.1/thumb/v7-m/nofp\libgcc.a(_arm_mulsf3.o)
                              ./Core/Src/ina219.o (__aeabi_fmul)
c:/st/stm32cubeide_1.6.0/stm32cubeide/plugins/com.st.stm32cube.ide.mcu.externaltools.gnu-tools-for-stm32.10.3-2021.10.win32_1.0.200.202301161003/tools/bin/../lib/gcc/arm-none-eabi/10.3.1/thumb/v7-m/nofp\libgcc.a(_arm_addsubdf3.o)
                              ./Core/Src/main.o (__aeabi_dsub)
c:/st/stm32cubeide_1.6.0/stm32cubeide/plugins/com.st.stm32cube.ide.mcu.externaltools.gnu-tools-for-stm32.10.3-2021.10.win32_1.0.200.202301161003/tools/bin/../lib/gcc/arm-none-eabi/10.3.1/thumb/v7-m/nofp\libgcc.a(_arm_muldivdf3.o)
                              ./Core/Src/main.o (__aeabi_ddiv)
c:/st/stm32cubeide_1.6.0/stm32cubeide/plugins/com.st.stm32cube.ide.mcu.externaltools.gnu-tools-for-stm32.10.3-2021.10.win32_1.0.200.202301161003/tools/bin/../lib/gcc/arm-none-eabi/10.3.1/thumb/v7-m/nofp\libgcc.a(_arm_cmpdf2.o)
                              ./Core/Src/main.o (__aeabi_dcmple)
c:/st/stm32cubeide_1.6.0/stm32cubeide/plugins/com.st.stm32cube.ide.mcu.externaltools.gnu-tools-for-stm32.10.3-2021.10.win32_1.0.200.202301161003/tools/bin/../lib/gcc/arm-none-eabi/10.3.1/thumb/v7-m/nofp\libgcc.a(_arm_truncdfsf2.o)
                              ./Core/Src/ina219.o (__aeabi_d2f)
c:/st/stm32cubeide_1.6.0/stm32cubeide/plugins/com.st.stm32cube.ide.mcu.externaltools.gnu-tools-for-stm32.10.3-2021.10.win32_1.0.200.202301161003/tools/bin/../lib/gcc/arm-none-eabi/10.3.1/thumb/v7-m/nofp\libgcc.a(_arm_addsubsf3.o)
                              ./Core/Src/main.o (__aeabi_fsub)
c:/st/stm32cubeide_1.6.0/stm32cubeide/plugins/com.st.stm32cube.ide.mcu.externaltools.gnu-tools-for-stm32.10.3-2021.10.win32_1.0.200.202301161003/tools/bin/../lib/gcc/arm-none-eabi/10.3.1/thumb/v7-m/nofp\libgcc.a(_arm_muldivsf3.o)
                              ./Core/Src/ina219.o (__aeabi_fdiv)
[...]
Memory Configuration

Name             Origin             Length             Attributes
RAM              0x0000000020000000 0x0000000000005000 xrw
FLASH            0x0000000008000000 0x0000000000010000 xr
*default*        0x0000000000000000 0xffffffffffffffff

Linker script and memory map

LOAD c:/st/stm32cubeide_1.6.0/stm32cubeide/plugins/com.st.stm32cube.ide.mcu.externaltools.gnu-tools-for-stm32.10.3-2021.10.win32_1.0.200.202301161003/tools/bin/../lib/gcc/arm-none-eabi/10.3.1/thumb/v7-m/nofp/crti.o
LOAD c:/st/stm32cubeide_1.6.0/stm32cubeide/plugins/com.st.stm32cube.ide.mcu.externaltools.gnu-tools-for-stm32.10.3-2021.10.win32_1.0.200.202301161003/tools/bin/../lib/gcc/arm-none-eabi/10.3.1/thumb/v7-m/nofp/crtbegin.o
LOAD c:/st/stm32cubeide_1.6.0/stm32cubeide/plugins/com.st.stm32cube.ide.mcu.externaltools.gnu-tools-for-stm32.10.3-2021.10.win32_1.0.200.202301161003/tools/bin/../lib/gcc/arm-none-eabi/10.3.1/../../../../arm-none-eabi/lib/thumb/v7-m/nofp/crt0.o
LOAD ./Core/Src/ina219.o
LOAD ./Core/Src/main.o
LOAD ./Core/Src/stm32f1xx_hal_msp.o
LOAD ./Core/Src/stm32f1xx_it.o
LOAD ./Core/Src/syscalls.o
LOAD ./Core/Src/sysmem.o
LOAD ./Core/Src/system_stm32f1xx.o
LOAD ./Core/Startup/startup_stm32f103c8tx.o
LOAD ./Drivers/STM32F1xx_HAL_Driver/Src/stm32f1xx_hal.o
LOAD ./Drivers/STM32F1xx_HAL_Driver/Src/stm32f1xx_hal_adc.o
LOAD ./Drivers/STM32F1xx_HAL_Driver/Src/stm32f1xx_hal_adc_ex.o
LOAD ./Drivers/STM32F1xx_HAL_Driver/Src/stm32f1xx_hal_cortex.o
LOAD ./Drivers/STM32F1xx_HAL_Driver/Src/stm32f1xx_hal_dma.o
LOAD ./Drivers/STM32F1xx_HAL_Driver/Src/stm32f1xx_hal_exti.o
LOAD ./Drivers/STM32F1xx_HAL_Driver/Src/stm32f1xx_hal_flash.o
LOAD ./Drivers/STM32F1xx_HAL_Driver/Src/stm32f1xx_hal_flash_ex.o
LOAD ./Drivers/STM32F1xx_HAL_Driver/Src/stm32f1xx_hal_gpio.o
LOAD ./Drivers/STM32F1xx_HAL_Driver/Src/stm32f1xx_hal_gpio_ex.o
LOAD ./Drivers/STM32F1xx_HAL_Driver/Src/stm32f1xx_hal_i2c.o
LOAD ./Drivers/STM32F1xx_HAL_Driver/Src/stm32f1xx_hal_pwr.o
LOAD ./Drivers/STM32F1xx_HAL_Driver/Src/stm32f1xx_hal_rcc.o
LOAD ./Drivers/STM32F1xx_HAL_Driver/Src/stm32f1xx_hal_rcc_ex.o
LOAD ./Drivers/STM32F1xx_HAL_Driver/Src/stm32f1xx_hal_tim.o
LOAD ./Drivers/STM32F1xx_HAL_Driver/Src/stm32f1xx_hal_tim_ex.o
LOAD ./Drivers/STM32F1xx_HAL_Driver/Src/stm32f1xx_hal_uart.o
START GROUP
LOAD c:/st/stm32cubeide_1.6.0/stm32cubeide/plugins/com.st.stm32cube.ide.mcu.externaltools.gnu-tools-for-stm32.10.3-2021.10.win32_1.0.200.202301161003/tools/bin/../lib/gcc/arm-none-eabi/10.3.1/../../../../arm-none-eabi/lib/thumb/v7-m/nofp\libstdc++_nano.a
LOAD c:/st/stm32cubeide_1.6.0/stm32cubeide/plugins/com.st.stm32cube.ide.mcu.externaltools.gnu-tools-for-stm32.10.3-2021.10.win32_1.0.200.202301161003/tools/bin/../lib/gcc/arm-none-eabi/10.3.1/../../../../arm-none-eabi/lib/thumb/v7-m/nofp\libsupc++_nano.a
END GROUP
LOAD c:/st/stm32cubeide_1.6.0/stm32cubeide/plugins/com.st.stm32cube.ide.mcu.externaltools.gnu-tools-for-stm32.10.3-2021.10.win32_1.0.200.202301161003/tools/bin/../lib/gcc/arm-none-eabi/10.3.1/../../../../arm-none-eabi/lib/thumb/v7-m/nofp\libstdc++_nano.a
LOAD c:/st/stm32cubeide_1.6.0/stm32cubeide/plugins/com.st.stm32cube.ide.mcu.externaltools.gnu-tools-for-stm32.10.3-2021.10.win32_1.0.200.202301161003/tools/bin/../lib/gcc/arm-none-eabi/10.3.1/../../../../arm-none-eabi/lib/thumb/v7-m/nofp\libm.a
LOAD c:/st/stm32cubeide_1.6.0/stm32cubeide/plugins/com.st.stm32cube.ide.mcu.externaltools.gnu-tools-for-stm32.10.3-2021.10.win32_1.0.200.202301161003/tools/bin/../lib/gcc/arm-none-eabi/10.3.1/../../../../arm-none-eabi/lib/thumb/v7-m/nofp\libc_nano.a
START GROUP
LOAD c:/st/stm32cubeide_1.6.0/stm32cubeide/plugins/com.st.stm32cube.ide.mcu.externaltools.gnu-tools-for-stm32.10.3-2021.10.win32_1.0.200.202301161003/tools/bin/../lib/gcc/arm-none-eabi/10.3.1/thumb/v7-m/nofp\libgcc.a
LOAD c:/st/stm32cubeide_1.6.0/stm32cubeide/plugins/com.st.stm32cube.ide.mcu.externaltools.gnu-tools-for-stm32.10.3-2021.10.win32_1.0.200.202301161003/tools/bin/../lib/gcc/arm-none-eabi/10.3.1/../../../../arm-none-eabi/lib/thumb/v7-m/nofp\libc_nano.a
END GROUP
START GROUP
LOAD c:/st/stm32cubeide_1.6.0/stm32cubeide/plugins/com.st.stm32cube.ide.mcu.externaltools.gnu-tools-for-stm32.10.3-2021.10.win32_1.0.200.202301161003/tools/bin/../lib/gcc/arm-none-eabi/10.3.1/thumb/v7-m/nofp\libgcc.a
LOAD c:/st/stm32cubeide_1.6.0/stm32cubeide/plugins/com.st.stm32cube.ide.mcu.externaltools.gnu-tools-for-stm32.10.3-2021.10.win32_1.0.200.202301161003/tools/bin/../lib/gcc/arm-none-eabi/10.3.1/../../../../arm-none-eabi/lib/thumb/v7-m/nofp\libc_nano.a
LOAD c:/st/stm32cubeide_1.6.0/stm32cubeide/plugins/com.st.stm32cube.ide.mcu.externaltools.gnu-tools-for-stm32.10.3-2021.10.win32_1.0.200.202301161003/tools/bin/../lib/gcc/arm-none-eabi/10.3.1/../../../../arm-none-eabi/lib/thumb/v7-m/nofp\libnosys.a
END GROUP
START GROUP
LOAD c:/st/stm32cubeide_1.6.0/stm32cubeide/plugins/com.st.stm32cube.ide.mcu.externaltools.gnu-tools-for-stm32.10.3-2021.10.win32_1.0.200.202301161003/tools/bin/../lib/gcc/arm-none-eabi/10.3.1/thumb/v7-m/nofp\libgcc.a
LOAD c:/st/stm32cubeide_1.6.0/stm32cubeide/plugins/com.st.stm32cube.ide.mcu.externaltools.gnu-tools-for-stm32.10.3-2021.10.win32_1.0.200.202301161003/tools/bin/../lib/gcc/arm-none-eabi/10.3.1/../../../../arm-none-eabi/lib/thumb/v7-m/nofp\libc_nano.a
LOAD c:/st/stm32cubeide_1.6.0/stm32cubeide/plugins/com.st.stm32cube.ide.mcu.externaltools.gnu-tools-for-stm32.10.3-2021.10.win32_1.0.200.202301161003/tools/bin/../lib/gcc/arm-none-eabi/10.3.1/../../../../arm-none-eabi/lib/thumb/v7-m/nofp\libnosys.a
END GROUP
LOAD c:/st/stm32cubeide_1.6.0/stm32cubeide/plugins/com.st.stm32cube.ide.mcu.externaltools.gnu-tools-for-stm32.10.3-2021.10.win32_1.0.200.202301161003/tools/bin/../lib/gcc/arm-none-eabi/10.3.1/thumb/v7-m/nofp/crtend.o
LOAD c:/st/stm32cubeide_1.6.0/stm32cubeide/plugins/com.st.stm32cube.ide.mcu.externaltools.gnu-tools-for-stm32.10.3-2021.10.win32_1.0.200.202301161003/tools/bin/../lib/gcc/arm-none-eabi/10.3.1/thumb/v7-m/nofp/crtn.o
                0x0000000020005000                _estack = (ORIGIN (RAM) + LENGTH (RAM))
                0x0000000000000200                _Min_Heap_Size = 0x200
                0x0000000000000400                _Min_Stack_Size = 0x400

.isr_vector     0x0000000008000000      0x10c
                0x0000000008000000                . = ALIGN (0x4)
 *(.isr_vector)
 .isr_vector    0x0000000008000000      0x10c ./Core/Startup/startup_stm32f103c8tx.o
                0x0000000008000000                g_pfnVectors
                0x000000000800010c                . = ALIGN (0x4)

.text           0x0000000008000110     0x6468
                0x0000000008000110                . = ALIGN (0x4)
 *(.text)
 .text          0x0000000008000110       0x40 c:/st/stm32cubeide_1.6.0/stm32cubeide/plugins/com.st.stm32cube.ide.mcu.externaltools.gnu-tools-for-stm32.10.3-2021.10.win32_1.0.200.202301161003/tools/bin/../lib/gcc/arm-none-eabi/10.3.1/thumb/v7-m/nofp/crtbegin.o
 .text          0x0000000008000150      0x378 c:/st/stm32cubeide_1.6.0/stm32cubeide/plugins/com.st.stm32cube.ide.mcu.externaltools.gnu-tools-for-stm32.10.3-2021.10.win32_1.0.200.202301161003/tools/bin/../lib/gcc/arm-none-eabi/10.3.1/thumb/v7-m/nofp\libgcc.a(_arm_addsubdf3.o)
                0x0000000008000150                __aeabi_drsub
                0x0000000008000158                __aeabi_dsub
                0x0000000008000158                __subdf3
                0x000000000800015c                __aeabi_dadd
                0x000000000800015c                __adddf3
                0x00000000080003d4                __floatunsidf
                0x00000000080003d4                __aeabi_ui2d
                0x00000000080003f4                __floatsidf
                0x00000000080003f4                __aeabi_i2d
                0x0000000008000418                __aeabi_f2d
                0x0000000008000418                __extendsfdf2
                0x000000000800045c                __floatundidf
                0x000000000800045c                __aeabi_ul2d
                0x000000000800046c                __floatdidf
                0x000000000800046c                __aeabi_l2d
 .text          0x00000000080004c8      0x424 c:/st/stm32cubeide_1.6.0/stm32cubeide/plugins/com.st.stm32cube.ide.mcu.externaltools.gnu-tools-for-stm32.10.3-2021.10.win32_1.0.200.202301161003/tools/bin/../lib/gcc/arm-none-eabi/10.3.1/thumb/v7-m/nofp\libgcc.a(_arm_muldivdf3.o)
                0x00000000080004c8                __aeabi_dmul
                0x00000000080004c8                __muldf3
                0x000000000800071c                __divdf3
                0x000000000800071c                __aeabi_ddiv
 .text          0x00000000080008ec      0x110 c:/st/stm32cubeide_1.6.0/stm32cubeide/plugins/com.st.stm32cube.ide.mcu.externaltools.gnu-tools-for-stm32.10.3-2021.10.win32_1.0.200.202301161003/tools/bin/../lib/gcc/arm-none-eabi/10.3.1/thumb/v7-m/nofp\libgcc.a(_arm_cmpdf2.o)
                0x00000000080008ec                __gtdf2
                0x00000000080008ec                __gedf2
                0x00000000080008f4                __ltdf2
                0x00000000080008f4                __ledf2
                0x00000000080008fc                __nedf2
                0x00000000080008fc                __eqdf2
                0x00000000080008fc                __cmpdf2
                0x0000000008000978                __aeabi_cdrcmple
                0x0000000008000988                __aeabi_cdcmpeq
                0x0000000008000988                __aeabi_cdcmple
                0x0000000008000998                __aeabi_dcmpeq
                0x00000000080009ac                __aeabi_dcmplt
                0x00000000080009c0                __aeabi_dcmple
                0x00000000080009d4                __aeabi_dcmpge
                0x00000000080009e8                __aeabi_dcmpgt
 .text          0x00000000080009fc       0xa0 c:/st/stm32cubeide_1.6.0/stm32cubeide/plugins/com.st.stm32cube.ide.mcu.externaltools.gnu-tools-for-stm32.10.3-2021.10.win32_1.0.200.202301161003/tools/bin/../lib/gcc/arm-none-eabi/10.3.1/thumb/v7-m/nofp\libgcc.a(_arm_truncdfsf2.o)
                0x00000000080009fc                __truncdfsf2
                0x00000000080009fc                __aeabi_d2f
 .text          0x0000000008000a9c      0x21c c:/st/stm32cubeide_1.6.0/stm32cubeide/plugins/com.st.stm32cube.ide.mcu.externaltools.gnu-tools-for-stm32.10.3-2021.10.win32_1.0.200.202301161003/tools/bin/../lib/gcc/arm-none-eabi/10.3.1/thumb/v7-m/nofp\libgcc.a(_arm_addsubsf3.o)
                0x0000000008000a9c                __aeabi_frsub
                0x0000000008000aa4                __subsf3
                0x0000000008000aa4                __aeabi_fsub
                0x0000000008000aa8                __aeabi_fadd
                0x0000000008000aa8                __addsf3
                0x0000000008000c08                __aeabi_ui2f
                0x0000000008000c08                __floatunsisf
                0x0000000008000c10                __aeabi_i2f
                0x0000000008000c10                __floatsisf
                0x0000000008000c2c                __aeabi_ul2f
                0x0000000008000c2c                __floatundisf
                0x0000000008000c3c                __aeabi_l2f
                0x0000000008000c3c                __floatdisf
 .text          0x0000000008000cb8      0x2a0 c:/st/stm32cubeide_1.6.0/stm32cubeide/plugins/com.st.stm32cube.ide.mcu.externaltools.gnu-tools-for-stm32.10.3-2021.10.win32_1.0.200.202301161003/tools/bin/../lib/gcc/arm-none-eabi/10.3.1/thumb/v7-m/nofp\libgcc.a(_arm_muldivsf3.o)
                0x0000000008000cb8                __mulsf3
                0x0000000008000cb8                __aeabi_fmul
                0x0000000008000e20                __aeabi_fdiv
                0x0000000008000e20                __divsf3
 .text          0x0000000008000f58       0xec c:/st/stm32cubeide_1.6.0/stm32cubeide/plugins/com.st.stm32cube.ide.mcu.externaltools.gnu-tools-for-stm32.10.3-2021.10.win32_1.0.200.202301161003/tools/bin/../lib/gcc/arm-none-eabi/10.3.1/thumb/v7-m/nofp\libgcc.a(_arm_cmpsf2.o)
                0x0000000008000f58                __gesf2
                0x0000000008000f58                __gtsf2
                0x0000000008000f60                __lesf2
                0x0000000008000f60                __ltsf2
                0x0000000008000f68                __nesf2
                0x0000000008000f68                __eqsf2
                0x0000000008000f68                __cmpsf2
                0x0000000008000fc8                __aeabi_cfrcmple
                0x0000000008000fd0                __aeabi_cfcmpeq
                0x0000000008000fd0                __aeabi_cfcmple
                0x0000000008000fe0                __aeabi_fcmpeq
                0x0000000008000ff4                __aeabi_fcmplt
                0x0000000008001008                __aeabi_fcmple
                0x000000000800101c                __aeabi_fcmpge
                0x0000000008001030                __aeabi_fcmpgt
 *(.text*)
 .text.wireWriteRegister
                0x0000000008001044       0x5c ./Core/Src/ina219.o
                0x0000000008001044                wireWriteRegister
 .text.wireReadRegister
                0x00000000080010a0       0x5c ./Core/Src/ina219.o
                0x00000000080010a0                wireReadRegister
 .text.setCalibration_16V_400mA
                0x00000000080010fc       0x4c ./Core/Src/ina219.o
                0x00000000080010fc                setCalibration_16V_400mA
 .text.getBusVoltage_raw
                0x0000000008001148       0x24 ./Core/Src/ina219.o
                0x0000000008001148                getBusVoltage_raw
 .text.getCurrent_raw
                0x000000000800116c       0x30 ./Core/Src/ina219.o
                0x000000000800116c                getCurrent_raw
 .text.getPower_raw
                0x000000000800119c       0x30 ./Core/Src/ina219.o
                0x000000000800119c                getPower_raw
 *fill*         0x00000000080011cc        0x4 
 .text.getBusVoltage_V
                0x00000000080011d0       0x48 ./Core/Src/ina219.o
                0x00000000080011d0                getBusVoltage_V
 .text.getCurrent_mA
                0x0000000008001218       0x3c ./Core/Src/ina219.o
                0x0000000008001218                getCurrent_mA
 .text.getPower_mW
                0x0000000008001254       0x3c ./Core/Src/ina219.o
                0x0000000008001254                getPower_mW
 .text.getData  0x0000000008001290       0xd0 ./Core/Src/main.o
                0x0000000008001290                getData
 .text.filterData
                0x0000000008001360      0x1b0 ./Core/Src/main.o
                0x0000000008001360                filterData
 .text.formOutputPacket
                0x0000000008001510       0x78 ./Core/Src/main.o
                0x0000000008001510                formOutputPacket
 .text.updateDutyCycle
                0x0000000008001588       0x20 ./Core/Src/main.o
                0x0000000008001588                updateDutyCycle
 .text.dutyCycleLimits
                0x00000000080015a8       0x30 ./Core/Src/main.o
                0x00000000080015a8                dutyCycleLimits
 .text.incrementalConductanceAlgorithm
                0x00000000080015d8      0x154 ./Core/Src/main.o
                0x00000000080015d8                incrementalConductanceAlgorithm
 .text.main     0x000000000800172c       0x60 ./Core/Src/main.o
                0x000000000800172c                main
 .text.SystemClock_Config
                0x000000000800178c       0xb2 ./Core/Src/main.o
                0x000000000800178c                SystemClock_Config
 *fill*         0x000000000800183e        0x2 
 .text.MX_ADC1_Init
                0x0000000008001840       0x7c ./Core/Src/main.o
 .text.MX_I2C2_Init
                0x00000000080018bc       0x5c ./Core/Src/main.o
 .text.MX_TIM1_Init
                0x0000000008001918      0x140 ./Core/Src/main.o
 .text.MX_TIM4_Init
                0x0000000008001a58       0x98 ./Core/Src/main.o
 .text.MX_USART2_UART_Init
                0x0000000008001af0       0x54 ./Core/Src/main.o
 .text.MX_DMA_Init
                0x0000000008001b44       0x3c ./Core/Src/main.o
 .text.MX_GPIO_Init
                0x0000000008001b80       0x5c ./Core/Src/main.o
 .text.HAL_TIM_PeriodElapsedCallback
                0x0000000008001bdc       0x24 ./Core/Src/main.o
                0x0000000008001bdc                HAL_TIM_PeriodElapsedCallback
 .text.Error_Handler
                0x0000000008001c00        0xa ./Core/Src/main.o
                0x0000000008001c00                Error_Handler
 *fill*         0x0000000008001c0a        0x2 
 .text.HAL_MspInit
                0x0000000008001c0c       0x64 ./Core/Src/stm32f1xx_hal_msp.o
                0x0000000008001c0c                HAL_MspInit
 .text.HAL_ADC_MspInit
                0x0000000008001c70       0x78 ./Core/Src/stm32f1xx_hal_msp.o
                0x0000000008001c70                HAL_ADC_MspInit
 .text.HAL_I2C_MspInit
                0x0000000008001ce8       0x80 ./Core/Src/stm32f1xx_hal_msp.o
                0x0000000008001ce8                HAL_I2C_MspInit
 .text.HAL_TIM_Base_MspInit
                0x0000000008001d68       0x84 ./Core/Src/stm32f1xx_hal_msp.o
                0x0000000008001d68                HAL_TIM_Base_MspInit
 .text.HAL_TIM_MspPostInit
                0x0000000008001dec       0x68 ./Core/Src/stm32f1xx_hal_msp.o
                0x0000000008001dec                HAL_TIM_MspPostInit
 .text.HAL_UART_MspInit
                0x0000000008001e54       0xf8 ./Core/Src/stm32f1xx_hal_msp.o
                0x0000000008001e54                HAL_UART_MspInit
 .text.NMI_Handler
                0x0000000008001f4c        0x6 ./Core/Src/stm32f1xx_it.o
                0x0000000008001f4c                NMI_Handler
 .text.HardFault_Handler
                0x0000000008001f52        0x6 ./Core/Src/stm32f1xx_it.o
                0x0000000008001f52                HardFault_Handler
 .text.MemManage_Handler
                0x0000000008001f58        0x6 ./Core/Src/stm32f1xx_it.o
                0x0000000008001f58                MemManage_Handler
 .text.BusFault_Handler
                0x0000000008001f5e        0x6 ./Core/Src/stm32f1xx_it.o
                0x0000000008001f5e                BusFault_Handler
 .text.UsageFault_Handler
                0x0000000008001f64        0x6 ./Core/Src/stm32f1xx_it.o
                0x0000000008001f64                UsageFault_Handler
 .text.SVC_Handler
                0x0000000008001f6a        0xc ./Core/Src/stm32f1xx_it.o
                0x0000000008001f6a                SVC_Handler
 .text.DebugMon_Handler
                0x0000000008001f76        0xc ./Core/Src/stm32f1xx_it.o
                0x0000000008001f76                DebugMon_Handler
 .text.PendSV_Handler
                0x0000000008001f82        0xc ./Core/Src/stm32f1xx_it.o
                0x0000000008001f82                PendSV_Handler
 .text.SysTick_Handler
                0x0000000008001f8e        0xc ./Core/Src/stm32f1xx_it.o
                0x0000000008001f8e                SysTick_Handler
 *fill*         0x0000000008001f9a        0x2 
 .text.DMA1_Channel7_IRQHandler
                0x0000000008001f9c       0x14 ./Core/Src/stm32f1xx_it.o
                0x0000000008001f9c                DMA1_Channel7_IRQHandler
 .text.TIM1_BRK_IRQHandler
                0x0000000008001fb0       0x14 ./Core/Src/stm32f1xx_it.o
                0x0000000008001fb0                TIM1_BRK_IRQHandler
 .text.TIM4_IRQHandler
                0x0000000008001fc4       0x14 ./Core/Src/stm32f1xx_it.o
                0x0000000008001fc4                TIM4_IRQHandler
 .text.USART2_IRQHandler
                0x0000000008001fd8       0x14 ./Core/Src/stm32f1xx_it.o
                0x0000000008001fd8                USART2_IRQHandler
 .text.SystemInit
                0x0000000008001fec        0xc ./Core/Src/system_stm32f1xx.o
                0x0000000008001fec                SystemInit
 .text.Reset_Handler
                0x0000000008001ff8       0x48 ./Core/Startup/startup_stm32f103c8tx.o
                0x0000000008001ff8                Reset_Handler
 .text.Default_Handler
                0x0000000008002040        0x2 ./Core/Startup/startup_stm32f103c8tx.o
                0x0000000008002040                RTC_Alarm_IRQHandler
                0x0000000008002040                EXTI2_IRQHandler
                0x0000000008002040                TIM1_CC_IRQHandler
                0x0000000008002040                PVD_IRQHandler
                0x0000000008002040                EXTI3_IRQHandler
                0x0000000008002040                EXTI0_IRQHandler
                0x0000000008002040                I2C2_EV_IRQHandler
                0x0000000008002040                ADC1_2_IRQHandler
                0x0000000008002040                SPI1_IRQHandler
                0x0000000008002040                TAMPER_IRQHandler
                0x0000000008002040                DMA1_Channel4_IRQHandler
                0x0000000008002040                USART3_IRQHandler
                0x0000000008002040                RTC_IRQHandler
                0x0000000008002040                CAN1_RX1_IRQHandler
                0x0000000008002040                I2C1_EV_IRQHandler
                0x0000000008002040                DMA1_Channel6_IRQHandler
                0x0000000008002040                TIM3_IRQHandler
                0x0000000008002040                RCC_IRQHandler
                0x0000000008002040                TIM1_TRG_COM_IRQHandler
                0x0000000008002040                DMA1_Channel1_IRQHandler
                0x0000000008002040                Default_Handler
                0x0000000008002040                EXTI15_10_IRQHandler
                0x0000000008002040                EXTI9_5_IRQHandler
                0x0000000008002040                SPI2_IRQHandler
                0x0000000008002040                DMA1_Channel5_IRQHandler
                0x0000000008002040                EXTI4_IRQHandler
                0x0000000008002040                USB_LP_CAN1_RX0_IRQHandler
                0x0000000008002040                USB_HP_CAN1_TX_IRQHandler
                0x0000000008002040                DMA1_Channel3_IRQHandler
                0x0000000008002040                TIM1_UP_IRQHandler
                0x0000000008002040                WWDG_IRQHandler
                0x0000000008002040                TIM2_IRQHandler
                0x0000000008002040                EXTI1_IRQHandler
                0x0000000008002040                I2C2_ER_IRQHandler
                0x0000000008002040                DMA1_Channel2_IRQHandler
                0x0000000008002040                CAN1_SCE_IRQHandler
                0x0000000008002040                FLASH_IRQHandler
                0x0000000008002040                USART1_IRQHandler
                0x0000000008002040                I2C1_ER_IRQHandler
                0x0000000008002040                USBWakeUp_IRQHandler
 *fill*         0x0000000008002042        0x2 
 .text.HAL_Init
                0x0000000008002044       0x2c ./Drivers/STM32F1xx_HAL_Driver/Src/stm32f1xx_hal.o
                0x0000000008002044                HAL_Init
 .text.HAL_InitTick
                0x0000000008002070       0x60 ./Drivers/STM32F1xx_HAL_Driver/Src/stm32f1xx_hal.o
                0x0000000008002070                HAL_InitTick
 .text.HAL_IncTick
                0x00000000080020d0       0x24 ./Drivers/STM32F1xx_HAL_Driver/Src/stm32f1xx_hal.o
                0x00000000080020d0                HAL_IncTick
 .text.HAL_GetTick
                0x00000000080020f4       0x14 ./Drivers/STM32F1xx_HAL_Driver/Src/stm32f1xx_hal.o
                0x00000000080020f4                HAL_GetTick
 .text.HAL_Delay
                0x0000000008002108       0x48 ./Drivers/STM32F1xx_HAL_Driver/Src/stm32f1xx_hal.o
                0x0000000008002108                HAL_Delay
 .text.HAL_ADC_Init
                0x0000000008002150      0x1b0 ./Drivers/STM32F1xx_HAL_Driver/Src/stm32f1xx_hal_adc.o
                0x0000000008002150                HAL_ADC_Init
 .text.HAL_ADC_Start
                0x0000000008002300      0x15c ./Drivers/STM32F1xx_HAL_Driver/Src/stm32f1xx_hal_adc.o
                0x0000000008002300                HAL_ADC_Start
 .text.HAL_ADC_GetValue
                0x000000000800245c       0x18 ./Drivers/STM32F1xx_HAL_Driver/Src/stm32f1xx_hal_adc.o
                0x000000000800245c                HAL_ADC_GetValue
 .text.HAL_ADC_ConfigChannel
                0x0000000008002474      0x1f0 ./Drivers/STM32F1xx_HAL_Driver/Src/stm32f1xx_hal_adc.o
                0x0000000008002474                HAL_ADC_ConfigChannel
 .text.ADC_Enable
                0x0000000008002664       0xb4 ./Drivers/STM32F1xx_HAL_Driver/Src/stm32f1xx_hal_adc.o
                0x0000000008002664                ADC_Enable
 .text.ADC_ConversionStop_Disable
                0x0000000008002718       0x82 ./Drivers/STM32F1xx_HAL_Driver/Src/stm32f1xx_hal_adc.o
                0x0000000008002718                ADC_ConversionStop_Disable
 *fill*         0x000000000800279a        0x2 
 .text.__NVIC_SetPriorityGrouping
                0x000000000800279c       0x48 ./Drivers/STM32F1xx_HAL_Driver/Src/stm32f1xx_hal_cortex.o
 .text.__NVIC_GetPriorityGrouping
                0x00000000080027e4       0x1c ./Drivers/STM32F1xx_HAL_Driver/Src/stm32f1xx_hal_cortex.o
 .text.__NVIC_EnableIRQ
                0x0000000008002800       0x38 ./Drivers/STM32F1xx_HAL_Driver/Src/stm32f1xx_hal_cortex.o
 .text.__NVIC_SetPriority
                0x0000000008002838       0x54 ./Drivers/STM32F1xx_HAL_Driver/Src/stm32f1xx_hal_cortex.o
 .text.NVIC_EncodePriority
                0x000000000800288c       0x64 ./Drivers/STM32F1xx_HAL_Driver/Src/stm32f1xx_hal_cortex.o
 .text.SysTick_Config
                0x00000000080028f0       0x44 ./Drivers/STM32F1xx_HAL_Driver/Src/stm32f1xx_hal_cortex.o
 .text.HAL_NVIC_SetPriorityGrouping
                0x0000000008002934       0x16 ./Drivers/STM32F1xx_HAL_Driver/Src/stm32f1xx_hal_cortex.o
                0x0000000008002934                HAL_NVIC_SetPriorityGrouping
 .text.HAL_NVIC_SetPriority
                0x000000000800294a       0x38 ./Drivers/STM32F1xx_HAL_Driver/Src/stm32f1xx_hal_cortex.o
                0x000000000800294a                HAL_NVIC_SetPriority
 .text.HAL_NVIC_EnableIRQ
                0x0000000008002982       0x1c ./Drivers/STM32F1xx_HAL_Driver/Src/stm32f1xx_hal_cortex.o
                0x0000000008002982                HAL_NVIC_EnableIRQ
 .text.HAL_SYSTICK_Config
                0x000000000800299e       0x18 ./Drivers/STM32F1xx_HAL_Driver/Src/stm32f1xx_hal_cortex.o
                0x000000000800299e                HAL_SYSTICK_Config
 *fill*         0x00000000080029b6        0x2 
 .text.HAL_DMA_Init
                0x00000000080029b8       0xb4 ./Drivers/STM32F1xx_HAL_Driver/Src/stm32f1xx_hal_dma.o
                0x00000000080029b8                HAL_DMA_Init
 .text.HAL_DMA_Start_IT
                0x0000000008002a6c       0xbe ./Drivers/STM32F1xx_HAL_Driver/Src/stm32f1xx_hal_dma.o
                0x0000000008002a6c                HAL_DMA_Start_IT
 .text.HAL_DMA_Abort
                0x0000000008002b2a       0x74 ./Drivers/STM32F1xx_HAL_Driver/Src/stm32f1xx_hal_dma.o
                0x0000000008002b2a                HAL_DMA_Abort
 *fill*         0x0000000008002b9e        0x2 
 .text.HAL_DMA_Abort_IT
                0x0000000008002ba0       0xec ./Drivers/STM32F1xx_HAL_Driver/Src/stm32f1xx_hal_dma.o
                0x0000000008002ba0                HAL_DMA_Abort_IT
 .text.HAL_DMA_IRQHandler
                0x0000000008002c8c      0x20c ./Drivers/STM32F1xx_HAL_Driver/Src/stm32f1xx_hal_dma.o
                0x0000000008002c8c                HAL_DMA_IRQHandler
 .text.DMA_SetConfig
                0x0000000008002e98       0x5a ./Drivers/STM32F1xx_HAL_Driver/Src/stm32f1xx_hal_dma.o
 *fill*         0x0000000008002ef2        0x2 
 .text.HAL_GPIO_Init
                0x0000000008002ef4      0x308 ./Drivers/STM32F1xx_HAL_Driver/Src/stm32f1xx_hal_gpio.o
                0x0000000008002ef4                HAL_GPIO_Init
 .text.HAL_I2C_Init
                0x00000000080031fc      0x288 ./Drivers/STM32F1xx_HAL_Driver/Src/stm32f1xx_hal_i2c.o
                0x00000000080031fc                HAL_I2C_Init
 .text.HAL_I2C_Mem_Write
                0x0000000008003484      0x1f4 ./Drivers/STM32F1xx_HAL_Driver/Src/stm32f1xx_hal_i2c.o
                0x0000000008003484                HAL_I2C_Mem_Write
 .text.HAL_I2C_Mem_Read
                0x0000000008003678      0x4d0 ./Drivers/STM32F1xx_HAL_Driver/Src/stm32f1xx_hal_i2c.o
                0x0000000008003678                HAL_I2C_Mem_Read
 .text.I2C_RequestMemoryWrite
                0x0000000008003b48      0x12c ./Drivers/STM32F1xx_HAL_Driver/Src/stm32f1xx_hal_i2c.o
 .text.I2C_RequestMemoryRead
                0x0000000008003c74      0x1d0 ./Drivers/STM32F1xx_HAL_Driver/Src/stm32f1xx_hal_i2c.o
 .text.I2C_WaitOnFlagUntilTimeout
                0x0000000008003e44       0xae ./Drivers/STM32F1xx_HAL_Driver/Src/stm32f1xx_hal_i2c.o
 .text.I2C_WaitOnMasterAddressFlagUntilTimeout
                0x0000000008003ef2       0xfe ./Drivers/STM32F1xx_HAL_Driver/Src/stm32f1xx_hal_i2c.o
 .text.I2C_WaitOnTXEFlagUntilTimeout
                0x0000000008003ff0       0x82 ./Drivers/STM32F1xx_HAL_Driver/Src/stm32f1xx_hal_i2c.o
 .text.I2C_WaitOnBTFFlagUntilTimeout
                0x0000000008004072       0x82 ./Drivers/STM32F1xx_HAL_Driver/Src/stm32f1xx_hal_i2c.o
 .text.I2C_WaitOnRXNEFlagUntilTimeout
                0x00000000080040f4       0xac ./Drivers/STM32F1xx_HAL_Driver/Src/stm32f1xx_hal_i2c.o
 .text.I2C_IsAcknowledgeFailed
                0x00000000080041a0       0x5c ./Drivers/STM32F1xx_HAL_Driver/Src/stm32f1xx_hal_i2c.o
 .text.HAL_RCC_OscConfig
                0x00000000080041fc      0x504 ./Drivers/STM32F1xx_HAL_Driver/Src/stm32f1xx_hal_rcc.o
                0x00000000080041fc                HAL_RCC_OscConfig
 .text.HAL_RCC_ClockConfig
                0x0000000008004700      0x1d4 ./Drivers/STM32F1xx_HAL_Driver/Src/stm32f1xx_hal_rcc.o
                0x0000000008004700                HAL_RCC_ClockConfig
 .text.HAL_RCC_GetSysClockFreq
                0x00000000080048d4       0xbc ./Drivers/STM32F1xx_HAL_Driver/Src/stm32f1xx_hal_rcc.o
                0x00000000080048d4                HAL_RCC_GetSysClockFreq
 .text.HAL_RCC_GetHCLKFreq
                0x0000000008004990       0x14 ./Drivers/STM32F1xx_HAL_Driver/Src/stm32f1xx_hal_rcc.o
                0x0000000008004990                HAL_RCC_GetHCLKFreq
 .text.HAL_RCC_GetPCLK1Freq
                0x00000000080049a4       0x28 ./Drivers/STM32F1xx_HAL_Driver/Src/stm32f1xx_hal_rcc.o
                0x00000000080049a4                HAL_RCC_GetPCLK1Freq
 .text.HAL_RCC_GetPCLK2Freq
                0x00000000080049cc       0x28 ./Drivers/STM32F1xx_HAL_Driver/Src/stm32f1xx_hal_rcc.o
                0x00000000080049cc                HAL_RCC_GetPCLK2Freq
 .text.RCC_Delay
                0x00000000080049f4       0x3c ./Drivers/STM32F1xx_HAL_Driver/Src/stm32f1xx_hal_rcc.o
 .text.HAL_RCCEx_PeriphCLKConfig
                0x0000000008004a30      0x16c ./Drivers/STM32F1xx_HAL_Driver/Src/stm32f1xx_hal_rcc_ex.o
                0x0000000008004a30                HAL_RCCEx_PeriphCLKConfig
 .text.HAL_TIM_Base_Init
                0x0000000008004b9c       0x9e ./Drivers/STM32F1xx_HAL_Driver/Src/stm32f1xx_hal_tim.o
                0x0000000008004b9c                HAL_TIM_Base_Init
 *fill*         0x0000000008004c3a        0x2 
 .text.HAL_TIM_Base_Start_IT
                0x0000000008004c3c       0xa4 ./Drivers/STM32F1xx_HAL_Driver/Src/stm32f1xx_hal_tim.o
                0x0000000008004c3c                HAL_TIM_Base_Start_IT
 .text.HAL_TIM_PWM_Init
                0x0000000008004ce0       0x9e ./Drivers/STM32F1xx_HAL_Driver/Src/stm32f1xx_hal_tim.o
                0x0000000008004ce0                HAL_TIM_PWM_Init
 .text.HAL_TIM_PWM_MspInit
                0x0000000008004d7e       0x12 ./Drivers/STM32F1xx_HAL_Driver/Src/stm32f1xx_hal_tim.o
                0x0000000008004d7e                HAL_TIM_PWM_MspInit
 .text.HAL_TIM_PWM_Start
                0x0000000008004d90      0x144 ./Drivers/STM32F1xx_HAL_Driver/Src/stm32f1xx_hal_tim.o
                0x0000000008004d90                HAL_TIM_PWM_Start
 .text.HAL_TIM_IRQHandler
                0x0000000008004ed4      0x210 ./Drivers/STM32F1xx_HAL_Driver/Src/stm32f1xx_hal_tim.o
                0x0000000008004ed4                HAL_TIM_IRQHandler
 .text.HAL_TIM_PWM_ConfigChannel
                0x00000000080050e4      0x17c ./Drivers/STM32F1xx_HAL_Driver/Src/stm32f1xx_hal_tim.o
                0x00000000080050e4                HAL_TIM_PWM_ConfigChannel
 .text.HAL_TIM_ConfigClockSource
                0x0000000008005260      0x188 ./Drivers/STM32F1xx_HAL_Driver/Src/stm32f1xx_hal_tim.o
                0x0000000008005260                HAL_TIM_ConfigClockSource
 .text.HAL_TIM_OC_DelayElapsedCallback
                0x00000000080053e8       0x12 ./Drivers/STM32F1xx_HAL_Driver/Src/stm32f1xx_hal_tim.o
                0x00000000080053e8                HAL_TIM_OC_DelayElapsedCallback
 .text.HAL_TIM_IC_CaptureCallback
                0x00000000080053fa       0x12 ./Drivers/STM32F1xx_HAL_Driver/Src/stm32f1xx_hal_tim.o
                0x00000000080053fa                HAL_TIM_IC_CaptureCallback
 .text.HAL_TIM_PWM_PulseFinishedCallback
                0x000000000800540c       0x12 ./Drivers/STM32F1xx_HAL_Driver/Src/stm32f1xx_hal_tim.o
                0x000000000800540c                HAL_TIM_PWM_PulseFinishedCallback
 .text.HAL_TIM_TriggerCallback
                0x000000000800541e       0x12 ./Drivers/STM32F1xx_HAL_Driver/Src/stm32f1xx_hal_tim.o
                0x000000000800541e                HAL_TIM_TriggerCallback
 .text.TIM_Base_SetConfig
                0x0000000008005430       0xc4 ./Drivers/STM32F1xx_HAL_Driver/Src/stm32f1xx_hal_tim.o
                0x0000000008005430                TIM_Base_SetConfig
 .text.TIM_OC1_SetConfig
                0x00000000080054f4       0xcc ./Drivers/STM32F1xx_HAL_Driver/Src/stm32f1xx_hal_tim.o
 .text.TIM_OC2_SetConfig
                0x00000000080055c0       0xd4 ./Drivers/STM32F1xx_HAL_Driver/Src/stm32f1xx_hal_tim.o
                0x00000000080055c0                TIM_OC2_SetConfig
 .text.TIM_OC3_SetConfig
                0x0000000008005694       0xd4 ./Drivers/STM32F1xx_HAL_Driver/Src/stm32f1xx_hal_tim.o
 .text.TIM_OC4_SetConfig
                0x0000000008005768       0x9c ./Drivers/STM32F1xx_HAL_Driver/Src/stm32f1xx_hal_tim.o
 .text.TIM_TI1_ConfigInputStage
                0x0000000008005804       0x5c ./Drivers/STM32F1xx_HAL_Driver/Src/stm32f1xx_hal_tim.o
 .text.TIM_TI2_ConfigInputStage
                0x0000000008005860       0x5e ./Drivers/STM32F1xx_HAL_Driver/Src/stm32f1xx_hal_tim.o
 .text.TIM_ITRx_SetConfig
                0x00000000080058be       0x34 ./Drivers/STM32F1xx_HAL_Driver/Src/stm32f1xx_hal_tim.o
 .text.TIM_ETR_SetConfig
                0x00000000080058f2       0x3e ./Drivers/STM32F1xx_HAL_Driver/Src/stm32f1xx_hal_tim.o
                0x00000000080058f2                TIM_ETR_SetConfig
 .text.TIM_CCxChannelCmd
                0x0000000008005930       0x48 ./Drivers/STM32F1xx_HAL_Driver/Src/stm32f1xx_hal_tim.o
                0x0000000008005930                TIM_CCxChannelCmd
 .text.HAL_TIMEx_MasterConfigSynchronization
                0x0000000008005978       0xbc ./Drivers/STM32F1xx_HAL_Driver/Src/stm32f1xx_hal_tim_ex.o
                0x0000000008005978                HAL_TIMEx_MasterConfigSynchronization
 .text.HAL_TIMEx_ConfigBreakDeadTime
                0x0000000008005a34       0xa2 ./Drivers/STM32F1xx_HAL_Driver/Src/stm32f1xx_hal_tim_ex.o
                0x0000000008005a34                HAL_TIMEx_ConfigBreakDeadTime
 .text.HAL_TIMEx_CommutCallback
                0x0000000008005ad6       0x12 ./Drivers/STM32F1xx_HAL_Driver/Src/stm32f1xx_hal_tim_ex.o
                0x0000000008005ad6                HAL_TIMEx_CommutCallback
 .text.HAL_TIMEx_BreakCallback
                0x0000000008005ae8       0x12 ./Drivers/STM32F1xx_HAL_Driver/Src/stm32f1xx_hal_tim_ex.o
                0x0000000008005ae8                HAL_TIMEx_BreakCallback
 .text.HAL_UART_Init
                0x0000000008005afa       0x9a ./Drivers/STM32F1xx_HAL_Driver/Src/stm32f1xx_hal_uart.o
                0x0000000008005afa                HAL_UART_Init
 .text.HAL_UART_Transmit_DMA
                0x0000000008005b94       0xd8 ./Drivers/STM32F1xx_HAL_Driver/Src/stm32f1xx_hal_uart.o
                0x0000000008005b94                HAL_UART_Transmit_DMA
 .text.HAL_UART_IRQHandler
                0x0000000008005c6c      0x354 ./Drivers/STM32F1xx_HAL_Driver/Src/stm32f1xx_hal_uart.o
                0x0000000008005c6c                HAL_UART_IRQHandler
 .text.HAL_UART_TxCpltCallback
                0x0000000008005fc0       0x12 ./Drivers/STM32F1xx_HAL_Driver/Src/stm32f1xx_hal_uart.o
                0x0000000008005fc0                HAL_UART_TxCpltCallback
 .text.HAL_UART_TxHalfCpltCallback
                0x0000000008005fd2       0x12 ./Drivers/STM32F1xx_HAL_Driver/Src/stm32f1xx_hal_uart.o
                0x0000000008005fd2                HAL_UART_TxHalfCpltCallback
 .text.HAL_UART_RxCpltCallback
                0x0000000008005fe4       0x12 ./Drivers/STM32F1xx_HAL_Driver/Src/stm32f1xx_hal_uart.o
                0x0000000008005fe4                HAL_UART_RxCpltCallback
 .text.HAL_UART_ErrorCallback
                0x0000000008005ff6       0x12 ./Drivers/STM32F1xx_HAL_Driver/Src/stm32f1xx_hal_uart.o
                0x0000000008005ff6                HAL_UART_ErrorCallback
 .text.HAL_UARTEx_RxEventCallback
                0x0000000008006008       0x16 ./Drivers/STM32F1xx_HAL_Driver/Src/stm32f1xx_hal_uart.o
                0x0000000008006008                HAL_UARTEx_RxEventCallback
 .text.UART_DMATransmitCplt
                0x000000000800601e       0x52 ./Drivers/STM32F1xx_HAL_Driver/Src/stm32f1xx_hal_uart.o
 .text.UART_DMATxHalfCplt
                0x0000000008006070       0x1c ./Drivers/STM32F1xx_HAL_Driver/Src/stm32f1xx_hal_uart.o
 .text.UART_DMAError
                0x000000000800608c       0x94 ./Drivers/STM32F1xx_HAL_Driver/Src/stm32f1xx_hal_uart.o
 .text.UART_EndTxTransfer
                0x0000000008006120       0x2a ./Drivers/STM32F1xx_HAL_Driver/Src/stm32f1xx_hal_uart.o
 .text.UART_EndRxTransfer
                0x000000000800614a       0x58 ./Drivers/STM32F1xx_HAL_Driver/Src/stm32f1xx_hal_uart.o
 .text.UART_DMAAbortOnError
                0x00000000080061a2       0x28 ./Drivers/STM32F1xx_HAL_Driver/Src/stm32f1xx_hal_uart.o
 .text.UART_Transmit_IT
                0x00000000080061ca       0x9e ./Drivers/STM32F1xx_HAL_Driver/Src/stm32f1xx_hal_uart.o
 .text.UART_EndTransmit_IT
                0x0000000008006268       0x30 ./Drivers/STM32F1xx_HAL_Driver/Src/stm32f1xx_hal_uart.o
 .text.UART_Receive_IT
                0x0000000008006298      0x152 ./Drivers/STM32F1xx_HAL_Driver/Src/stm32f1xx_hal_uart.o
 *fill*         0x00000000080063ea        0x2 
 .text.UART_SetConfig
                0x00000000080063ec      0x11c ./Drivers/STM32F1xx_HAL_Driver/Src/stm32f1xx_hal_uart.o
 .text.__libc_init_array
                0x0000000008006508       0x48 c:/st/stm32cubeide_1.6.0/stm32cubeide/plugins/com.st.stm32cube.ide.mcu.externaltools.gnu-tools-for-stm32.10.3-2021.10.win32_1.0.200.202301161003/tools/bin/../lib/gcc/arm-none-eabi/10.3.1/../../../../arm-none-eabi/lib/thumb/v7-m/nofp\libc_nano.a(lib_a-init.o)
                0x0000000008006508                __libc_init_array
 .text.memset   0x0000000008006550       0x10 c:/st/stm32cubeide_1.6.0/stm32cubeide/plugins/com.st.stm32cube.ide.mcu.externaltools.gnu-tools-for-stm32.10.3-2021.10.win32_1.0.200.202301161003/tools/bin/../lib/gcc/arm-none-eabi/10.3.1/../../../../arm-none-eabi/lib/thumb/v7-m/nofp\libc_nano.a(lib_a-memset.o)
                0x0000000008006550                memset
 *(.glue_7)
 .glue_7        0x0000000008006560        0x0 linker stubs
 *(.glue_7t)
 .glue_7t       0x0000000008006560        0x0 linker stubs
 *(.eh_frame)
 .eh_frame      0x0000000008006560        0x0 c:/st/stm32cubeide_1.6.0/stm32cubeide/plugins/com.st.stm32cube.ide.mcu.externaltools.gnu-tools-for-stm32.10.3-2021.10.win32_1.0.200.202301161003/tools/bin/../lib/gcc/arm-none-eabi/10.3.1/thumb/v7-m/nofp/crtbegin.o
 *(.init)
 .init          0x0000000008006560        0x4 c:/st/stm32cubeide_1.6.0/stm32cubeide/plugins/com.st.stm32cube.ide.mcu.externaltools.gnu-tools-for-stm32.10.3-2021.10.win32_1.0.200.202301161003/tools/bin/../lib/gcc/arm-none-eabi/10.3.1/thumb/v7-m/nofp/crti.o
                0x0000000008006560                _init
 .init          0x0000000008006564        0x8 c:/st/stm32cubeide_1.6.0/stm32cubeide/plugins/com.st.stm32cube.ide.mcu.externaltools.gnu-tools-for-stm32.10.3-2021.10.win32_1.0.200.202301161003/tools/bin/../lib/gcc/arm-none-eabi/10.3.1/thumb/v7-m/nofp/crtn.o
 *(.fini)
 .fini          0x000000000800656c        0x4 c:/st/stm32cubeide_1.6.0/stm32cubeide/plugins/com.st.stm32cube.ide.mcu.externaltools.gnu-tools-for-stm32.10.3-2021.10.win32_1.0.200.202301161003/tools/bin/../lib/gcc/arm-none-eabi/10.3.1/thumb/v7-m/nofp/crti.o
                0x000000000800656c                _fini
 .fini          0x0000000008006570        0x8 c:/st/stm32cubeide_1.6.0/stm32cubeide/plugins/com.st.stm32cube.ide.mcu.externaltools.gnu-tools-for-stm32.10.3-2021.10.win32_1.0.200.202301161003/tools/bin/../lib/gcc/arm-none-eabi/10.3.1/thumb/v7-m/nofp/crtn.o
                0x0000000008006578                . = ALIGN (0x4)
                0x0000000008006578                _etext = .

.vfp11_veneer   0x0000000008006578        0x0
 .vfp11_veneer  0x0000000008006578        0x0 linker stubs

.v4_bx          0x0000000008006578        0x0
 .v4_bx         0x0000000008006578        0x0 linker stubs

.iplt           0x0000000008006578        0x0
 .iplt          0x0000000008006578        0x0 c:/st/stm32cubeide_1.6.0/stm32cubeide/plugins/com.st.stm32cube.ide.mcu.externaltools.gnu-tools-for-stm32.10.3-2021.10.win32_1.0.200.202301161003/tools/bin/../lib/gcc/arm-none-eabi/10.3.1/thumb/v7-m/nofp/crtbegin.o

.rodata         0x0000000008006578       0x28
                0x0000000008006578                . = ALIGN (0x4)
 *(.rodata)
 .rodata        0x0000000008006578       0x10 ./Drivers/STM32F1xx_HAL_Driver/Src/stm32f1xx_hal_rcc.o
 *(.rodata*)
 .rodata.AHBPrescTable
                0x0000000008006588       0x10 ./Core/Src/system_stm32f1xx.o
                0x0000000008006588                AHBPrescTable
 .rodata.APBPrescTable
                0x0000000008006598        0x8 ./Core/Src/system_stm32f1xx.o
                0x0000000008006598                APBPrescTable
                0x00000000080065a0                . = ALIGN (0x4)

.rel.dyn        0x00000000080065a0        0x0
 .rel.iplt      0x00000000080065a0        0x0 c:/st/stm32cubeide_1.6.0/stm32cubeide/plugins/com.st.stm32cube.ide.mcu.externaltools.gnu-tools-for-stm32.10.3-2021.10.win32_1.0.200.202301161003/tools/bin/../lib/gcc/arm-none-eabi/10.3.1/thumb/v7-m/nofp/crtbegin.o

.ARM.extab      0x00000000080065a0        0x0
                0x00000000080065a0                . = ALIGN (0x4)
 *(.ARM.extab* .gnu.linkonce.armextab.*)
                0x00000000080065a0                . = ALIGN (0x4)

.ARM            0x00000000080065a0        0x0
                0x00000000080065a0                . = ALIGN (0x4)
                0x00000000080065a0                __exidx_start = .
 *(.ARM.exidx*)
                0x00000000080065a0                __exidx_end = .
                0x00000000080065a0                . = ALIGN (0x4)

.preinit_array  0x00000000080065a0        0x0
                0x00000000080065a0                . = ALIGN (0x4)
                0x00000000080065a0                PROVIDE (__preinit_array_start = .)
 *(.preinit_array*)
                0x00000000080065a0                PROVIDE (__preinit_array_end = .)
                0x00000000080065a0                . = ALIGN (0x4)

.init_array     0x00000000080065a0        0x4
                0x00000000080065a0                . = ALIGN (0x4)
                0x00000000080065a0                PROVIDE (__init_array_start = .)
 *(SORT_BY_NAME(.init_array.*))
 *(.init_array*)
 .init_array    0x00000000080065a0        0x4 c:/st/stm32cubeide_1.6.0/stm32cubeide/plugins/com.st.stm32cube.ide.mcu.externaltools.gnu-tools-for-stm32.10.3-2021.10.win32_1.0.200.202301161003/tools/bin/../lib/gcc/arm-none-eabi/10.3.1/thumb/v7-m/nofp/crtbegin.o
                0x00000000080065a4                PROVIDE (__init_array_end = .)
                0x00000000080065a4                . = ALIGN (0x4)

.fini_array     0x00000000080065a4        0x4
                0x00000000080065a4                . = ALIGN (0x4)
                [!provide]                        PROVIDE (__fini_array_start = .)
 *(SORT_BY_NAME(.fini_array.*))
 *(.fini_array*)
 .fini_array    0x00000000080065a4        0x4 c:/st/stm32cubeide_1.6.0/stm32cubeide/plugins/com.st.stm32cube.ide.mcu.externaltools.gnu-tools-for-stm32.10.3-2021.10.win32_1.0.200.202301161003/tools/bin/../lib/gcc/arm-none-eabi/10.3.1/thumb/v7-m/nofp/crtbegin.o
                [!provide]                        PROVIDE (__fini_array_end = .)
                0x00000000080065a8                . = ALIGN (0x4)
                0x00000000080065a8                _sidata = LOADADDR (.data)

.data           0x0000000020000000       0x10 load address 0x00000000080065a8
                0x0000000020000000                . = ALIGN (0x4)
                0x0000000020000000                _sdata = .
 *(.data)
 *(.data*)
 .data.adrs_219
                0x0000000020000000        0x1 ./Core/Src/ina219.o
                0x0000000020000000                adrs_219
 *fill*         0x0000000020000001        0x3 
 .data.SystemCoreClock
                0x0000000020000004        0x4 ./Core/Src/system_stm32f1xx.o
                0x0000000020000004                SystemCoreClock
 .data.uwTickPrio
                0x0000000020000008        0x4 ./Drivers/STM32F1xx_HAL_Driver/Src/stm32f1xx_hal.o
                0x0000000020000008                uwTickPrio
 .data.uwTickFreq
                0x000000002000000c        0x1 ./Drivers/STM32F1xx_HAL_Driver/Src/stm32f1xx_hal.o
                0x000000002000000c                uwTickFreq
 *(.RamFunc)
 *(.RamFunc*)
                0x0000000020000010                . = ALIGN (0x4)
 *fill*         0x000000002000000d        0x3 
                0x0000000020000010                _edata = .

.igot.plt       0x0000000020000010        0x0 load address 0x00000000080065b8
 .igot.plt      0x0000000020000010        0x0 c:/st/stm32cubeide_1.6.0/stm32cubeide/plugins/com.st.stm32cube.ide.mcu.externaltools.gnu-tools-for-stm32.10.3-2021.10.win32_1.0.200.202301161003/tools/bin/../lib/gcc/arm-none-eabi/10.3.1/thumb/v7-m/nofp/crtbegin.o
                0x0000000020000010                . = ALIGN (0x4)

.bss            0x0000000020000010      0x274 load address 0x00000000080065b8
                0x0000000020000010                _sbss = .
                0x0000000020000010                __bss_start__ = _sbss
 *(.bss)
 .bss           0x0000000020000010       0x1c c:/st/stm32cubeide_1.6.0/stm32cubeide/plugins/com.st.stm32cube.ide.mcu.externaltools.gnu-tools-for-stm32.10.3-2021.10.win32_1.0.200.202301161003/tools/bin/../lib/gcc/arm-none-eabi/10.3.1/thumb/v7-m/nofp/crtbegin.o
 *(.bss*)
 .bss.ina219_currentDivider_mA
                0x000000002000002c        0x4 ./Core/Src/ina219.o
                0x000000002000002c                ina219_currentDivider_mA
 .bss.ina219_powerMultiplier_mW
                0x0000000020000030        0x4 ./Core/Src/ina219.o
                0x0000000020000030                ina219_powerMultiplier_mW
 .bss.ina219_calValue
                0x0000000020000034        0x4 ./Core/Src/ina219.o
                0x0000000020000034                ina219_calValue
 .bss.hadc1     0x0000000020000038       0x30 ./Core/Src/main.o
                0x0000000020000038                hadc1
 .bss.hi2c2     0x0000000020000068       0x54 ./Core/Src/main.o
                0x0000000020000068                hi2c2
 .bss.htim1     0x00000000200000bc       0x48 ./Core/Src/main.o
                0x00000000200000bc                htim1
 .bss.htim4     0x0000000020000104       0x48 ./Core/Src/main.o
                0x0000000020000104                htim4
 .bss.huart2    0x000000002000014c       0x44 ./Core/Src/main.o
                0x000000002000014c                huart2
 .bss.hdma_usart2_tx
                0x0000000020000190       0x44 ./Core/Src/main.o
                0x0000000020000190                hdma_usart2_tx
 .bss.CURRENT_FILTER_COUNTER
                0x00000000200001d4        0x4 ./Core/Src/main.o
                0x00000000200001d4                CURRENT_FILTER_COUNTER
 .bss.POWER_FILTER_COUNTER
                0x00000000200001d8        0x4 ./Core/Src/main.o
                0x00000000200001d8                POWER_FILTER_COUNTER
 .bss.VOLTAGE_FILTER_COUNTER
                0x00000000200001dc        0x4 ./Core/Src/main.o
                0x00000000200001dc                VOLTAGE_FILTER_COUNTER
 .bss.current_filter_data
                0x00000000200001e0       0x14 ./Core/Src/main.o
                0x00000000200001e0                current_filter_data
 .bss.current_filter_sum_value
                0x00000000200001f4        0x4 ./Core/Src/main.o
                0x00000000200001f4                current_filter_sum_value
 .bss.current_value
                0x00000000200001f8        0x4 ./Core/Src/main.o
                0x00000000200001f8                current_value
 .bss.average_current_value
                0x00000000200001fc        0x4 ./Core/Src/main.o
                0x00000000200001fc                average_current_value
 .bss.delta_I   0x0000000020000200        0x4 ./Core/Src/main.o
                0x0000000020000200                delta_I
 .bss.prev_I    0x0000000020000204        0x4 ./Core/Src/main.o
                0x0000000020000204                prev_I
 .bss.power_filter_data
                0x0000000020000208       0x14 ./Core/Src/main.o
                0x0000000020000208                power_filter_data
 .bss.power_filter_sum_value
                0x000000002000021c        0x4 ./Core/Src/main.o
                0x000000002000021c                power_filter_sum_value
 .bss.power_value
                0x0000000020000220        0x4 ./Core/Src/main.o
                0x0000000020000220                power_value
 .bss.average_power_value
                0x0000000020000224        0x4 ./Core/Src/main.o
                0x0000000020000224                average_power_value
 .bss.delta_P   0x0000000020000228        0x4 ./Core/Src/main.o
                0x0000000020000228                delta_P
 .bss.voltage_filter_data
                0x000000002000022c       0x14 ./Core/Src/main.o
                0x000000002000022c                voltage_filter_data
 .bss.voltage_filter_sum_value
                0x0000000020000240        0x4 ./Core/Src/main.o
                0x0000000020000240                voltage_filter_sum_value
 .bss.voltage_value
                0x0000000020000244        0x4 ./Core/Src/main.o
                0x0000000020000244                voltage_value
 .bss.average_voltage_value
                0x0000000020000248        0x4 ./Core/Src/main.o
                0x0000000020000248                average_voltage_value
 .bss.delta_V   0x000000002000024c        0x4 ./Core/Src/main.o
                0x000000002000024c                delta_V
 .bss.prev_V    0x0000000020000250        0x4 ./Core/Src/main.o
                0x0000000020000250                prev_V
 .bss.duty_cycle
                0x0000000020000254        0x4 ./Core/Src/main.o
                0x0000000020000254                duty_cycle
 .bss.load_voltage
                0x0000000020000258        0x4 ./Core/Src/main.o
                0x0000000020000258                load_voltage
 .bss.data      0x000000002000025c       0x24 ./Core/Src/main.o
                0x000000002000025c                data
 .bss.uwTick    0x0000000020000280        0x4 ./Drivers/STM32F1xx_HAL_Driver/Src/stm32f1xx_hal.o
                0x0000000020000280                uwTick
 *(COMMON)
                0x0000000020000284                . = ALIGN (0x4)
                0x0000000020000284                _ebss = .
                0x0000000020000284                __bss_end__ = _ebss

._user_heap_stack
                0x0000000020000284      0x604 load address 0x00000000080065b8
                0x0000000020000288                . = ALIGN (0x8)
 *fill*         0x0000000020000284        0x4 
                [!provide]                        PROVIDE (end = .)
                0x0000000020000288                PROVIDE (_end = .)
                0x0000000020000488                . = (. + _Min_Heap_Size)
 *fill*         0x0000000020000288      0x200 
                0x0000000020000888                . = (. + _Min_Stack_Size)
 *fill*         0x0000000020000488      0x400 
                0x0000000020000888                . = ALIGN (0x8)

/DISCARD/
 libc.a(*)
 libm.a(*)
 libgcc.a(*)

.ARM.attributes
                0x0000000000000000       0x29
 *(.ARM.attributes)
 .ARM.attributes
                0x0000000000000000       0x1d c:/st/stm32cubeide_1.6.0/stm32cubeide/plugins/com.st.stm32cube.ide.mcu.externaltools.gnu-tools-for-stm32.10.3-2021.10.win32_1.0.200.202301161003/tools/bin/../lib/gcc/arm-none-eabi/10.3.1/thumb/v7-m/nofp/crti.o
 .ARM.attributes
                0x000000000000001d       0x2d c:/st/stm32cubeide_1.6.0/stm32cubeide/plugins/com.st.stm32cube.ide.mcu.externaltools.gnu-tools-for-stm32.10.3-2021.10.win32_1.0.200.202301161003/tools/bin/../lib/gcc/arm-none-eabi/10.3.1/thumb/v7-m/nofp/crtbegin.o
 .ARM.attributes
                0x000000000000004a       0x2d ./Core/Src/ina219.o
 .ARM.attributes
                0x0000000000000077       0x2d ./Core/Src/main.o
 .ARM.attributes
                0x00000000000000a4       0x2d ./Core/Src/stm32f1xx_hal_msp.o
 .ARM.attributes
                0x00000000000000d1       0x2d ./Core/Src/stm32f1xx_it.o
 .ARM.attributes
                0x00000000000000fe       0x2d ./Core/Src/system_stm32f1xx.o
 .ARM.attributes
                0x000000000000012b       0x21 ./Core/Startup/startup_stm32f103c8tx.o
 .ARM.attributes
                0x000000000000014c       0x2d ./Drivers/STM32F1xx_HAL_Driver/Src/stm32f1xx_hal.o
 .ARM.attributes
                0x0000000000000179       0x2d ./Drivers/STM32F1xx_HAL_Driver/Src/stm32f1xx_hal_adc.o
 .ARM.attributes
                0x00000000000001a6       0x2d ./Drivers/STM32F1xx_HAL_Driver/Src/stm32f1xx_hal_cortex.o
 .ARM.attributes
                0x00000000000001d3       0x2d ./Drivers/STM32F1xx_HAL_Driver/Src/stm32f1xx_hal_dma.o
 .ARM.attributes
                0x0000000000000200       0x2d ./Drivers/STM32F1xx_HAL_Driver/Src/stm32f1xx_hal_gpio.o
 .ARM.attributes
                0x000000000000022d       0x2d ./Drivers/STM32F1xx_HAL_Driver/Src/stm32f1xx_hal_i2c.o
 .ARM.attributes
                0x000000000000025a       0x2d ./Drivers/STM32F1xx_HAL_Driver/Src/stm32f1xx_hal_rcc.o
 .ARM.attributes
                0x0000000000000287       0x2d ./Drivers/STM32F1xx_HAL_Driver/Src/stm32f1xx_hal_rcc_ex.o
 .ARM.attributes
                0x00000000000002b4       0x2d ./Drivers/STM32F1xx_HAL_Driver/Src/stm32f1xx_hal_tim.o
 .ARM.attributes
                0x00000000000002e1       0x2d ./Drivers/STM32F1xx_HAL_Driver/Src/stm32f1xx_hal_tim_ex.o
 .ARM.attributes
                0x000000000000030e       0x2d ./Drivers/STM32F1xx_HAL_Driver/Src/stm32f1xx_hal_uart.o
 .ARM.attributes
                0x000000000000033b       0x2d c:/st/stm32cubeide_1.6.0/stm32cubeide/plugins/com.st.stm32cube.ide.mcu.externaltools.gnu-tools-for-stm32.10.3-2021.10.win32_1.0.200.202301161003/tools/bin/../lib/gcc/arm-none-eabi/10.3.1/../../../../arm-none-eabi/lib/thumb/v7-m/nofp\libc_nano.a(lib_a-init.o)
 .ARM.attributes
                0x0000000000000368       0x2d c:/st/stm32cubeide_1.6.0/stm32cubeide/plugins/com.st.stm32cube.ide.mcu.externaltools.gnu-tools-for-stm32.10.3-2021.10.win32_1.0.200.202301161003/tools/bin/../lib/gcc/arm-none-eabi/10.3.1/../../../../arm-none-eabi/lib/thumb/v7-m/nofp\libc_nano.a(lib_a-memset.o)
 .ARM.attributes
                0x0000000000000395       0x1d c:/st/stm32cubeide_1.6.0/stm32cubeide/plugins/com.st.stm32cube.ide.mcu.externaltools.gnu-tools-for-stm32.10.3-2021.10.win32_1.0.200.202301161003/tools/bin/../lib/gcc/arm-none-eabi/10.3.1/thumb/v7-m/nofp\libgcc.a(_arm_addsubdf3.o)
 .ARM.attributes
                0x00000000000003b2       0x1d c:/st/stm32cubeide_1.6.0/stm32cubeide/plugins/com.st.stm32cube.ide.mcu.externaltools.gnu-tools-for-stm32.10.3-2021.10.win32_1.0.200.202301161003/tools/bin/../lib/gcc/arm-none-eabi/10.3.1/thumb/v7-m/nofp\libgcc.a(_arm_muldivdf3.o)
 .ARM.attributes
                0x00000000000003cf       0x1d c:/st/stm32cubeide_1.6.0/stm32cubeide/plugins/com.st.stm32cube.ide.mcu.externaltools.gnu-tools-for-stm32.10.3-2021.10.win32_1.0.200.202301161003/tools/bin/../lib/gcc/arm-none-eabi/10.3.1/thumb/v7-m/nofp\libgcc.a(_arm_cmpdf2.o)
 .ARM.attributes
                0x00000000000003ec       0x1d c:/st/stm32cubeide_1.6.0/stm32cubeide/plugins/com.st.stm32cube.ide.mcu.externaltools.gnu-tools-for-stm32.10.3-2021.10.win32_1.0.200.202301161003/tools/bin/../lib/gcc/arm-none-eabi/10.3.1/thumb/v7-m/nofp\libgcc.a(_arm_truncdfsf2.o)
 .ARM.attributes
                0x0000000000000409       0x1d c:/st/stm32cubeide_1.6.0/stm32cubeide/plugins/com.st.stm32cube.ide.mcu.externaltools.gnu-tools-for-stm32.10.3-2021.10.win32_1.0.200.202301161003/tools/bin/../lib/gcc/arm-none-eabi/10.3.1/thumb/v7-m/nofp\libgcc.a(_arm_addsubsf3.o)
 .ARM.attributes
                0x0000000000000426       0x1d c:/st/stm32cubeide_1.6.0/stm32cubeide/plugins/com.st.stm32cube.ide.mcu.externaltools.gnu-tools-for-stm32.10.3-2021.10.win32_1.0.200.202301161003/tools/bin/../lib/gcc/arm-none-eabi/10.3.1/thumb/v7-m/nofp\libgcc.a(_arm_muldivsf3.o)
 .ARM.attributes
                0x0000000000000443       0x1d c:/st/stm32cubeide_1.6.0/stm32cubeide/plugins/com.st.stm32cube.ide.mcu.externaltools.gnu-tools-for-stm32.10.3-2021.10.win32_1.0.200.202301161003/tools/bin/../lib/gcc/arm-none-eabi/10.3.1/thumb/v7-m/nofp\libgcc.a(_arm_cmpsf2.o)
 .ARM.attributes
                0x0000000000000460       0x1d c:/st/stm32cubeide_1.6.0/stm32cubeide/plugins/com.st.stm32cube.ide.mcu.externaltools.gnu-tools-for-stm32.10.3-2021.10.win32_1.0.200.202301161003/tools/bin/../lib/gcc/arm-none-eabi/10.3.1/thumb/v7-m/nofp/crtn.o
OUTPUT(solar_panel_monitor.elf elf32-littlearm)
LOAD linker stubs
LOAD c:/st/stm32cubeide_1.6.0/stm32cubeide/plugins/com.st.stm32cube.ide.mcu.externaltools.gnu-tools-for-stm32.10.3-2021.10.win32_1.0.200.202301161003/tools/bin/../lib/gcc/arm-none-eabi/10.3.1/../../../../arm-none-eabi/lib/thumb/v7-m/nofp\libc.a
LOAD c:/st/stm32cubeide_1.6.0/stm32cubeide/plugins/com.st.stm32cube.ide.mcu.externaltools.gnu-tools-for-stm32.10.3-2021.10.win32_1.0.200.202301161003/tools/bin/../lib/gcc/arm-none-eabi/10.3.1/../../../../arm-none-eabi/lib/thumb/v7-m/nofp\libm.a
LOAD c:/st/stm32cubeide_1.6.0/stm32cubeide/plugins/com.st.stm32cube.ide.mcu.externaltools.gnu-tools-for-stm32.10.3-2021.10.win32_1.0.200.202301161003/tools/bin/../lib/gcc/arm-none-eabi/10.3.1/thumb/v7-m/nofp\libgcc.a

.debug_info     0x0000000000000000     0xfc05
 .debug_info    0x0000000000000000      0xbd5 ./Core/Src/ina219.o
 .debug_info    0x0000000000000bd5     0x1add ./Core/Src/main.o
 .debug_info    0x00000000000026b2     0x145e ./Core/Src/stm32f1xx_hal_msp.o
 .debug_info    0x0000000000003b10      0x9d8 ./Core/Src/stm32f1xx_it.o
 .debug_info    0x00000000000044e8      0x23d ./Core/Src/system_stm32f1xx.o
 .debug_info    0x0000000000004725       0x22 ./Core/Startup/startup_stm32f103c8tx.o
 .debug_info    0x0000000000004747      0x734 ./Drivers/STM32F1xx_HAL_Driver/Src/stm32f1xx_hal.o
 .debug_info    0x0000000000004e7b      0xcd9 ./Drivers/STM32F1xx_HAL_Driver/Src/stm32f1xx_hal_adc.o
 .debug_info    0x0000000000005b54      0xb20 ./Drivers/STM32F1xx_HAL_Driver/Src/stm32f1xx_hal_cortex.o
 .debug_info    0x0000000000006674      0x73f ./Drivers/STM32F1xx_HAL_Driver/Src/stm32f1xx_hal_dma.o
 .debug_info    0x0000000000006db3      0x615 ./Drivers/STM32F1xx_HAL_Driver/Src/stm32f1xx_hal_gpio.o
 .debug_info    0x00000000000073c8     0x2734 ./Drivers/STM32F1xx_HAL_Driver/Src/stm32f1xx_hal_i2c.o
 .debug_info    0x0000000000009afc      0x860 ./Drivers/STM32F1xx_HAL_Driver/Src/stm32f1xx_hal_rcc.o
 .debug_info    0x000000000000a35c      0x3e0 ./Drivers/STM32F1xx_HAL_Driver/Src/stm32f1xx_hal_rcc_ex.o
 .debug_info    0x000000000000a73c     0x29de ./Drivers/STM32F1xx_HAL_Driver/Src/stm32f1xx_hal_tim.o
 .debug_info    0x000000000000d11a     0x1513 ./Drivers/STM32F1xx_HAL_Driver/Src/stm32f1xx_hal_tim_ex.o
 .debug_info    0x000000000000e62d     0x15d8 ./Drivers/STM32F1xx_HAL_Driver/Src/stm32f1xx_hal_uart.o

.debug_abbrev   0x0000000000000000     0x235a
 .debug_abbrev  0x0000000000000000      0x264 ./Core/Src/ina219.o
 .debug_abbrev  0x0000000000000264      0x348 ./Core/Src/main.o
 .debug_abbrev  0x00000000000005ac      0x240 ./Core/Src/stm32f1xx_hal_msp.o
 .debug_abbrev  0x00000000000007ec      0x184 ./Core/Src/stm32f1xx_it.o
 .debug_abbrev  0x0000000000000970      0x13b ./Core/Src/system_stm32f1xx.o
 .debug_abbrev  0x0000000000000aab       0x12 ./Core/Startup/startup_stm32f103c8tx.o
 .debug_abbrev  0x0000000000000abd      0x1fb ./Drivers/STM32F1xx_HAL_Driver/Src/stm32f1xx_hal.o
 .debug_abbrev  0x0000000000000cb8      0x210 ./Drivers/STM32F1xx_HAL_Driver/Src/stm32f1xx_hal_adc.o
 .debug_abbrev  0x0000000000000ec8      0x2ed ./Drivers/STM32F1xx_HAL_Driver/Src/stm32f1xx_hal_cortex.o
 .debug_abbrev  0x00000000000011b5      0x1fe ./Drivers/STM32F1xx_HAL_Driver/Src/stm32f1xx_hal_dma.o
 .debug_abbrev  0x00000000000013b3      0x1bb ./Drivers/STM32F1xx_HAL_Driver/Src/stm32f1xx_hal_gpio.o
 .debug_abbrev  0x000000000000156e      0x288 ./Drivers/STM32F1xx_HAL_Driver/Src/stm32f1xx_hal_i2c.o
 .debug_abbrev  0x00000000000017f6      0x2a8 ./Drivers/STM32F1xx_HAL_Driver/Src/stm32f1xx_hal_rcc.o
 .debug_abbrev  0x0000000000001a9e      0x182 ./Drivers/STM32F1xx_HAL_Driver/Src/stm32f1xx_hal_rcc_ex.o
 .debug_abbrev  0x0000000000001c20      0x25d ./Drivers/STM32F1xx_HAL_Driver/Src/stm32f1xx_hal_tim.o
 .debug_abbrev  0x0000000000001e7d      0x265 ./Drivers/STM32F1xx_HAL_Driver/Src/stm32f1xx_hal_tim_ex.o
 .debug_abbrev  0x00000000000020e2      0x278 ./Drivers/STM32F1xx_HAL_Driver/Src/stm32f1xx_hal_uart.o

.debug_aranges  0x0000000000000000     0x10c8
 .debug_aranges
                0x0000000000000000       0xa0 ./Core/Src/ina219.o
 .debug_aranges
                0x00000000000000a0       0xb0 ./Core/Src/main.o
 .debug_aranges
                0x0000000000000150       0x68 ./Core/Src/stm32f1xx_hal_msp.o
 .debug_aranges
                0x00000000000001b8       0x80 ./Core/Src/stm32f1xx_it.o
 .debug_aranges
                0x0000000000000238       0x28 ./Core/Src/system_stm32f1xx.o
 .debug_aranges
                0x0000000000000260       0x28 ./Core/Startup/startup_stm32f103c8tx.o
 .debug_aranges
                0x0000000000000288       0xe0 ./Drivers/STM32F1xx_HAL_Driver/Src/stm32f1xx_hal.o
 .debug_aranges
                0x0000000000000368       0xf0 ./Drivers/STM32F1xx_HAL_Driver/Src/stm32f1xx_hal_adc.o
 .debug_aranges
                0x0000000000000458      0x100 ./Drivers/STM32F1xx_HAL_Driver/Src/stm32f1xx_hal_cortex.o
 .debug_aranges
                0x0000000000000558       0x80 ./Drivers/STM32F1xx_HAL_Driver/Src/stm32f1xx_hal_dma.o
 .debug_aranges
                0x00000000000005d8       0x58 ./Drivers/STM32F1xx_HAL_Driver/Src/stm32f1xx_hal_gpio.o
 .debug_aranges
                0x0000000000000630      0x2a0 ./Drivers/STM32F1xx_HAL_Driver/Src/stm32f1xx_hal_i2c.o
 .debug_aranges
                0x00000000000008d0       0x90 ./Drivers/STM32F1xx_HAL_Driver/Src/stm32f1xx_hal_rcc.o
 .debug_aranges
                0x0000000000000960       0x30 ./Drivers/STM32F1xx_HAL_Driver/Src/stm32f1xx_hal_rcc_ex.o
 .debug_aranges
                0x0000000000000990      0x3d0 ./Drivers/STM32F1xx_HAL_Driver/Src/stm32f1xx_hal_tim.o
 .debug_aranges
                0x0000000000000d60      0x168 ./Drivers/STM32F1xx_HAL_Driver/Src/stm32f1xx_hal_tim_ex.o
 .debug_aranges
                0x0000000000000ec8      0x200 ./Drivers/STM32F1xx_HAL_Driver/Src/stm32f1xx_hal_uart.o

.debug_ranges   0x0000000000000000     0x1018
 .debug_ranges  0x0000000000000000       0x90 ./Core/Src/ina219.o
 .debug_ranges  0x0000000000000090       0xa0 ./Core/Src/main.o
 .debug_ranges  0x0000000000000130       0x58 ./Core/Src/stm32f1xx_hal_msp.o
 .debug_ranges  0x0000000000000188       0x70 ./Core/Src/stm32f1xx_it.o
 .debug_ranges  0x00000000000001f8       0x18 ./Core/Src/system_stm32f1xx.o
 .debug_ranges  0x0000000000000210       0x20 ./Core/Startup/startup_stm32f103c8tx.o
 .debug_ranges  0x0000000000000230       0xd0 ./Drivers/STM32F1xx_HAL_Driver/Src/stm32f1xx_hal.o
 .debug_ranges  0x0000000000000300       0xe0 ./Drivers/STM32F1xx_HAL_Driver/Src/stm32f1xx_hal_adc.o
 .debug_ranges  0x00000000000003e0       0xf0 ./Drivers/STM32F1xx_HAL_Driver/Src/stm32f1xx_hal_cortex.o
 .debug_ranges  0x00000000000004d0       0x70 ./Drivers/STM32F1xx_HAL_Driver/Src/stm32f1xx_hal_dma.o
 .debug_ranges  0x0000000000000540       0x48 ./Drivers/STM32F1xx_HAL_Driver/Src/stm32f1xx_hal_gpio.o
 .debug_ranges  0x0000000000000588      0x2b8 ./Drivers/STM32F1xx_HAL_Driver/Src/stm32f1xx_hal_i2c.o
 .debug_ranges  0x0000000000000840       0x80 ./Drivers/STM32F1xx_HAL_Driver/Src/stm32f1xx_hal_rcc.o
 .debug_ranges  0x00000000000008c0       0x20 ./Drivers/STM32F1xx_HAL_Driver/Src/stm32f1xx_hal_rcc_ex.o
 .debug_ranges  0x00000000000008e0      0x3c0 ./Drivers/STM32F1xx_HAL_Driver/Src/stm32f1xx_hal_tim.o
 .debug_ranges  0x0000000000000ca0      0x158 ./Drivers/STM32F1xx_HAL_Driver/Src/stm32f1xx_hal_tim_ex.o
 .debug_ranges  0x0000000000000df8      0x220 ./Drivers/STM32F1xx_HAL_Driver/Src/stm32f1xx_hal_uart.o

.debug_macro    0x0000000000000000    0x18d2f
 .debug_macro   0x0000000000000000      0x29e ./Core/Src/ina219.o
 .debug_macro   0x000000000000029e      0xa6c ./Core/Src/ina219.o
 .debug_macro   0x0000000000000d0a       0x22 ./Core/Src/ina219.o
 .debug_macro   0x0000000000000d2c       0x8e ./Core/Src/ina219.o
 .debug_macro   0x0000000000000dba       0x51 ./Core/Src/ina219.o
 .debug_macro   0x0000000000000e0b      0x103 ./Core/Src/ina219.o
 .debug_macro   0x0000000000000f0e       0x6a ./Core/Src/ina219.o
 .debug_macro   0x0000000000000f78      0x1df ./Core/Src/ina219.o
 .debug_macro   0x0000000000001157       0x52 ./Core/Src/ina219.o
 .debug_macro   0x00000000000011a9       0x18 ./Core/Src/ina219.o
 .debug_macro   0x00000000000011c1       0x3c ./Core/Src/ina219.o
 .debug_macro   0x00000000000011fd       0x34 ./Core/Src/ina219.o
 .debug_macro   0x0000000000001231      0x174 ./Core/Src/ina219.o
 .debug_macro   0x00000000000013a5       0x16 ./Core/Src/ina219.o
 .debug_macro   0x00000000000013bb       0x43 ./Core/Src/ina219.o
 .debug_macro   0x00000000000013fe       0x34 ./Core/Src/ina219.o
 .debug_macro   0x0000000000001432       0x10 ./Core/Src/ina219.o
 .debug_macro   0x0000000000001442       0x58 ./Core/Src/ina219.o
 .debug_macro   0x000000000000149a       0x71 ./Core/Src/ina219.o
 .debug_macro   0x000000000000150b       0x1c ./Core/Src/ina219.o
 .debug_macro   0x0000000000001527      0x12a ./Core/Src/ina219.o
 .debug_macro   0x0000000000001651      0x341 ./Core/Src/ina219.o
 .debug_macro   0x0000000000001992       0x10 ./Core/Src/ina219.o
 .debug_macro   0x00000000000019a2       0x35 ./Core/Src/ina219.o
 .debug_macro   0x00000000000019d7       0x20 ./Core/Src/ina219.o
 .debug_macro   0x00000000000019f7       0x63 ./Core/Src/ina219.o
 .debug_macro   0x0000000000001a5a      0x22d ./Core/Src/ina219.o
 .debug_macro   0x0000000000001c87       0x2e ./Core/Src/ina219.o
 .debug_macro   0x0000000000001cb5       0x22 ./Core/Src/ina219.o
 .debug_macro   0x0000000000001cd7       0x1c ./Core/Src/ina219.o
 .debug_macro   0x0000000000001cf3       0x22 ./Core/Src/ina219.o
 .debug_macro   0x0000000000001d15       0xbd ./Core/Src/ina219.o
 .debug_macro   0x0000000000001dd2      0xd23 ./Core/Src/ina219.o
 .debug_macro   0x0000000000002af5     0xe09e ./Core/Src/ina219.o
 .debug_macro   0x0000000000010b93       0x6d ./Core/Src/ina219.o
 .debug_macro   0x0000000000010c00     0x3468 ./Core/Src/ina219.o
 .debug_macro   0x0000000000014068       0x56 ./Core/Src/ina219.o
 .debug_macro   0x00000000000140be      0x5be ./Core/Src/ina219.o
 .debug_macro   0x000000000001467c      0x289 ./Core/Src/ina219.o
 .debug_macro   0x0000000000014905      0x1cb ./Core/Src/ina219.o
 .debug_macro   0x0000000000014ad0      0x114 ./Core/Src/ina219.o
 .debug_macro   0x0000000000014be4      0x1b2 ./Core/Src/ina219.o
 .debug_macro   0x0000000000014d96       0x27 ./Core/Src/ina219.o
 .debug_macro   0x0000000000014dbd      0x136 ./Core/Src/ina219.o
 .debug_macro   0x0000000000014ef3      0x1bc ./Core/Src/ina219.o
 .debug_macro   0x00000000000150af       0x34 ./Core/Src/ina219.o
 .debug_macro   0x00000000000150e3       0x3c ./Core/Src/ina219.o
 .debug_macro   0x000000000001511f       0x57 ./Core/Src/ina219.o
 .debug_macro   0x0000000000015176      0x46a ./Core/Src/ina219.o
 .debug_macro   0x00000000000155e0      0x1b5 ./Core/Src/ina219.o
 .debug_macro   0x0000000000015795       0x88 ./Core/Src/ina219.o
 .debug_macro   0x000000000001581d      0x241 ./Core/Src/ina219.o
 .debug_macro   0x0000000000015a5e      0x287 ./Core/Src/ina219.o
 .debug_macro   0x0000000000015ce5      0x141 ./Core/Src/ina219.o
 .debug_macro   0x0000000000015e26      0x8d1 ./Core/Src/ina219.o
 .debug_macro   0x00000000000166f7      0x279 ./Core/Src/ina219.o
 .debug_macro   0x0000000000016970       0x83 ./Core/Src/ina219.o
 .debug_macro   0x00000000000169f3      0x35e ./Core/Src/main.o
 .debug_macro   0x0000000000016d51       0x5c ./Core/Src/main.o
 .debug_macro   0x0000000000016dad       0x83 ./Core/Src/main.o
 .debug_macro   0x0000000000016e30       0x16 ./Core/Src/main.o
 .debug_macro   0x0000000000016e46       0x10 ./Core/Src/main.o
 .debug_macro   0x0000000000016e56       0x10 ./Core/Src/main.o
 .debug_macro   0x0000000000016e66       0x1c ./Core/Src/main.o
 .debug_macro   0x0000000000016e82       0x52 ./Core/Src/main.o
 .debug_macro   0x0000000000016ed4       0x22 ./Core/Src/main.o
 .debug_macro   0x0000000000016ef6       0x10 ./Core/Src/main.o
 .debug_macro   0x0000000000016f06       0x52 ./Core/Src/main.o
 .debug_macro   0x0000000000016f58       0xd5 ./Core/Src/main.o
 .debug_macro   0x000000000001702d       0x1c ./Core/Src/main.o
 .debug_macro   0x0000000000017049       0x3d ./Core/Src/main.o
 .debug_macro   0x0000000000017086       0x16 ./Core/Src/main.o
 .debug_macro   0x000000000001709c      0x145 ./Core/Src/main.o
 .debug_macro   0x00000000000171e1      0x19b ./Core/Src/main.o
 .debug_macro   0x000000000001737c      0x1cb ./Core/Src/stm32f1xx_hal_msp.o
 .debug_macro   0x0000000000017547      0x1d5 ./Core/Src/stm32f1xx_it.o
 .debug_macro   0x000000000001771c      0x1c1 ./Core/Src/system_stm32f1xx.o
 .debug_macro   0x00000000000178dd      0x1e5 ./Drivers/STM32F1xx_HAL_Driver/Src/stm32f1xx_hal.o
 .debug_macro   0x0000000000017ac2      0x1de ./Drivers/STM32F1xx_HAL_Driver/Src/stm32f1xx_hal_adc.o
 .debug_macro   0x0000000000017ca0      0x1c1 ./Drivers/STM32F1xx_HAL_Driver/Src/stm32f1xx_hal_cortex.o
 .debug_macro   0x0000000000017e61      0x1c1 ./Drivers/STM32F1xx_HAL_Driver/Src/stm32f1xx_hal_dma.o
 .debug_macro   0x0000000000018022      0x22c ./Drivers/STM32F1xx_HAL_Driver/Src/stm32f1xx_hal_gpio.o
 .debug_macro   0x000000000001824e      0x208 ./Drivers/STM32F1xx_HAL_Driver/Src/stm32f1xx_hal_i2c.o
 .debug_macro   0x0000000000018456      0x1d3 ./Drivers/STM32F1xx_HAL_Driver/Src/stm32f1xx_hal_rcc.o
 .debug_macro   0x0000000000018629      0x1c1 ./Drivers/STM32F1xx_HAL_Driver/Src/stm32f1xx_hal_rcc_ex.o
 .debug_macro   0x00000000000187ea      0x1c2 ./Drivers/STM32F1xx_HAL_Driver/Src/stm32f1xx_hal_tim.o
 .debug_macro   0x00000000000189ac      0x1c1 ./Drivers/STM32F1xx_HAL_Driver/Src/stm32f1xx_hal_tim_ex.o
 .debug_macro   0x0000000000018b6d      0x1c2 ./Drivers/STM32F1xx_HAL_Driver/Src/stm32f1xx_hal_uart.o

.debug_line     0x0000000000000000    0x122b1
 .debug_line    0x0000000000000000      0xa7e ./Core/Src/ina219.o
 .debug_line    0x0000000000000a7e      0xd71 ./Core/Src/main.o
 .debug_line    0x00000000000017ef      0x851 ./Core/Src/stm32f1xx_hal_msp.o
 .debug_line    0x0000000000002040      0x7e0 ./Core/Src/stm32f1xx_it.o
 .debug_line    0x0000000000002820      0x73c ./Core/Src/system_stm32f1xx.o
 .debug_line    0x0000000000002f5c       0x87 ./Core/Startup/startup_stm32f103c8tx.o
 .debug_line    0x0000000000002fe3      0x969 ./Drivers/STM32F1xx_HAL_Driver/Src/stm32f1xx_hal.o
 .debug_line    0x000000000000394c      0xfe0 ./Drivers/STM32F1xx_HAL_Driver/Src/stm32f1xx_hal_adc.o
 .debug_line    0x000000000000492c      0xb51 ./Drivers/STM32F1xx_HAL_Driver/Src/stm32f1xx_hal_cortex.o
 .debug_line    0x000000000000547d      0xdc1 ./Drivers/STM32F1xx_HAL_Driver/Src/stm32f1xx_hal_dma.o
 .debug_line    0x000000000000623e      0xa00 ./Drivers/STM32F1xx_HAL_Driver/Src/stm32f1xx_hal_gpio.o
 .debug_line    0x0000000000006c3e     0x3a53 ./Drivers/STM32F1xx_HAL_Driver/Src/stm32f1xx_hal_i2c.o
 .debug_line    0x000000000000a691      0xd77 ./Drivers/STM32F1xx_HAL_Driver/Src/stm32f1xx_hal_rcc.o
 .debug_line    0x000000000000b408      0x8b5 ./Drivers/STM32F1xx_HAL_Driver/Src/stm32f1xx_hal_rcc_ex.o
 .debug_line    0x000000000000bcbd     0x331f ./Drivers/STM32F1xx_HAL_Driver/Src/stm32f1xx_hal_tim.o
 .debug_line    0x000000000000efdc     0x1891 ./Drivers/STM32F1xx_HAL_Driver/Src/stm32f1xx_hal_tim_ex.o
 .debug_line    0x000000000001086d     0x1a44 ./Drivers/STM32F1xx_HAL_Driver/Src/stm32f1xx_hal_uart.o

.debug_str      0x0000000000000000    0x92a1a
 .debug_str     0x0000000000000000    0x8cbb8 ./Core/Src/ina219.o
                                      0x8cfb1 (size before relaxing)
 .debug_str     0x000000000008cbb8     0x2846 ./Core/Src/main.o
                                      0x8f310 (size before relaxing)
 .debug_str     0x000000000008f3fe      0x193 ./Core/Src/stm32f1xx_hal_msp.o
                                      0x8a49d (size before relaxing)
 .debug_str     0x000000000008f591      0x13e ./Core/Src/stm32f1xx_it.o
                                      0x89d1f (size before relaxing)
 .debug_str     0x000000000008f6cf       0x7e ./Core/Src/system_stm32f1xx.o
                                      0x895c7 (size before relaxing)
 .debug_str     0x000000000008f74d       0x36 ./Core/Startup/startup_stm32f103c8tx.o
                                         0x74 (size before relaxing)
 .debug_str     0x000000000008f783      0x384 ./Drivers/STM32F1xx_HAL_Driver/Src/stm32f1xx_hal.o
                                      0x89cfa (size before relaxing)
 .debug_str     0x000000000008fb07      0x372 ./Drivers/STM32F1xx_HAL_Driver/Src/stm32f1xx_hal_adc.o
                                      0x89ca4 (size before relaxing)
 .debug_str     0x000000000008fe79      0x294 ./Drivers/STM32F1xx_HAL_Driver/Src/stm32f1xx_hal_cortex.o
                                      0x89c46 (size before relaxing)
 .debug_str     0x000000000009010d      0x1e2 ./Drivers/STM32F1xx_HAL_Driver/Src/stm32f1xx_hal_dma.o
                                      0x89970 (size before relaxing)
 .debug_str     0x00000000000902ef      0x31d ./Drivers/STM32F1xx_HAL_Driver/Src/stm32f1xx_hal_gpio.o
                                      0x8994d (size before relaxing)
 .debug_str     0x000000000009060c      0xafd ./Drivers/STM32F1xx_HAL_Driver/Src/stm32f1xx_hal_i2c.o
                                      0x8a63b (size before relaxing)
 .debug_str     0x0000000000091109      0x209 ./Drivers/STM32F1xx_HAL_Driver/Src/stm32f1xx_hal_rcc.o
                                      0x899f6 (size before relaxing)
 .debug_str     0x0000000000091312       0x84 ./Drivers/STM32F1xx_HAL_Driver/Src/stm32f1xx_hal_rcc_ex.o
                                      0x89746 (size before relaxing)
 .debug_str     0x0000000000091396      0xcfd ./Drivers/STM32F1xx_HAL_Driver/Src/stm32f1xx_hal_tim.o
                                      0x8a9e1 (size before relaxing)
 .debug_str     0x0000000000092093      0x3e1 ./Drivers/STM32F1xx_HAL_Driver/Src/stm32f1xx_hal_tim_ex.o
                                      0x8a1fd (size before relaxing)
 .debug_str     0x0000000000092474      0x5a6 ./Drivers/STM32F1xx_HAL_Driver/Src/stm32f1xx_hal_uart.o
                                      0x8a001 (size before relaxing)

.comment        0x0000000000000000       0x50
 .comment       0x0000000000000000       0x50 ./Core/Src/ina219.o
                                         0x51 (size before relaxing)
 .comment       0x0000000000000050       0x51 ./Core/Src/main.o
 .comment       0x0000000000000050       0x51 ./Core/Src/stm32f1xx_hal_msp.o
 .comment       0x0000000000000050       0x51 ./Core/Src/stm32f1xx_it.o
 .comment       0x0000000000000050       0x51 ./Core/Src/system_stm32f1xx.o
 .comment       0x0000000000000050       0x51 ./Drivers/STM32F1xx_HAL_Driver/Src/stm32f1xx_hal.o
 .comment       0x0000000000000050       0x51 ./Drivers/STM32F1xx_HAL_Driver/Src/stm32f1xx_hal_adc.o
 .comment       0x0000000000000050       0x51 ./Drivers/STM32F1xx_HAL_Driver/Src/stm32f1xx_hal_cortex.o
 .comment       0x0000000000000050       0x51 ./Drivers/STM32F1xx_HAL_Driver/Src/stm32f1xx_hal_dma.o
 .comment       0x0000000000000050       0x51 ./Drivers/STM32F1xx_HAL_Driver/Src/stm32f1xx_hal_gpio.o
 .comment       0x0000000000000050       0x51 ./Drivers/STM32F1xx_HAL_Driver/Src/stm32f1xx_hal_i2c.o
 .comment       0x0000000000000050       0x51 ./Drivers/STM32F1xx_HAL_Driver/Src/stm32f1xx_hal_rcc.o
 .comment       0x0000000000000050       0x51 ./Drivers/STM32F1xx_HAL_Driver/Src/stm32f1xx_hal_rcc_ex.o
 .comment       0x0000000000000050       0x51 ./Drivers/STM32F1xx_HAL_Driver/Src/stm32f1xx_hal_tim.o
 .comment       0x0000000000000050       0x51 ./Drivers/STM32F1xx_HAL_Driver/Src/stm32f1xx_hal_tim_ex.o
 .comment       0x0000000000000050       0x51 ./Drivers/STM32F1xx_HAL_Driver/Src/stm32f1xx_hal_uart.o

.debug_frame    0x0000000000000000     0x4a68
 .debug_frame   0x0000000000000000      0x270 ./Core/Src/ina219.o
 .debug_frame   0x0000000000000270      0x278 ./Core/Src/main.o
 .debug_frame   0x00000000000004e8      0x17c ./Core/Src/stm32f1xx_hal_msp.o
 .debug_frame   0x0000000000000664      0x174 ./Core/Src/stm32f1xx_it.o
 .debug_frame   0x00000000000007d8       0x58 ./Core/Src/system_stm32f1xx.o
 .debug_frame   0x0000000000000830      0x334 ./Drivers/STM32F1xx_HAL_Driver/Src/stm32f1xx_hal.o
 .debug_frame   0x0000000000000b64      0x40c ./Drivers/STM32F1xx_HAL_Driver/Src/stm32f1xx_hal_adc.o
 .debug_frame   0x0000000000000f70      0x428 ./Drivers/STM32F1xx_HAL_Driver/Src/stm32f1xx_hal_cortex.o
 .debug_frame   0x0000000000001398      0x208 ./Drivers/STM32F1xx_HAL_Driver/Src/stm32f1xx_hal_dma.o
 .debug_frame   0x00000000000015a0      0x14c ./Drivers/STM32F1xx_HAL_Driver/Src/stm32f1xx_hal_gpio.o
 .debug_frame   0x00000000000016ec      0xc5c ./Drivers/STM32F1xx_HAL_Driver/Src/stm32f1xx_hal_i2c.o
 .debug_frame   0x0000000000002348      0x21c ./Drivers/STM32F1xx_HAL_Driver/Src/stm32f1xx_hal_rcc.o
 .debug_frame   0x0000000000002564       0x84 ./Drivers/STM32F1xx_HAL_Driver/Src/stm32f1xx_hal_rcc_ex.o
 .debug_frame   0x00000000000025e8     0x11b8 ./Drivers/STM32F1xx_HAL_Driver/Src/stm32f1xx_hal_tim.o
 .debug_frame   0x00000000000037a0      0x638 ./Drivers/STM32F1xx_HAL_Driver/Src/stm32f1xx_hal_tim_ex.o
 .debug_frame   0x0000000000003dd8      0x914 ./Drivers/STM32F1xx_HAL_Driver/Src/stm32f1xx_hal_uart.o
 .debug_frame   0x00000000000046ec       0x2c c:/st/stm32cubeide_1.6.0/stm32cubeide/plugins/com.st.stm32cube.ide.mcu.externaltools.gnu-tools-for-stm32.10.3-2021.10.win32_1.0.200.202301161003/tools/bin/../lib/gcc/arm-none-eabi/10.3.1/../../../../arm-none-eabi/lib/thumb/v7-m/nofp\libc_nano.a(lib_a-init.o)
 .debug_frame   0x0000000000004718       0x20 c:/st/stm32cubeide_1.6.0/stm32cubeide/plugins/com.st.stm32cube.ide.mcu.externaltools.gnu-tools-for-stm32.10.3-2021.10.win32_1.0.200.202301161003/tools/bin/../lib/gcc/arm-none-eabi/10.3.1/../../../../arm-none-eabi/lib/thumb/v7-m/nofp\libc_nano.a(lib_a-memset.o)
 .debug_frame   0x0000000000004738       0xac c:/st/stm32cubeide_1.6.0/stm32cubeide/plugins/com.st.stm32cube.ide.mcu.externaltools.gnu-tools-for-stm32.10.3-2021.10.win32_1.0.200.202301161003/tools/bin/../lib/gcc/arm-none-eabi/10.3.1/thumb/v7-m/nofp\libgcc.a(_arm_addsubdf3.o)
 .debug_frame   0x00000000000047e4       0x50 c:/st/stm32cubeide_1.6.0/stm32cubeide/plugins/com.st.stm32cube.ide.mcu.externaltools.gnu-tools-for-stm32.10.3-2021.10.win32_1.0.200.202301161003/tools/bin/../lib/gcc/arm-none-eabi/10.3.1/thumb/v7-m/nofp\libgcc.a(_arm_muldivdf3.o)
 .debug_frame   0x0000000000004834       0xc4 c:/st/stm32cubeide_1.6.0/stm32cubeide/plugins/com.st.stm32cube.ide.mcu.externaltools.gnu-tools-for-stm32.10.3-2021.10.win32_1.0.200.202301161003/tools/bin/../lib/gcc/arm-none-eabi/10.3.1/thumb/v7-m/nofp\libgcc.a(_arm_cmpdf2.o)
 .debug_frame   0x00000000000048f8       0x24 c:/st/stm32cubeide_1.6.0/stm32cubeide/plugins/com.st.stm32cube.ide.mcu.externaltools.gnu-tools-for-stm32.10.3-2021.10.win32_1.0.200.202301161003/tools/bin/../lib/gcc/arm-none-eabi/10.3.1/thumb/v7-m/nofp\libgcc.a(_arm_truncdfsf2.o)
 .debug_frame   0x000000000000491c       0x4c c:/st/stm32cubeide_1.6.0/stm32cubeide/plugins/com.st.stm32cube.ide.mcu.externaltools.gnu-tools-for-stm32.10.3-2021.10.win32_1.0.200.202301161003/tools/bin/../lib/gcc/arm-none-eabi/10.3.1/thumb/v7-m/nofp\libgcc.a(_arm_addsubsf3.o)
 .debug_frame   0x0000000000004968       0x38 c:/st/stm32cubeide_1.6.0/stm32cubeide/plugins/com.st.stm32cube.ide.mcu.externaltools.gnu-tools-for-stm32.10.3-2021.10.win32_1.0.200.202301161003/tools/bin/../lib/gcc/arm-none-eabi/10.3.1/thumb/v7-m/nofp\libgcc.a(_arm_muldivsf3.o)
 .debug_frame   0x00000000000049a0       0xc8 c:/st/stm32cubeide_1.6.0/stm32cubeide/plugins/com.st.stm32cube.ide.mcu.externaltools.gnu-tools-for-stm32.10.3-2021.10.win32_1.0.200.202301161003/tools/bin/../lib/gcc/arm-none-eabi/10.3.1/thumb/v7-m/nofp\libgcc.a(_arm_cmpsf2.o)
