../Core/Src/main.c:129:6:getData	8	static
../Core/Src/main.c:137:6:filterData	8	static
../Core/Src/main.c:160:6:formOutputPacket	8	static
../Core/Src/main.c:173:6:updateTimerPwmParameters	24	static
../Core/Src/main.c:180:6:updateDutyCycle	16	static
../Core/Src/main.c:184:6:dutyCycleLimits	4	static
../Core/Src/main.c:193:7:perturbObserveAlgorithm	8	static
../Core/Src/main.c:224:6:incrementalConductanceAlgorithm	16	static
../Core/Src/main.c:265:5:main	8	static
../Core/Src/main.c:331:6:SystemClock_Config	88	static
../Core/Src/main.c:378:13:MX_ADC1_Init	24	static
../Core/Src/main.c:425:13:MX_I2C2_Init	8	static
../Core/Src/main.c:459:13:MX_TIM1_Init	96	static
../Core/Src/main.c:534:13:MX_TIM4_Init	32	static
../Core/Src/main.c:579:13:MX_USART2_UART_Init	8	static
../Core/Src/main.c:610:13:MX_DMA_Init	16	static
../Core/Src/main.c:628:13:MX_GPIO_Init	24	static
../Core/Src/main.c:643:6:HAL_TIM_PeriodElapsedCallback	16	static
../Core/Src/main.c:660:6:Error_Handler	4	static,ignoring_inline_asm
