../Core/Src/main.c:122:6:getData	8	static
../Core/Src/main.c:128:6:filterData	8	static
../Core/Src/main.c:151:6:formOutputPacket	8	static
../Core/Src/main.c:164:6:updateTimerPwmParameters	24	static
../Core/Src/main.c:171:6:updateDutyCycle	16	static
../Core/Src/main.c:175:6:dutyCycleLimits	4	static
../Core/Src/main.c:184:7:perturbObserveAlgorithm	8	static
../Core/Src/main.c:215:6:incrementalConductanceAlgorithm	16	static
../Core/Src/main.c:255:5:main	8	static
../Core/Src/main.c:314:6:SystemClock_Config	72	static
../Core/Src/main.c:354:13:MX_I2C2_Init	8	static
../Core/Src/main.c:388:13:MX_TIM1_Init	96	static
../Core/Src/main.c:463:13:MX_TIM4_Init	32	static
../Core/Src/main.c:508:13:MX_USART2_UART_Init	8	static
../Core/Src/main.c:539:13:MX_DMA_Init	16	static
../Core/Src/main.c:557:13:MX_GPIO_Init	24	static
../Core/Src/main.c:572:6:HAL_TIM_PeriodElapsedCallback	16	static
../Core/Src/main.c:584:6:Error_Handler	4	static,ignoring_inline_asm
